Archive member included to satisfy reference by file (symbol)

/opt/devkitpro/devkitARM/lib/gcc/arm-none-eabi/15.2.0/thumb/libgcc.a(_aeabi_ldivmod.o)
                              bn_hw_text.o (__aeabi_ldivmod)
/opt/devkitpro/devkitARM/lib/gcc/arm-none-eabi/15.2.0/thumb/libgcc.a(_aeabi_uldivmod.o)
                              bn_hw_text.o (__aeabi_uldivmod)
/opt/devkitpro/devkitARM/lib/gcc/arm-none-eabi/15.2.0/thumb/libgcc.a(_sync_none.o)
                              (__sync_synchronize_none)
/opt/devkitpro/devkitARM/lib/gcc/arm-none-eabi/15.2.0/thumb/libgcc.a(_udivmoddi4.o)
                              /opt/devkitpro/devkitARM/lib/gcc/arm-none-eabi/15.2.0/thumb/libgcc.a(_aeabi_ldivmod.o) (__udivmoddi4)

Discarded input sections

 .text          0x00000000        0x0 /opt/devkitpro/devkitARM/lib/gcc/arm-none-eabi/15.2.0/../../../../arm-none-eabi/lib/thumb/gba_crt0.o
 .data          0x00000000        0x0 /opt/devkitpro/devkitARM/lib/gcc/arm-none-eabi/15.2.0/../../../../arm-none-eabi/lib/thumb/gba_crt0.o
 .bss           0x00000000        0x0 /opt/devkitpro/devkitARM/lib/gcc/arm-none-eabi/15.2.0/../../../../arm-none-eabi/lib/thumb/gba_crt0.o
 .text          0x00000000        0x0 /opt/devkitpro/devkitARM/lib/gcc/arm-none-eabi/15.2.0/thumb/crti.o
 .data          0x00000000        0x0 /opt/devkitpro/devkitARM/lib/gcc/arm-none-eabi/15.2.0/thumb/crti.o
 .bss           0x00000000        0x0 /opt/devkitpro/devkitARM/lib/gcc/arm-none-eabi/15.2.0/thumb/crti.o
 .text          0x00000000        0x0 /opt/devkitpro/devkitARM/lib/gcc/arm-none-eabi/15.2.0/thumb/crtbegin.o
 .data          0x00000000        0x0 /opt/devkitpro/devkitARM/lib/gcc/arm-none-eabi/15.2.0/thumb/crtbegin.o
 .bss           0x00000000        0x0 /opt/devkitpro/devkitARM/lib/gcc/arm-none-eabi/15.2.0/thumb/crtbegin.o
 .rodata.all_implied_fbits
                0x00000000       0x24 /opt/devkitpro/devkitARM/lib/gcc/arm-none-eabi/15.2.0/thumb/crtbegin.o
 .data.__dso_handle
                0x00000000        0x4 /opt/devkitpro/devkitARM/lib/gcc/arm-none-eabi/15.2.0/thumb/crtbegin.o
 .text          0x00000000        0x0 bn_audio_soundbank.bin.o
 .data          0x00000000        0x0 bn_audio_soundbank.bin.o
 .bss           0x00000000        0x0 bn_audio_soundbank.bin.o
 .text          0x00000000        0x0 bg_rain_bn_gfx.o
 .data          0x00000000        0x0 bg_rain_bn_gfx.o
 .bss           0x00000000        0x0 bg_rain_bn_gfx.o
 .rodata        0x00000000     0x7ce0 bg_rain_bn_gfx.o
 .text          0x00000000        0x0 bg_street_d_bn_gfx.o
 .data          0x00000000        0x0 bg_street_d_bn_gfx.o
 .bss           0x00000000        0x0 bg_street_d_bn_gfx.o
 .text          0x00000000        0x0 bg_street_dl_bn_gfx.o
 .data          0x00000000        0x0 bg_street_dl_bn_gfx.o
 .bss           0x00000000        0x0 bg_street_dl_bn_gfx.o
 .text          0x00000000        0x0 bg_street_dlr_bn_gfx.o
 .data          0x00000000        0x0 bg_street_dlr_bn_gfx.o
 .bss           0x00000000        0x0 bg_street_dlr_bn_gfx.o
 .text          0x00000000        0x0 bg_street_dr_bn_gfx.o
 .data          0x00000000        0x0 bg_street_dr_bn_gfx.o
 .bss           0x00000000        0x0 bg_street_dr_bn_gfx.o
 .text          0x00000000        0x0 bg_street_l_bn_gfx.o
 .data          0x00000000        0x0 bg_street_l_bn_gfx.o
 .bss           0x00000000        0x0 bg_street_l_bn_gfx.o
 .text          0x00000000        0x0 bg_street_lr_bn_gfx.o
 .data          0x00000000        0x0 bg_street_lr_bn_gfx.o
 .bss           0x00000000        0x0 bg_street_lr_bn_gfx.o
 .text          0x00000000        0x0 bg_street_r_bn_gfx.o
 .data          0x00000000        0x0 bg_street_r_bn_gfx.o
 .bss           0x00000000        0x0 bg_street_r_bn_gfx.o
 .text          0x00000000        0x0 bg_street_u_bn_gfx.o
 .data          0x00000000        0x0 bg_street_u_bn_gfx.o
 .bss           0x00000000        0x0 bg_street_u_bn_gfx.o
 .text          0x00000000        0x0 bg_street_ud_bn_gfx.o
 .data          0x00000000        0x0 bg_street_ud_bn_gfx.o
 .bss           0x00000000        0x0 bg_street_ud_bn_gfx.o
 .text          0x00000000        0x0 bg_street_udl_bn_gfx.o
 .data          0x00000000        0x0 bg_street_udl_bn_gfx.o
 .bss           0x00000000        0x0 bg_street_udl_bn_gfx.o
 .text          0x00000000        0x0 bg_street_udlr_bn_gfx.o
 .data          0x00000000        0x0 bg_street_udlr_bn_gfx.o
 .bss           0x00000000        0x0 bg_street_udlr_bn_gfx.o
 .text          0x00000000        0x0 bg_street_udr_bn_gfx.o
 .data          0x00000000        0x0 bg_street_udr_bn_gfx.o
 .bss           0x00000000        0x0 bg_street_udr_bn_gfx.o
 .text          0x00000000        0x0 bg_street_ul_bn_gfx.o
 .data          0x00000000        0x0 bg_street_ul_bn_gfx.o
 .bss           0x00000000        0x0 bg_street_ul_bn_gfx.o
 .text          0x00000000        0x0 bg_street_ulr_bn_gfx.o
 .data          0x00000000        0x0 bg_street_ulr_bn_gfx.o
[...]
Memory Configuration

Name             Origin             Length             Attributes
rom              0x08000000         0x02000000
iwram            0x03000000         0x00008000
ewram            0x02000000         0x00040000
*default*        0x00000000         0xffffffff

Linker script and memory map

                0x00000000                        __sync_synchronize = __sync_synchronize_none
                0x08000000                        __text_start = ORIGIN (rom)
                0x02040000                        __eheap_end = (ORIGIN (ewram) + LENGTH (ewram))
                0x03000000                        __iwram_start = ORIGIN (iwram)
                0x03008000                        __iwram_top = (ORIGIN (iwram) + LENGTH (iwram))
                0x03007fa0                        __sp_irq = (__iwram_top - 0x60)
                0x03007f00                        __sp_usr = (__sp_irq - 0xa0)
                0x03007ff8                        __irq_flags = 0x3007ff8
                0x08000000                        . = __text_start

.crt0           0x08000000      0x210
 *(.crt0)
 .crt0          0x08000000      0x210 /opt/devkitpro/devkitARM/lib/gcc/arm-none-eabi/15.2.0/../../../../arm-none-eabi/lib/thumb/gba_crt0.o
                0x08000000                _start
                0x080000c4                __boot_method
                0x080000c5                __slave_number
                0x080000e0                start_vector
                0x08000210                        . = ALIGN (0x4)

.init           0x08000210        0xc
 *(SORT_NONE(.init))
 .init          0x08000210        0x4 /opt/devkitpro/devkitARM/lib/gcc/arm-none-eabi/15.2.0/thumb/crti.o
                0x08000210                _init
 .init          0x08000214        0x8 /opt/devkitpro/devkitARM/lib/gcc/arm-none-eabi/15.2.0/thumb/crtn.o

.plt            0x0800021c        0x0
 *(.plt)
                0x0800021c                        . = ALIGN (0x4)

.text           0x08000220    0x18468
 *(EXCLUDE_FILE(*.iwram*) .text*)
 .text.__do_global_dtors_aux
                0x08000220       0x2c /opt/devkitpro/devkitARM/lib/gcc/arm-none-eabi/15.2.0/thumb/crtbegin.o
 .text.frame_dummy
                0x0800024c       0x24 /opt/devkitpro/devkitARM/lib/gcc/arm-none-eabi/15.2.0/thumb/crtbegin.o
 .text._ZN5EnemyC2E9EnemyTypeN2bn13fixed_point_tILi12EEE
                0x08000270       0xb0 enemy.o
                0x08000270                _ZN5EnemyC2E9EnemyTypeN2bn13fixed_point_tILi12EEE
                0x08000270                _ZN5EnemyC1E9EnemyTypeN2bn13fixed_point_tILi12EEE
 .text._ZN5Enemy8is_aliveEv
                0x08000320        0x4 enemy.o
                0x08000320                _ZN5Enemy8is_aliveEv
 .text._ZN5Enemy12get_velocityEv
                0x08000324       0x10 enemy.o
                0x08000324                _ZN5Enemy12get_velocityEv
 .text._ZN5Enemy10get_hitboxEv
                0x08000334       0x34 enemy.o
                0x08000334                _ZN5Enemy10get_hitboxEv
 .text._ZN5Enemy12move_towardsEN2bn13fixed_point_tILi12EEE
                0x08000368      0x144 enemy.o
                0x08000368                _ZN5Enemy12move_towardsEN2bn13fixed_point_tILi12EEE
 .text._ZN5Enemy12deaccelerateEv
                0x080004ac       0x6c enemy.o
                0x080004ac                _ZN5Enemy12deaccelerateEv
 .text._ZN3_bn6assert9show_argsIA22_cEEvPKcS4_S4_iRKT_
                0x08000518       0x48 enemy.o
                0x08000518                _ZN3_bn6assert9show_argsIA22_cEEvPKcS4_S4_iRKT_
 .text._ZN5Enemy6updateEiiiiN2bn13fixed_point_tILi12EEE
                0x08000560      0x1b0 enemy.o
                0x08000560                _ZN5Enemy6updateEiiiiN2bn13fixed_point_tILi12EEE
 .text._ZN4GameC2Ev
                0x08000710       0xc8 game.o
                0x08000710                _ZN4GameC1Ev
                0x08000710                _ZN4GameC2Ev
 .text._ZN3_bn6assert9show_argsIJA16_ciA4_ciEEEvPKcS5_S5_iDpRKT_
                0x080007d8       0x64 game.o
                0x080007d8                _ZN3_bn6assert9show_argsIJA16_ciA4_ciEEEvPKcS5_S5_iDpRKT_
 .text._ZN4Game12update_titleEv.part.0
                0x0800083c      0x254 game.o
 .text._ZN3_bn6assert9show_argsIA15_cEEvPKcS4_S4_iRKT_
                0x08000a90       0x48 game.o
                0x08000a90                _ZN3_bn6assert9show_argsIA15_cEEvPKcS4_S4_iRKT_
 .text._ZN3_bn6assert9show_argsIA16_cEEvPKcS4_S4_iRKT_
                0x08000ad8       0x48 game.o
                0x08000ad8                _ZN3_bn6assert9show_argsIA16_cEEvPKcS4_S4_iRKT_
 .text._ZN3_bn6assert9show_argsIA17_cEEvPKcS4_S4_iRKT_
                0x08000b20       0x48 game.o
                0x08000b20                _ZN3_bn6assert9show_argsIA17_cEEvPKcS4_S4_iRKT_
 .text._ZN4Game14update_playingEv
                0x08000b68      0x7f4 game.o
                0x08000b68                _ZN4Game14update_playingEv
 .text._ZN4Game6updateEv
                0x0800135c       0x5c game.o
                0x0800135c                _ZN4Game6updateEv
 .text._ZN3HudC2Eb
                0x080013b8       0x94 hud.o
                0x080013b8                _ZN3HudC2Eb
                0x080013b8                _ZN3HudC1Eb
 .text._ZN3Hud6updateEii
                0x0800144c      0x184 hud.o
                0x0800144c                _ZN3Hud6updateEii
 .text._ZN5LevelC2E9LevelTypeN2bn5arrayINS2_IiLi5EEELi5EEENS1_5pointE
                0x080015d0       0x48 level.o
                0x080015d0                _ZN5LevelC2E9LevelTypeN2bn5arrayINS2_IiLi5EEELi5EEENS1_5pointE
                0x080015d0                _ZN5LevelC1E9LevelTypeN2bn5arrayINS2_IiLi5EEELi5EEENS1_5pointE
 .text._ZN5Level21get_starting_room_posEv
                0x08001618       0x10 level.o
                0x08001618                _ZN5Level21get_starting_room_posEv
 .text._ZN3_bn6assert9show_argsIA16_ciEEvPKcS4_S4_iRKT_RKT0_
                0x08001628       0x54 level.o
                0x08001628                _ZN3_bn6assert9show_argsIA16_ciEEvPKcS4_S4_iRKT_RKT0_
 .text._ZN5Level21begin_room_transitionEi
                0x0800167c       0xec level.o
                0x0800167c                _ZN5Level21begin_room_transitionEi
 .text._ZN5Level9load_roomEN2bn5pointERNS0_6vectorI8ObstacleLi50EEE
                0x08001768       0xc4 level.o
                0x08001768                _ZN5Level9load_roomEN2bn5pointERNS0_6vectorI8ObstacleLi50EEE
 .text._ZN5Level18do_room_transitionERN2bn6vectorI8ObstacleLi50EEE
                0x0800182c      0x340 level.o
                0x0800182c                _ZN5Level18do_room_transitionERN2bn6vectorI8ObstacleLi50EEE
 .text._ZN5Level6updateERN2bn6vectorI8ObstacleLi50EEE
                0x08001b6c       0x18 level.o
                0x08001b6c                _ZN5Level6updateERN2bn6vectorI8ObstacleLi50EEE
 .text._ZN15Level_generatorC2EN2bn6randomE
                0x08001b84       0x1c level_generator.o
                0x08001b84                _ZN15Level_generatorC1EN2bn6randomE
                0x08001b84                _ZN15Level_generatorC2EN2bn6randomE
 .text._ZN15Level_generator21get_random_room_indexE9LevelType8RoomType
                0x08001ba0      0x1b4 level_generator.o
                0x08001ba0                _ZN15Level_generator21get_random_room_indexE9LevelType8RoomType
 .text._ZN15Level_generator14generate_levelE9LevelType
                0x08001d54       0xec level_generator.o
                0x08001d54                _ZN15Level_generator14generate_levelE9LevelType
 .text.startup.main
                0x08001e40       0x20 main.o
                0x08001e40                main
 .text._ZN8Obstacle33create_obstacle_sprite_and_configE12ObstacleTypeN2bn13fixed_point_tILi12EEE
                0x08001e60       0x60 obstacle.o
                0x08001e60                _ZN8Obstacle33create_obstacle_sprite_and_configE12ObstacleTypeN2bn13fixed_point_tILi12EEE
 .text._ZN8ObstacleC2E12ObstacleTypeN2bn13fixed_point_tILi12EEE
                0x08001ec0       0xd4 obstacle.o
                0x08001ec0                _ZN8ObstacleC2E12ObstacleTypeN2bn13fixed_point_tILi12EEE
                0x08001ec0                _ZN8ObstacleC1E12ObstacleTypeN2bn13fixed_point_tILi12EEE
 .text._ZN8Obstacle8get_typeEv
                0x08001f94        0x4 obstacle.o
                0x08001f94                _ZN8Obstacle8get_typeEv
 .text._ZN3_bn6assert9show_argsIA17_ciEEvPKcS4_S4_iRKT_RKT0_
                0x08001f98       0x54 obstacle.o
                0x08001f98                _ZN3_bn6assert9show_argsIA17_ciEEvPKcS4_S4_iRKT_RKT0_
 .text._ZN8Obstacle10get_hitboxEv
                0x08001fec       0x9c obstacle.o
                0x08001fec                _ZN8Obstacle10get_hitboxEv
 .text._ZN6PlayerC2E13CharacterNameii
                0x08002088       0x68 player.o
                0x08002088                _ZN6PlayerC2E13CharacterNameii
                0x08002088                _ZN6PlayerC1E13CharacterNameii
 .text._ZN6Player6get_hpEv
                0x080020f0        0x4 player.o
                0x080020f0                _ZN6Player6get_hpEv
 .text._ZN6Player10get_hp_maxEv
                0x080020f4        0x4 player.o
                0x080020f4                _ZN6Player10get_hp_maxEv
 .text._ZN6Player12get_positionEv
                0x080020f8       0x10 player.o
                0x080020f8                _ZN6Player12get_positionEv
 .text._ZN6Player12set_positionEN2bn13fixed_point_tILi12EEE
                0x08002108       0x20 player.o
                0x08002108                _ZN6Player12set_positionEN2bn13fixed_point_tILi12EEE
 .text._ZN6Player10get_hitboxEv
                0x08002128       0x28 player.o
                0x08002128                _ZN6Player10get_hitboxEv
 .text._ZN6Player17get_shot_velocityEv
                0x08002150       0x54 player.o
                0x08002150                _ZN6Player17get_shot_velocityEv
 .text._ZN6Player11take_damageEi
                0x080021a4       0x10 player.o
                0x080021a4                _ZN6Player11take_damageEi
 .text._ZN6Player6attackEv
                0x080021b4       0xcc player.o
                0x080021b4                _ZN6Player6attackEv
 .text._ZN6Player15apply_knockbackEN2bn13fixed_point_tILi12EEE
                0x08002280       0x80 player.o
                0x08002280                _ZN6Player15apply_knockbackEN2bn13fixed_point_tILi12EEE
 .text._ZN6Player15update_movementEiiiiRN2bn6vectorI8ObstacleLi50EEE
                0x08002300      0x744 player.o
                0x08002300                _ZN6Player15update_movementEiiiiRN2bn6vectorI8ObstacleLi50EEE
 .text._ZN6Player6updateEiiiiRN2bn6vectorI8ObstacleLi50EEE
                0x08002a44       0x40 player.o
                0x08002a44                _ZN6Player6updateEiiiiRN2bn6vectorI8ObstacleLi50EEE
 .text._ZN10ProjectileC2E14ProjectileType15ProjectileOwnerN2bn13fixed_point_tILi12EEES4_
                0x08002a84       0xec projectile.o
                0x08002a84                _ZN10ProjectileC2E14ProjectileType15ProjectileOwnerN2bn13fixed_point_tILi12EEES4_
                0x08002a84                _ZN10ProjectileC1E14ProjectileType15ProjectileOwnerN2bn13fixed_point_tILi12EEES4_
 .text._ZN10Projectile8is_aliveEv
                0x08002b70        0x8 projectile.o
                0x08002b70                _ZN10Projectile8is_aliveEv
 .text._ZN10Projectile15update_movementEv
                0x08002b78       0xf4 projectile.o
                0x08002b78                _ZN10Projectile15update_movementEv
 .text._ZN10Projectile6updateEv
                0x08002c6c       0x40 projectile.o
                0x08002c6c                _ZN10Projectile6updateEv
 .text._ZN4RoomC2Ei
                0x08002cac        0xc room.o
                0x08002cac                _ZN4RoomC1Ei
                0x08002cac                _ZN4RoomC2Ei
 .text._ZN4Room7draw_bgEN2bn13fixed_point_tILi12EEE
                0x08002cb8       0xb4 room.o
                0x08002cb8                _ZN4Room7draw_bgEN2bn13fixed_point_tILi12EEE
 .text._ZN4Room12put_bg_belowEv
                0x08002d6c       0x38 room.o
                0x08002d6c                _ZN4Room12put_bg_belowEv
 .text._ZN4Room15get_bg_positionEv
                0x08002da4       0x44 room.o
                0x08002da4                _ZN4Room15get_bg_positionEv
 .text._ZN4Room13clear_bordersERN2bn6vectorI8ObstacleLi50EEE
                0x08002de8      0x180 room.o
                0x08002de8                _ZN4Room13clear_bordersERN2bn6vectorI8ObstacleLi50EEE
 .text._ZN4Room15generate_borderERN2bn6vectorI8ObstacleLi50EEE
                0x08002f68      0x328 room.o
                0x08002f68                _ZN4Room15generate_borderERN2bn6vectorI8ObstacleLi50EEE
 .text._ZN2bn13ostringstream11append_argsIiJA4_ciEEEvRKT_DpRKT0_.isra.0
                0x08003290       0x24 bn_affine_bg_animate_actions.o
 .text._ZN3_bn6assert9show_argsIJA23_ciA4_ciEEEvPKcS5_S5_iDpRKT_
                0x080032b4       0x58 bn_affine_bg_animate_actions.o
                0x080032b4                _ZN3_bn6assert9show_argsIJA23_ciA4_ciEEEvPKcS5_S5_iDpRKT_
 .text._ZN3_bn6assert9show_argsIA23_ciEEvPKcS4_S4_iRKT_RKT0_
                0x0800330c       0x54 bn_affine_bg_animate_actions.o
                0x0800330c                _ZN3_bn6assert9show_argsIA23_ciEEvPKcS4_S4_iRKT_RKT0_
 .text._ZN3_bn6assert9show_argsIA24_ciEEvPKcS4_S4_iRKT_RKT0_
                0x08003360       0x54 bn_affine_bg_animate_actions.o
                0x08003360                _ZN3_bn6assert9show_argsIA24_ciEEvPKcS4_S4_iRKT_RKT0_
 .text._ZN3_bn6assert9show_argsIJA19_ciA4_ciEEEvPKcS5_S5_iDpRKT_
                0x080033b4       0x58 bn_affine_bg_animate_actions.o
                0x080033b4                _ZN3_bn6assert9show_argsIJA19_ciA4_ciEEEvPKcS5_S5_iDpRKT_
 .text._ZN2bn13audio_manager4initEv
                0x0800340c       0x60 bn_audio_manager.bn_noflto.o
                0x0800340c                _ZN2bn13audio_manager4initEv
 .text._ZN2bn13audio_manager7disableEv
                0x0800346c       0x10 bn_audio_manager.bn_noflto.o
                0x0800346c                _ZN2bn13audio_manager7disableEv
 .text._ZN2bn13audio_manager10sound_dataEt
                0x0800347c       0x6c bn_audio_manager.bn_noflto.o
                0x0800347c                _ZN2bn13audio_manager10sound_dataEt
 .text._ZN2bn13audio_manager6updateEv
                0x080034e8       0x18 bn_audio_manager.bn_noflto.o
                0x080034e8                _ZN2bn13audio_manager6updateEv
 .text._ZN2bn13audio_manager13vblank_commitEv
                0x08003500       0x2c bn_audio_manager.bn_noflto.o
                0x08003500                _ZN2bn13audio_manager13vblank_commitEv
 .text._ZN2bn13audio_manager14delayed_commitEv
                0x0800352c       0x34 bn_audio_manager.bn_noflto.o
                0x0800352c                _ZN2bn13audio_manager14delayed_commitEv
 .text._ZN2bn13audio_manager4stopEv
                0x08003560       0x78 bn_audio_manager.bn_noflto.o
                0x08003560                _ZN2bn13audio_manager4stopEv
 .text._ZN3_bn6assert9show_argsIA18_ciEEvPKcS4_S4_iRKT_RKT0_
                0x080035d8       0x54 bn_audio_manager.bn_noflto.o
                0x080035d8                _ZN3_bn6assert9show_argsIA18_ciEEvPKcS4_S4_iRKT_RKT0_
 .text._ZN3_bn6assert9show_argsIA14_ciEEvPKcS4_S4_iRKT_RKT0_
                0x0800362c       0x54 bn_audio_manager.bn_noflto.o
                0x0800362c                _ZN3_bn6assert9show_argsIA14_ciEEvPKcS4_S4_iRKT_RKT0_
 .text._ZN3_bn6assert9show_argsIA19_ciEEvPKcS4_S4_iRKT_RKT0_
                0x08003680       0x54 bn_audio_manager.bn_noflto.o
                0x08003680                _ZN3_bn6assert9show_argsIA19_ciEEvPKcS4_S4_iRKT_RKT0_
 .text._ZN3_bn6assert9show_argsIA26_ciEEvPKcS4_S4_iRKT_RKT0_
                0x080036d4       0x54 bn_audio_manager.bn_noflto.o
                0x080036d4                _ZN3_bn6assert9show_argsIA26_ciEEvPKcS4_S4_iRKT_RKT0_
 .text._ZN3_bn6assert9show_argsIA33_cEEvPKcS4_S4_iRKT_
                0x08003728       0x48 bn_audio_manager.bn_noflto.o
                0x08003728                _ZN3_bn6assert9show_argsIA33_cEEvPKcS4_S4_iRKT_
 .text._ZN3_bn6assert9show_argsIA25_cEEvPKcS4_S4_iRKT_
                0x08003770       0x48 bn_audio_manager.bn_noflto.o
                0x08003770                _ZN3_bn6assert9show_argsIA25_cEEvPKcS4_S4_iRKT_
 .text._ZN3_bn6assert9show_argsIA24_cEEvPKcS4_S4_iRKT_
                0x080037b8       0x48 bn_audio_manager.bn_noflto.o
                0x080037b8                _ZN3_bn6assert9show_argsIA24_cEEvPKcS4_S4_iRKT_
 .text._ZN2bn13audio_manager11pause_musicEv
                0x08003800       0x98 bn_audio_manager.bn_noflto.o
                0x08003800                _ZN2bn13audio_manager11pause_musicEv
 .text._ZN2bn5music5pauseEv
                0x08003898        0xc bn_audio_manager.bn_noflto.o
                0x08003898                _ZN2bn5music5pauseEv
 .text._ZN3_bn6assert9show_argsIA20_cEEvPKcS4_S4_iRKT_
                0x080038a4       0x48 bn_audio_manager.bn_noflto.o
                0x080038a4                _ZN3_bn6assert9show_argsIA20_cEEvPKcS4_S4_iRKT_
 .text._ZN2bn5music6resumeEv
                0x080038ec       0x78 bn_audio_manager.bn_noflto.o
                0x080038ec                _ZN2bn5music6resumeEv
 .text._ZN3_bn6assert9show_argsIA26_cEEvPKcS4_S4_iRKT_
                0x08003964       0x48 bn_audio_manager.bn_noflto.o
                0x08003964                _ZN3_bn6assert9show_argsIA26_cEEvPKcS4_S4_iRKT_
 .text._ZN3_bn6assert9show_argsIA21_cEEvPKcS4_S4_iRKT_
                0x080039ac       0x48 bn_audio_manager.bn_noflto.o
                0x080039ac                _ZN3_bn6assert9show_argsIA21_cEEvPKcS4_S4_iRKT_
 .text._ZN2bn13ostringstream6appendILi12EEEvNS_7fixed_tIXT_EEE
                0x080039f4       0xa0 bn_audio_manager.bn_noflto.o
                0x080039f4                _ZN2bn13ostringstream6appendILi12EEEvNS_7fixed_tIXT_EEE
 .text._ZN3_bn6assert9show_argsIA25_cN2bn7fixed_tILi12EEEEEvPKcS7_S7_iRKT_RKT0_
                0x08003a94       0x54 bn_audio_manager.bn_noflto.o
                0x08003a94                _ZN3_bn6assert9show_argsIA25_cN2bn7fixed_tILi12EEEEEvPKcS7_S7_iRKT_RKT0_
 .text._ZNK2bn10music_item4playENS_7fixed_tILi12EEE
                0x08003ae8       0xa8 bn_audio_manager.bn_noflto.o
                0x08003ae8                _ZNK2bn10music_item4playENS_7fixed_tILi12EEE
 .text._ZN3_bn6assert9show_argsIA27_cN2bn7fixed_tILi12EEEEEvPKcS7_S7_iRKT_RKT0_
                0x08003b90       0x54 bn_audio_manager.bn_noflto.o
                0x08003b90                _ZN3_bn6assert9show_argsIA27_cN2bn7fixed_tILi12EEEEEvPKcS7_S7_iRKT_RKT0_
 .text._ZN3_bn6assert9show_argsIA25_ciEEvPKcS4_S4_iRKT_RKT0_
                0x08003be4       0x54 bn_audio_manager.bn_noflto.o
                0x08003be4                _ZN3_bn6assert9show_argsIA25_ciEEvPKcS4_S4_iRKT_RKT0_
 .text._ZN2bn13audio_manager16execute_commandsEv
                0x08003c38      0x788 bn_audio_manager.bn_noflto.o
                0x08003c38                _ZN2bn13audio_manager16execute_commandsEv
 .text._ZN2bn18best_fit_allocator4freeEPv
                0x080043c0      0x110 bn_best_fit_allocator.o
                0x080043c0                _ZN2bn18best_fit_allocator4freeEPv
 .text._ZN3_bn6assert9show_argsIA23_cEEvPKcS4_S4_iRKT_
                0x080044d0       0x48 bn_best_fit_allocator.o
                0x080044d0                _ZN3_bn6assert9show_argsIA23_cEEvPKcS4_S4_iRKT_
 .text._ZN3_bn6assert9show_argsIA14_cEEvPKcS4_S4_iRKT_
                0x08004518       0x48 bn_best_fit_allocator.o
                0x08004518                _ZN3_bn6assert9show_argsIA14_cEEvPKcS4_S4_iRKT_
 .text._ZN2bn18best_fit_allocator5resetEPvi
                0x08004560       0xd4 bn_best_fit_allocator.o
                0x08004560                _ZN2bn18best_fit_allocator5resetEPvi
 .text._ZN2bn17bg_blocks_manager12_GLOBAL__N_1L17_hw_commit_offsetEPKtjtPt
                0x08004634       0x74 bn_bg_blocks_manager.o
 .text._ZN2bn13ostringstream11append_argsIiJA4_ctEEEvRKT_DpRKT0_.isra.0
                0x080046a8       0x24 bn_bg_blocks_manager.o
 .text._ZN2bn13ostringstream11append_argsIiJA4_ciEEEvRKT_DpRKT0_.isra.0
                0x080046cc       0x24 bn_bg_blocks_manager.o
 .text._ZN2bn17bg_blocks_manager15decrease_usagesEi.part.0
                0x080046f0      0x130 bn_bg_blocks_manager.o
 .text._ZN2bn17bg_blocks_manager12_GLOBAL__N_110items_list12insert_afterEiRKNS1_9item_typeE.constprop.0
                0x08004820      0x2b4 bn_bg_blocks_manager.o
 .text._ZN2bn18regular_bg_map_ptrD2Ev
                0x08004ad4       0x34 bn_bg_blocks_manager.o
                0x08004ad4                _ZN2bn18regular_bg_map_ptrD2Ev
                0x08004ad4                _ZN2bn18regular_bg_map_ptrD1Ev
 .text._ZNK2bn18regular_bg_map_ptr2idEv
                0x08004b08       0x18 bn_bg_blocks_manager.o
                0x08004b08                _ZNK2bn18regular_bg_map_ptr2idEv
 .text._ZNK2bn18regular_bg_map_ptr10dimensionsEv
                0x08004b20       0x20 bn_bg_blocks_manager.o
                0x08004b20                _ZNK2bn18regular_bg_map_ptr10dimensionsEv
 .text._ZNK2bn18regular_bg_map_ptr3bigEv
                0x08004b40       0x1c bn_bg_blocks_manager.o
                0x08004b40                _ZNK2bn18regular_bg_map_ptr3bigEv
 .text._ZNK2bn18regular_bg_map_ptr3bppEv
                0x08004b5c       0x1c bn_bg_blocks_manager.o
                0x08004b5c                _ZNK2bn18regular_bg_map_ptr3bppEv
 .text._ZNK2bn20regular_bg_tiles_ptr3cbbEv
                0x08004b78       0x18 bn_bg_blocks_manager.o
                0x08004b78                _ZNK2bn20regular_bg_tiles_ptr3cbbEv
 .text._ZN2bn17affine_bg_map_ptrD2Ev
                0x08004b90       0x34 bn_bg_blocks_manager.o
                0x08004b90                _ZN2bn17affine_bg_map_ptrD2Ev
                0x08004b90                _ZN2bn17affine_bg_map_ptrD1Ev
 .text._ZNK2bn17affine_bg_map_ptr2idEv
                0x08004bc4       0x18 bn_bg_blocks_manager.o
                0x08004bc4                _ZNK2bn17affine_bg_map_ptr2idEv
 .text._ZNK2bn17affine_bg_map_ptr10dimensionsEv
                0x08004bdc       0x20 bn_bg_blocks_manager.o
                0x08004bdc                _ZNK2bn17affine_bg_map_ptr10dimensionsEv
 .text._ZNK2bn19affine_bg_tiles_ptr3cbbEv
                0x08004bfc       0x18 bn_bg_blocks_manager.o
                0x08004bfc                _ZNK2bn19affine_bg_tiles_ptr3cbbEv
 .text._ZN2bn17bg_blocks_manager4initEv
                0x08004c14       0x94 bn_bg_blocks_manager.o
                0x08004c14                _ZN2bn17bg_blocks_manager4initEv
 .text._ZN2bn17bg_blocks_manager10log_statusEv
                0x08004ca8      0x44c bn_bg_blocks_manager.o
                0x08004ca8                _ZN2bn17bg_blocks_manager10log_statusEv
 .text._ZN2bn17bg_blocks_manager15decrease_usagesEi
                0x080050f4       0x28 bn_bg_blocks_manager.o
                0x080050f4                _ZN2bn17bg_blocks_manager15decrease_usagesEi
 .text._ZN2bn17bg_blocks_manager11must_commitEi
                0x0800511c       0x18 bn_bg_blocks_manager.o
                0x0800511c                _ZN2bn17bg_blocks_manager11must_commitEi
 .text._ZN2bn17bg_blocks_manager6updateEv
                0x08005134      0x254 bn_bg_blocks_manager.o
                0x08005134                _ZN2bn17bg_blocks_manager6updateEv
 .text._ZN3_bn6assert9show_argsIA15_ciEEvPKcS4_S4_iRKT_RKT0_
                0x08005388       0x54 bn_bg_blocks_manager.o
                0x08005388                _ZN3_bn6assert9show_argsIA15_ciEEvPKcS4_S4_iRKT_RKT0_
 .text._ZN3_bn6assert9show_argsIA52_ctEEvPKcS4_S4_iRKT_RKT0_
                0x080053dc       0x54 bn_bg_blocks_manager.o
                0x080053dc                _ZN3_bn6assert9show_argsIA52_ctEEvPKcS4_S4_iRKT_RKT0_
 .text._ZN3_bn6assert9show_argsIJA20_ciA4_ctEEEvPKcS5_S5_iDpRKT_
                0x08005430       0x58 bn_bg_blocks_manager.o
                0x08005430                _ZN3_bn6assert9show_argsIJA20_ciA4_ctEEEvPKcS5_S5_iDpRKT_
 .text._ZN3_bn6assert9show_argsIJA22_ciA4_ciEEEvPKcS5_S5_iDpRKT_
                0x08005488       0x58 bn_bg_blocks_manager.o
                0x08005488                _ZN3_bn6assert9show_argsIJA22_ciA4_ciEEEvPKcS5_S5_iDpRKT_
 .text._ZN3_bn6assert9show_argsIJA58_ciA4_ciEEEvPKcS5_S5_iDpRKT_
                0x080054e0       0x58 bn_bg_blocks_manager.o
                0x080054e0                _ZN3_bn6assert9show_argsIJA58_ciA4_ciEEEvPKcS5_S5_iDpRKT_
 .text._ZN3_bn6assert9show_argsIA38_cEEvPKcS4_S4_iRKT_
                0x08005538       0x48 bn_bg_blocks_manager.o
                0x08005538                _ZN3_bn6assert9show_argsIA38_cEEvPKcS4_S4_iRKT_
 .text._ZN3_bn6assert9show_argsIA27_ciEEvPKcS4_S4_iRKT_RKT0_
                0x08005580       0x54 bn_bg_blocks_manager.o
                0x08005580                _ZN3_bn6assert9show_argsIA27_ciEEvPKcS4_S4_iRKT_RKT0_
 .text._ZN2bn17bg_blocks_manager12_GLOBAL__N_1L10_hw_commitEPKtNS_16compression_typeEibPt
                0x080055d4       0x68 bn_bg_blocks_manager.o
 .text._ZN3_bn6assert9show_argsIA19_cEEvPKcS4_S4_iRKT_
                0x0800563c       0x48 bn_bg_blocks_manager.o
                0x0800563c                _ZN3_bn6assert9show_argsIA19_cEEvPKcS4_S4_iRKT_
 .text._ZN3_bn6assert9show_argsIA22_ciEEvPKcS4_S4_iRKT_RKT0_
                0x08005684       0x54 bn_bg_blocks_manager.o
                0x08005684                _ZN3_bn6assert9show_argsIA22_ciEEvPKcS4_S4_iRKT_RKT0_
 .text._ZN2bn17bg_blocks_manager12_GLOBAL__N_1L16_find_tiles_implEPKtNS_16compression_typeEiNS_8bpp_modeEb
                0x080056d8      0x104 bn_bg_blocks_manager.o
 .text._ZN2bn17bg_blocks_manager12_GLOBAL__N_1L17_fix_blocks_countERKNS1_9item_typeEi
                0x080057dc       0x7c bn_bg_blocks_manager.o
 .text._ZN3_bn6assert9show_argsIJA32_cA15_cPKtA16_ciA17_ciA34_cN2bn11string_viewEEEEvPKcSC_SC_iDpRKT_
                0x08005858       0x90 bn_bg_blocks_manager.o
                0x08005858                _ZN3_bn6assert9show_argsIJA32_cA15_cPKtA16_ciA17_ciA34_cN2bn11string_viewEEEEvPKcSC_SC_iDpRKT_
 .text._ZN3_bn6assert9show_argsIJA39_ciA4_ciEEEvPKcS5_S5_iDpRKT_
                0x080058e8       0x58 bn_bg_blocks_manager.o
                0x080058e8                _ZN3_bn6assert9show_argsIJA39_ciA4_ciEEEvPKcS5_S5_iDpRKT_
 .text._ZN3_bn6assert9show_argsIA31_cEEvPKcS4_S4_iRKT_
                0x08005940       0x48 bn_bg_blocks_manager.o
                0x08005940                _ZN3_bn6assert9show_argsIA31_cEEvPKcS4_S4_iRKT_
 .text._ZN3_bn6assert9show_argsIJA35_ciA4_ciEEEvPKcS5_S5_iDpRKT_
                0x08005988       0x58 bn_bg_blocks_manager.o
                0x08005988                _ZN3_bn6assert9show_argsIJA35_ciA4_ciEEEvPKcS5_S5_iDpRKT_
 .text._ZN3_bn6assert9show_argsIJA37_ciA4_ciEEEvPKcS5_S5_iDpRKT_
                0x080059e0       0x58 bn_bg_blocks_manager.o
                0x080059e0                _ZN3_bn6assert9show_argsIJA37_ciA4_ciEEEvPKcS5_S5_iDpRKT_
 .text._ZNK2bn18regular_bg_map_ptr5tilesEv
                0x08005a38       0x48 bn_bg_blocks_manager.o
                0x08005a38                _ZNK2bn18regular_bg_map_ptr5tilesEv
 .text._ZNK2bn17affine_bg_map_ptr5tilesEv
                0x08005a80       0x48 bn_bg_blocks_manager.o
                0x08005a80                _ZNK2bn17affine_bg_map_ptr5tilesEv
 .text._ZN2bn17bg_blocks_manager21set_regular_map_tilesEiONS_20regular_bg_tiles_ptrE
                0x08005ac8      0x204 bn_bg_blocks_manager.o
                0x08005ac8                _ZN2bn17bg_blocks_manager21set_regular_map_tilesEiONS_20regular_bg_tiles_ptrE
 .text._ZN2bn17bg_blocks_manager21update_affine_map_rowEiii
                0x08005ccc      0x160 bn_bg_blocks_manager.o
                0x08005ccc                _ZN2bn17bg_blocks_manager21update_affine_map_rowEiii
 .text._ZN2bn17bg_blocks_manager28update_affine_map_bottom_rowEiii
                0x08005e2c       0x30 bn_bg_blocks_manager.o
                0x08005e2c                _ZN2bn17bg_blocks_manager28update_affine_map_bottom_rowEiii
 .text._ZN2bn17bg_blocks_manager22update_regular_map_rowEiii
                0x08005e5c      0x184 bn_bg_blocks_manager.o
                0x08005e5c                _ZN2bn17bg_blocks_manager22update_regular_map_rowEiii
 .text._ZN2bn17bg_blocks_manager22update_regular_map_colEiii
                0x08005fe0      0x1dc bn_bg_blocks_manager.o
                0x08005fe0                _ZN2bn17bg_blocks_manager22update_regular_map_colEiii
 .text._ZN2bn17bg_blocks_manager23set_affine_map_positionEiii
                0x080061bc      0x1f0 bn_bg_blocks_manager.o
                0x080061bc                _ZN2bn17bg_blocks_manager23set_affine_map_positionEiii
 .text._ZN2bn17bg_blocks_manager24set_regular_map_positionEiii
                0x080063ac      0x214 bn_bg_blocks_manager.o
                0x080063ac                _ZN2bn17bg_blocks_manager24set_regular_map_positionEiii
 .text._ZN2bn17bg_blocks_manager21update_affine_map_colEiii
                0x080065c0      0x314 bn_bg_blocks_manager.o
                0x080065c0                _ZN2bn17bg_blocks_manager21update_affine_map_colEiii
 .text._ZN2bn17bg_blocks_manager27update_affine_map_right_colEiii
                0x080068d4       0x30 bn_bg_blocks_manager.o
                0x080068d4                _ZN2bn17bg_blocks_manager27update_affine_map_right_colEiii
 .text._ZN2bn17bg_blocks_manager23set_regular_map_paletteEiONS_14bg_palette_ptrE
                0x08006904      0x1b4 bn_bg_blocks_manager.o
                0x08006904                _ZN2bn17bg_blocks_manager23set_regular_map_paletteEiONS_14bg_palette_ptrE
 .text._ZN2bn17bg_blocks_manager33set_regular_map_tiles_and_paletteEiONS_20regular_bg_tiles_ptrEONS_14bg_palette_ptrE
                0x08006ab8      0x2e8 bn_bg_blocks_manager.o
                0x08006ab8                _ZN2bn17bg_blocks_manager33set_regular_map_tiles_and_paletteEiONS_20regular_bg_tiles_ptrEONS_14bg_palette_ptrE
 .text._ZN2bn17bg_blocks_manager12_GLOBAL__N_1L22_find_regular_map_implERKNS_19regular_bg_map_itemEPKtRKNS_20regular_bg_tiles_ptrERKNS_14bg_palette_ptrE
                0x08006da0      0x2d4 bn_bg_blocks_manager.o
 .text._ZN2bn17bg_blocks_manager12_GLOBAL__N_1L12_commit_itemERKNS1_9item_typeEb
                0x08007074      0x1cc bn_bg_blocks_manager.o
 .text._ZN2bn17bg_blocks_manager19commit_uncompressedEb
                0x08007240       0xf0 bn_bg_blocks_manager.o
                0x08007240                _ZN2bn17bg_blocks_manager19commit_uncompressedEb
 .text._ZN2bn17bg_blocks_manager17commit_compressedEv
                0x08007330       0x48 bn_bg_blocks_manager.o
                0x08007330                _ZN2bn17bg_blocks_manager17commit_compressedEv
 .text._ZN2bn17bg_blocks_manager12_GLOBAL__N_1L12_create_itemEiibONS1_11create_dataE
                0x08007378      0x65c bn_bg_blocks_manager.o
 .text._ZN2bn17bg_blocks_manager12_GLOBAL__N_1L12_create_implEONS1_11create_dataE
                0x080079d4      0x1fc bn_bg_blocks_manager.o
 .text._ZN2bn17bg_blocks_manager20create_regular_tilesERKNS_21regular_bg_tiles_itemEbb
                0x08007bd0      0x1d8 bn_bg_blocks_manager.o
                0x08007bd0                _ZN2bn17bg_blocks_manager20create_regular_tilesERKNS_21regular_bg_tiles_itemEbb
 .text._ZN2bn17bg_blocks_manager18create_regular_mapERKNS_19regular_bg_map_itemEPKtONS_20regular_bg_tiles_ptrEONS_14bg_palette_ptrEb
                0x08007da8      0x314 bn_bg_blocks_manager.o
                0x08007da8                _ZN2bn17bg_blocks_manager18create_regular_mapERKNS_19regular_bg_map_itemEPKtONS_20regular_bg_tiles_ptrEONS_14bg_palette_ptrEb
 .text._ZN2bn18regular_bg_map_ptr6createERKNS_15regular_bg_itemEi
                0x080080bc       0xf8 bn_bg_blocks_manager.o
                0x080080bc                _ZN2bn18regular_bg_map_ptr6createERKNS_15regular_bg_itemEi
 .text._ZN3_bn6assert9show_argsIA39_ciEEvPKcS4_S4_iRKT_RKT0_
                0x080081b4       0x54 bn_bg_blocks_manager.o
                0x080081b4                _ZN3_bn6assert9show_argsIA39_ciEEvPKcS4_S4_iRKT_RKT0_
 .text._ZN2bn11bgs_manager12_GLOBAL__N_1L29_check_unique_regular_big_mapERNS1_9item_typeE
                0x08008208       0x6c bn_bgs_manager.o
 .text._ZN2bn11bgs_manager12_GLOBAL__N_1L33_update_item_hw_affine_attributesERKNS1_9item_typeE
                0x08008274       0x48 bn_bgs_manager.o
 .text._ZNK2bn14regular_bg_ptr8positionEv
                0x080082bc        0x8 bn_bgs_manager.o
                0x080082bc                _ZNK2bn14regular_bg_ptr8positionEv
 .text._ZN2bn14regular_bg_ptr12set_positionERKNS_13fixed_point_tILi12EEE
                0x080082c4       0x80 bn_bgs_manager.o
                0x080082c4                _ZN2bn14regular_bg_ptr12set_positionERKNS_13fixed_point_tILi12EEE
 .text._ZN2bn11bgs_manager4initEv
                0x08008344       0x98 bn_bgs_manager.o
                0x08008344                _ZN2bn11bgs_manager4initEv
 .text._ZN2bn11bgs_manager5hw_idEPv
                0x080083dc        0x8 bn_bgs_manager.o
                0x080083dc                _ZN2bn11bgs_manager5hw_idEPv
 .text._ZN2bn11bgs_manager11hw_positionEPv
                0x080083e4        0x4 bn_bgs_manager.o
                0x080083e4                _ZN2bn11bgs_manager11hw_positionEPv
 .text._ZN2bn11bgs_manager14mat_attributesEPv
                0x080083e8        0x4 bn_bgs_manager.o
                0x080083e8                _ZN2bn11bgs_manager14mat_attributesEPv
 .text._ZN2bn11bgs_manager9put_belowEPv
                0x080083ec       0x6c bn_bgs_manager.o
                0x080083ec                _ZN2bn11bgs_manager9put_belowEPv
 .text._ZN2bn14regular_bg_ptr9put_belowEv
                0x08008458       0x10 bn_bgs_manager.o
                0x08008458                _ZN2bn14regular_bg_ptr9put_belowEv
 .text._ZN2bn11bgs_manager20update_windows_flagsEPj
                0x08008468       0x7c bn_bgs_manager.o
                0x08008468                _ZN2bn11bgs_manager20update_windows_flagsEPj
 .text._ZN2bn11bgs_manager14update_camerasEv
                0x080084e4      0x138 bn_bgs_manager.o
                0x080084e4                _ZN2bn11bgs_manager14update_camerasEv
 .text._ZN2bn11bgs_manager28update_regular_map_tiles_cbbEii
                0x0800861c       0x94 bn_bgs_manager.o
                0x0800861c                _ZN2bn11bgs_manager28update_regular_map_tiles_cbbEii
 .text._ZN2bn11bgs_manager22update_regular_map_bppEiNS_8bpp_modeE
                0x080086b0       0x98 bn_bgs_manager.o
                0x080086b0                _ZN2bn11bgs_manager22update_regular_map_bppEiNS_8bpp_modeE
 .text._ZN2bn11bgs_manager36fill_hblank_effect_regular_positionsEiPKNS_7fixed_tILi12EEEPt
                0x08008748       0x38 bn_bgs_manager.o
                0x08008748                _ZN2bn11bgs_manager36fill_hblank_effect_regular_positionsEiPKNS_7fixed_tILi12EEEPt
 .text._ZN2bn11bgs_manager45fill_hblank_effect_pivot_horizontal_positionsEPvPKNS_7fixed_tILi12EEEPj
                0x08008780       0x28 bn_bgs_manager.o
                0x08008780                _ZN2bn11bgs_manager45fill_hblank_effect_pivot_horizontal_positionsEPvPKNS_7fixed_tILi12EEEPj
 .text._ZN2bn11bgs_manager43fill_hblank_effect_pivot_vertical_positionsEPvPKNS_7fixed_tILi12EEEPj
                0x080087a8       0x28 bn_bgs_manager.o
                0x080087a8                _ZN2bn11bgs_manager43fill_hblank_effect_pivot_vertical_positionsEPvPKNS_7fixed_tILi12EEEPj
 .text._ZN2bn11bgs_manager36fill_hblank_effect_bitmap_attributesEPvPKNS_20bitmap_bg_attributesEPt
                0x080087d0       0x50 bn_bgs_manager.o
                0x080087d0                _ZN2bn11bgs_manager36fill_hblank_effect_bitmap_attributesEPvPKNS_20bitmap_bg_attributesEPt
 .text._ZN2bn11bgs_manager6commitEb
                0x08008820       0x58 bn_bgs_manager.o
                0x08008820                _ZN2bn11bgs_manager6commitEb
 .text._ZN2bn11bgs_manager4stopEv
                0x08008878       0x28 bn_bgs_manager.o
                0x08008878                _ZN2bn11bgs_manager4stopEv
 .text._ZN3_bn6assert9show_argsIA30_cEEvPKcS4_S4_iRKT_
                0x080088a0       0x48 bn_bgs_manager.o
                0x080088a0                _ZN3_bn6assert9show_argsIA30_cEEvPKcS4_S4_iRKT_
 .text._ZN2bn11bgs_manager15commit_big_mapsEv
                0x080088e8      0x208 bn_bgs_manager.o
                0x080088e8                _ZN2bn11bgs_manager15commit_big_mapsEv
 .text._ZN2bn11bgs_manager12_GLOBAL__N_19item_type18update_regular_mapEv
                0x08008af0      0x1b4 bn_bgs_manager.o
 .text._ZN2bn11bgs_manager10affine_mapEPv
                0x08008ca4       0x34 bn_bgs_manager.o
                0x08008ca4                _ZN2bn11bgs_manager10affine_mapEPv
 .text._ZN2bn11bgs_manager11regular_mapEPv
                0x08008cd8       0x34 bn_bgs_manager.o
                0x08008cd8                _ZN2bn11bgs_manager11regular_mapEPv
 .text._ZN3_bn6assert9show_argsIA27_cEEvPKcS4_S4_iRKT_
                0x08008d0c       0x48 bn_bgs_manager.o
                0x08008d0c                _ZN3_bn6assert9show_argsIA27_cEEvPKcS4_S4_iRKT_
 .text._ZN3_bn6assert9show_argsIA46_cEEvPKcS4_S4_iRKT_
                0x08008d54       0x48 bn_bgs_manager.o
                0x08008d54                _ZN3_bn6assert9show_argsIA46_cEEvPKcS4_S4_iRKT_
 .text._ZN2bn11bgs_manager36fill_hblank_effect_affine_attributesEPvPKNS_20affine_bg_attributesEPt
                0x08008d9c      0x10c bn_bgs_manager.o
                0x08008d9c                _ZN2bn11bgs_manager36fill_hblank_effect_affine_attributesEPvPKNS_20affine_bg_attributesEPt
 .text._ZN2bn11bgs_manager37fill_hblank_effect_regular_attributesEPvPKNS_21regular_bg_attributesEPt
                0x08008ea8      0x118 bn_bgs_manager.o
                0x08008ea8                _ZN2bn11bgs_manager37fill_hblank_effect_regular_attributesEPvPKNS_21regular_bg_attributesEPt
 .text._ZN2bn11bgs_manager15rebuild_handlesEv.part.0
                0x08008fc0      0x27c bn_bgs_manager.o
 .text._ZN2bn11bgs_manager6updateEv
                0x0800923c      0x158 bn_bgs_manager.o
                0x0800923c                _ZN2bn11bgs_manager6updateEv
 .text._ZN3_bn6assert9show_argsIA16_cN2bn7fixed_tILi12EEEEEvPKcS7_S7_iRKT_RKT0_
                0x08009394       0x54 bn_bgs_manager.o
                0x08009394                _ZN3_bn6assert9show_argsIA16_cN2bn7fixed_tILi12EEEEEvPKcS7_S7_iRKT_RKT0_
 .text._ZN2bn11bgs_manager12_GLOBAL__N_1L12_insert_itemERNS1_9item_typeE
                0x080093e8      0x124 bn_bgs_manager.o
 .text._ZN3_bn6assert9show_argsIA13_cEEvPKcS4_S4_iRKT_
                0x0800950c       0x48 bn_bgs_manager.o
                0x0800950c                _ZN3_bn6assert9show_argsIA13_cEEvPKcS4_S4_iRKT_
 .text._ZN2bn11bgs_manager6createEONS_18regular_bg_builderE
                0x08009554      0x25c bn_bgs_manager.o
                0x08009554                _ZN2bn11bgs_manager6createEONS_18regular_bg_builderE
 .text._ZNK2bn15regular_bg_item9create_bgENS_7fixed_tILi12EEES2_
                0x080097b0       0x78 bn_bgs_manager.o
                0x080097b0                _ZNK2bn15regular_bg_item9create_bgENS_7fixed_tILi12EEES2_
 .text._ZNK2bn15regular_bg_item9create_bgERKNS_13fixed_point_tILi12EEE
                0x08009828       0x78 bn_bgs_manager.o
                0x08009828                _ZNK2bn15regular_bg_item9create_bgERKNS_13fixed_point_tILi12EEE
 .text._ZN2bn5eraseIPNS_11bgs_manager12_GLOBAL__N_19item_typeEEENS_7ivectorIT_E9size_typeERS7_RKS6_.constprop.0.isra.0
                0x080098a0      0x144 bn_bgs_manager.o
 .text._ZN2bn11bgs_manager15decrease_usagesEPv
                0x080099e4       0xe8 bn_bgs_manager.o
                0x080099e4                _ZN2bn11bgs_manager15decrease_usagesEPv
 .text._ZN2bn14regular_bg_ptrD2Ev
                0x08009acc       0x18 bn_bgs_manager.o
                0x08009acc                _ZN2bn14regular_bg_ptrD1Ev
                0x08009acc                _ZN2bn14regular_bg_ptrD2Ev
 .text._ZN2bn14regular_bg_ptr12set_priorityEi
                0x08009ae4       0x68 bn_bgs_manager.o
                0x08009ae4                _ZN2bn14regular_bg_ptr12set_priorityEi
 .text._ZN2bn10camera_ptrD2Ev
                0x08009b4c       0x38 bn_cameras_manager.o
                0x08009b4c                _ZN2bn10camera_ptrD1Ev
                0x08009b4c                _ZN2bn10camera_ptrD2Ev
 .text._ZNK2bn10camera_ptr8positionEv
                0x08009b84       0x14 bn_cameras_manager.o
                0x08009b84                _ZNK2bn10camera_ptr8positionEv
 .text._ZN2bn15cameras_manager4initEv
                0x08009b98       0x24 bn_cameras_manager.o
                0x08009b98                _ZN2bn15cameras_manager4initEv
 .text._ZN2bn15cameras_manager6updateEv
                0x08009bbc       0x28 bn_cameras_manager.o
                0x08009bbc                _ZN2bn15cameras_manager6updateEv
 .text._ZN2bn4core12_GLOBAL__N_1L12_vblank_intrEv
                0x08009be4       0x3c bn_core.o
 .text._ZN2bn4core12_GLOBAL__N_1L4stopEb
                0x08009c20       0x60 bn_core.o
 .text._ZN2bn4core12_GLOBAL__N_1L11update_implEv
                0x08009c80      0x110 bn_core.o
 .text._ZN2bn4core6updateEv
                0x08009d90       0x78 bn_core.o
                0x08009d90                _ZN2bn4core6updateEv
 .text._ZN2bn4core4initERKNS_8optionalINS_5colorEEERKNS_11string_viewE
                0x08009e08      0x138 bn_core.o
                0x08009e08                _ZN2bn4core4initERKNS_8optionalINS_5colorEEERKNS_11string_viewE
 .text._ZN2bn4core4initEv
                0x08009f40       0x20 bn_core.o
                0x08009f40                _ZN2bn4core4initEv
 .text._ZN2bn11string_viewC2EPKc
                0x08009f60       0x40 bn_core.o
                0x08009f60                _ZN2bn11string_viewC2EPKc
                0x08009f60                _ZN2bn11string_viewC1EPKc
 .text._ZN3_bn6assert12_GLOBAL__N_1L10_show_implEPKcS3_S3_iRKN2bn11string_viewE
                0x08009fa0       0x80 bn_core.o
 .text._ZN3_bn6assert4showEPKcS2_S2_iRKN2bn12istring_baseE
                0x0800a020       0x18 bn_core.o
                0x0800a020                _ZN3_bn6assert4showEPKcS2_S2_iRKN2bn12istring_baseE
 .text._ZN2bn15display_manager12_GLOBAL__N_1L34_update_rect_windows_hw_boundariesEi
                0x0800a038       0x84 bn_display_manager.o
 .text._ZN2bn15display_manager4initEv
                0x0800a0bc       0xa0 bn_display_manager.o
                0x0800a0bc                _ZN2bn15display_manager4initEv
 .text._ZN2bn15display_manager8set_modeEi
                0x0800a15c       0x1c bn_display_manager.o
                0x0800a15c                _ZN2bn15display_manager8set_modeEi
 .text._ZN2bn15display_manager14set_bg_enabledEib
                0x0800a178       0x1c bn_display_manager.o
                0x0800a178                _ZN2bn15display_manager14set_bg_enabledEib
 .text._ZN2bn15display_manager15disable_all_bgsEv
                0x0800a194       0x18 bn_display_manager.o
                0x0800a194                _ZN2bn15display_manager15disable_all_bgsEv
 .text._ZN2bn15display_manager36fill_mosaic_hblank_effect_attributesEPKNS_17mosaic_attributesEPt
                0x0800a1ac       0x98 bn_display_manager.o
                0x0800a1ac                _ZN2bn15display_manager36fill_mosaic_hblank_effect_attributesEPKNS_17mosaic_attributesEPt
 .text._ZN2bn15display_manager27set_blending_top_bg_enabledEib
                0x0800a244       0x20 bn_display_manager.o
                0x0800a244                _ZN2bn15display_manager27set_blending_top_bg_enabledEib
 .text._ZN2bn15display_manager30set_blending_bottom_bg_enabledEib
                0x0800a264       0x20 bn_display_manager.o
                0x0800a264                _ZN2bn15display_manager30set_blending_bottom_bg_enabledEib
 .text._ZN2bn15display_manager32blending_transparency_top_weightEv
                0x0800a284       0x18 bn_display_manager.o
                0x0800a284                _ZN2bn15display_manager32blending_transparency_top_weightEv
 .text._ZN2bn15display_manager35blending_transparency_bottom_weightEv
                0x0800a29c       0x28 bn_display_manager.o
                0x0800a29c                _ZN2bn15display_manager35blending_transparency_bottom_weightEv
 .text._ZN2bn15display_manager51fill_blending_transparency_hblank_effect_attributesEPKNS_32blending_transparency_attributesEPt
                0x0800a2c4       0x30 bn_display_manager.o
                0x0800a2c4                _ZN2bn15display_manager51fill_blending_transparency_hblank_effect_attributesEPKNS_32blending_transparency_attributesEPt
 .text._ZN2bn15display_manager21blending_fade_enabledEv
                0x0800a2f4        0xc bn_display_manager.o
                0x0800a2f4                _ZN2bn15display_manager21blending_fade_enabledEv
 .text._ZN2bn15display_manager39fill_blending_fade_hblank_effect_alphasEPKNS_19blending_fade_alphaEPt
                0x0800a300       0x24 bn_display_manager.o
                0x0800a300                _ZN2bn15display_manager39fill_blending_fade_hblank_effect_alphasEPKNS_19blending_fade_alphaEPt
 .text._ZN2bn15display_manager26update_windows_visible_bgsEv
                0x0800a324       0x14 bn_display_manager.o
                0x0800a324                _ZN2bn15display_manager26update_windows_visible_bgsEv
 .text._ZN2bn15display_manager36rect_window_hw_horizontal_boundariesEi
                0x0800a338       0x18 bn_display_manager.o
                0x0800a338                _ZN2bn15display_manager36rect_window_hw_horizontal_boundariesEi
 .text._ZN2bn15display_manager34rect_window_hw_vertical_boundariesEi
                0x0800a350       0x18 bn_display_manager.o
                0x0800a350                _ZN2bn15display_manager34rect_window_hw_vertical_boundariesEi
 .text._ZN2bn15display_manager52fill_rect_window_hblank_effect_horizontal_boundariesERKSt4pairIiiEPKS1_INS_7fixed_tILi12EEES6_EPt
                0x0800a368      0x134 bn_display_manager.o
                0x0800a368                _ZN2bn15display_manager52fill_rect_window_hblank_effect_horizontal_boundariesERKSt4pairIiiEPKS1_INS_7fixed_tILi12EEES6_EPt
 .text._ZN2bn15display_manager50fill_rect_window_hblank_effect_vertical_boundariesERKSt4pairIiiEPKS1_INS_7fixed_tILi12EEES6_EPt
                0x0800a49c      0x134 bn_display_manager.o
                0x0800a49c                _ZN2bn15display_manager50fill_rect_window_hblank_effect_vertical_boundariesERKSt4pairIiiEPKS1_INS_7fixed_tILi12EEES6_EPt
 .text._ZN2bn15display_manager36fill_green_swap_hblank_effect_statesEPKbPt
                0x0800a5d0       0x38 bn_display_manager.o
                0x0800a5d0                _ZN2bn15display_manager36fill_green_swap_hblank_effect_statesEPKbPt
 .text._ZN2bn15display_manager14update_camerasEv
                0x0800a608       0x40 bn_display_manager.o
                0x0800a608                _ZN2bn15display_manager14update_camerasEv
 .text._ZN2bn15display_manager6updateEv
                0x0800a648      0x250 bn_display_manager.o
                0x0800a648                _ZN2bn15display_manager6updateEv
 .text._ZN2bn15display_manager6commitEv
                0x0800a898      0x14c bn_display_manager.o
                0x0800a898                _ZN2bn15display_manager6commitEv
 .text._ZN2bn15display_manager4stopEv
                0x0800a9e4       0x34 bn_display_manager.o
                0x0800a9e4                _ZN2bn15display_manager4stopEv
 .text._ZN3_bn6assert9show_argsIA66_cEEvPKcS4_S4_iRKT_
                0x0800aa18       0x48 bn_display_manager.o
                0x0800aa18                _ZN3_bn6assert9show_argsIA66_cEEvPKcS4_S4_iRKT_
 .text._ZN2bn12gpio_manager5sleepEv
                0x0800aa60       0x28 bn_gpio_manager.o
                0x0800aa60                _ZN2bn12gpio_manager5sleepEv
 .text._ZN2bn22hblank_effects_manager12_GLOBAL__N_19item_type18_output_values_ptrEv
                0x0800aa88       0x40 bn_hblank_effects_manager.o
 .text._ZN2bn22hblank_effects_manager7disableEv
                0x0800aac8       0x24 bn_hblank_effects_manager.o
                0x0800aac8                _ZN2bn22hblank_effects_manager7disableEv
 .text._ZN2bn22hblank_effects_manager4stopEv
                0x0800aaec       0x38 bn_hblank_effects_manager.o
                0x0800aaec                _ZN2bn22hblank_effects_manager4stopEv
 .text._ZN2bn22hblank_effects_manager6commitEv
                0x0800ab24       0x8c bn_hblank_effects_manager.o
                0x0800ab24                _ZN2bn22hblank_effects_manager6commitEv
 .text._ZN2bn22hblank_effects_manager12_GLOBAL__N_1L10_is_uint32ENS0_12handler_typeE
                0x0800abb0       0x64 bn_hblank_effects_manager.o
 .text._ZN2bn22hblank_effects_manager12_GLOBAL__N_19item_type12check_updateEv
                0x0800ac14     0x1664 bn_hblank_effects_manager.o
 .text._ZN2bn22hblank_effects_manager6updateEv
                0x0800c278      0x1ec bn_hblank_effects_manager.o
                0x0800c278                _ZN2bn22hblank_effects_manager6updateEv
 .text._ZN2bn22hblank_effects_manager4initEv
                0x0800c464      0x180 bn_hblank_effects_manager.o
                0x0800c464                _ZN2bn22hblank_effects_manager4initEv
 .text.startup._GLOBAL__sub_I__ZN2bn4hbes10used_countEv
                0x0800c5e4       0x14 bn_hblank_effects_manager.o
 .text._ZN2bn12hdma_manager4initEv
                0x0800c5f8       0x38 bn_hdma_manager.o
                0x0800c5f8                _ZN2bn12hdma_manager4initEv
 .text._ZN2bn12hdma_manager10force_stopEv
                0x0800c630       0x5c bn_hdma_manager.o
                0x0800c630                _ZN2bn12hdma_manager10force_stopEv
 .text._ZN2bn12hdma_manager7disableEv
                0x0800c68c       0x48 bn_hdma_manager.o
                0x0800c68c                _ZN2bn12hdma_manager7disableEv
 .text._ZN2bn12hdma_manager6updateEv
                0x0800c6d4       0x6c bn_hdma_manager.o
                0x0800c6d4                _ZN2bn12hdma_manager6updateEv
 .text._ZN2bn12hdma_manager24commit_interrupt_handlerEv
                0x0800c740       0x20 bn_hdma_manager.o
                0x0800c740                _ZN2bn12hdma_manager24commit_interrupt_handlerEv
 .text._ZN2bn12hdma_manager14commit_entriesEb
                0x0800c760      0x168 bn_hdma_manager.o
                0x0800c760                _ZN2bn12hdma_manager14commit_entriesEb
 .text._ZN2bn6keypad9a_pressedEv
                0x0800c8c8       0x10 bn_keypad_manager.o
                0x0800c8c8                _ZN2bn6keypad9a_pressedEv
 .text._ZN2bn6keypad9b_pressedEv
                0x0800c8d8       0x10 bn_keypad_manager.o
                0x0800c8d8                _ZN2bn6keypad9b_pressedEv
 .text._ZN2bn6keypad13start_pressedEv
                0x0800c8e8       0x10 bn_keypad_manager.o
                0x0800c8e8                _ZN2bn6keypad13start_pressedEv
 .text._ZN2bn6keypad10right_heldEv
                0x0800c8f8       0x10 bn_keypad_manager.o
                0x0800c8f8                _ZN2bn6keypad10right_heldEv
 .text._ZN2bn6keypad9left_heldEv
                0x0800c908       0x10 bn_keypad_manager.o
                0x0800c908                _ZN2bn6keypad9left_heldEv
 .text._ZN2bn6keypad7up_heldEv
                0x0800c918       0x10 bn_keypad_manager.o
                0x0800c918                _ZN2bn6keypad7up_heldEv
 .text._ZN2bn6keypad9down_heldEv
                0x0800c928        0xc bn_keypad_manager.o
                0x0800c928                _ZN2bn6keypad9down_heldEv
 .text._ZN2bn14keypad_manager4stopEv
                0x0800c934        0x4 bn_keypad_manager.o
                0x0800c934                _ZN2bn14keypad_manager4stopEv
 .text._ZN2bn14keypad_manager6updateEv
                0x0800c938       0xb8 bn_keypad_manager.o
                0x0800c938                _ZN2bn14keypad_manager6updateEv
 .text._ZN2bn14keypad_manager4initERKNS_11string_viewE
                0x0800c9f0       0x64 bn_keypad_manager.o
                0x0800c9f0                _ZN2bn14keypad_manager4initERKNS_11string_viewE
 .text._ZN2bn12link_manager4initEv
                0x0800ca54        0xc bn_link_manager.o
                0x0800ca54                _ZN2bn12link_manager4initEv
 .text._ZN2bn12link_manager6activeEv
                0x0800ca60        0xc bn_link_manager.o
                0x0800ca60                _ZN2bn12link_manager6activeEv
 .text._ZN2bn12link_manager7disableEv
                0x0800ca6c       0x18 bn_link_manager.o
                0x0800ca6c                _ZN2bn12link_manager7disableEv
 .text._ZN2bn12link_manager6commitEv
                0x0800ca84       0x18 bn_link_manager.o
                0x0800ca84                _ZN2bn12link_manager6commitEv
 .text._ZN3_bn6memory18unsafe_clear_wordsEiPv
                0x0800ca9c       0x14 bn_memory_manager.o
                0x0800ca9c                _ZN3_bn6memory18unsafe_clear_wordsEiPv
 .text._ZN2bn4freeEPv
                0x0800cab0       0x14 bn_memory_manager.o
                0x0800cab0                _ZN2bn4freeEPv
 .text._ZN2bn14memory_manager4initEv
                0x0800cac4       0x2c bn_memory_manager.o
                0x0800cac4                _ZN2bn14memory_manager4initEv
 .text._ZN2bn2hw8palettes9grayscaleEPKNS_5colorEiiPS2_.part.0
                0x0800caf0       0x40 bn_palettes_manager.o
 .text._ZN2bn14bg_palette_ptrC2ERKS0_
                0x0800cb30       0x28 bn_palettes_manager.o
                0x0800cb30                _ZN2bn14bg_palette_ptrC2ERKS0_
                0x0800cb30                _ZN2bn14bg_palette_ptrC1ERKS0_
 .text._ZNK2bn14bg_palette_ptr3bppEv
                0x0800cb58       0x20 bn_palettes_manager.o
                0x0800cb58                _ZNK2bn14bg_palette_ptr3bppEv
 .text._ZNK2bn18sprite_palette_ptr3bppEv
                0x0800cb78       0x1c bn_palettes_manager.o
                0x0800cb78                _ZNK2bn18sprite_palette_ptr3bppEv
 .text._ZNK2bn13palettes_bank10log_statusEv
                0x0800cb94      0x178 bn_palettes_manager.o
                0x0800cb94                _ZNK2bn13palettes_bank10log_statusEv
 .text._ZN2bn13palettes_bank10find_bpp_4ERKNS_4spanIKNS_5colorEEEt
                0x0800cd0c      0x118 bn_palettes_manager.o
                0x0800cd0c                _ZN2bn13palettes_bank10find_bpp_4ERKNS_4spanIKNS_5colorEEEt
 .text._ZNK2bn13palettes_bank20retrieve_commit_dataEv
                0x0800ce24       0x4c bn_palettes_manager.o
                0x0800ce24                _ZNK2bn13palettes_bank20retrieve_commit_dataEv
 .text._ZNK2bn13palettes_bank7palette13apply_effectsEiPNS_5colorE
                0x0800ce70       0xb0 bn_palettes_manager.o
                0x0800ce70                _ZNK2bn13palettes_bank7palette13apply_effectsEiPNS_5colorE
 .text._ZN2bn13palettes_bank15_update_paletteEi
                0x0800cf20       0x70 bn_palettes_manager.o
                0x0800cf20                _ZN2bn13palettes_bank15_update_paletteEi
 .text._ZN2bn16palettes_manager4initERKNS_8optionalINS_5colorEEE
                0x0800cf90      0x16c bn_palettes_manager.o
                0x0800cf90                _ZN2bn16palettes_manager4initERKNS_8optionalINS_5colorEEE
 .text._ZN2bn16palettes_manager20sprite_palettes_bankEv
                0x0800d0fc        0x8 bn_palettes_manager.o
                0x0800d0fc                _ZN2bn16palettes_manager20sprite_palettes_bankEv
 .text._ZN2bn16palettes_manager16bg_palettes_bankEv
                0x0800d104        0x8 bn_palettes_manager.o
                0x0800d104                _ZN2bn16palettes_manager16bg_palettes_bankEv
 .text._ZN2bn16palettes_manager6commitEb
                0x0800d10c       0xf8 bn_palettes_manager.o
                0x0800d10c                _ZN2bn16palettes_manager6commitEb
 .text._ZN2bn16palettes_manager4stopEv
                0x0800d204       0x20 bn_palettes_manager.o
                0x0800d204                _ZN2bn16palettes_manager4stopEv
 .text._ZN3_bn6assert9show_argsIA35_cEEvPKcS4_S4_iRKT_
                0x0800d224       0x48 bn_palettes_manager.o
                0x0800d224                _ZN3_bn6assert9show_argsIA35_cEEvPKcS4_S4_iRKT_
 .text._ZN2bn13palettes_bank11colors_hashERKNS_4spanIKNS_5colorEEE
                0x0800d26c       0x48 bn_palettes_manager.o
                0x0800d26c                _ZN2bn13palettes_bank11colors_hashERKNS_4spanIKNS_5colorEEE
 .text._ZN3_bn6assert9show_argsIJA43_ciA38_cA42_cEEEvPKcS6_S6_iDpRKT_
                0x0800d2b4       0x64 bn_palettes_manager.o
                0x0800d2b4                _ZN3_bn6assert9show_argsIJA43_ciA38_cA42_cEEEvPKcS6_S6_iDpRKT_
 .text._ZN2bn13palettes_bank12create_bpp_8ERKNS_4spanIKNS_5colorEEENS_16compression_typeEb
                0x0800d318      0x230 bn_palettes_manager.o
                0x0800d318                _ZN2bn13palettes_bank12create_bpp_8ERKNS_4spanIKNS_5colorEEENS_16compression_typeEb
 .text._ZNK2bn13palettes_bank21_apply_global_effectsEiPNS_5colorE
                0x0800d548      0x190 bn_palettes_manager.o
                0x0800d548                _ZNK2bn13palettes_bank21_apply_global_effectsEiPNS_5colorE
 .text._ZN2bn13palettes_bank6updateEv
                0x0800d6d8      0x138 bn_palettes_manager.o
                0x0800d6d8                _ZN2bn13palettes_bank6updateEv
 .text._ZN2bn16palettes_manager6updateEv
                0x0800d810       0x20 bn_palettes_manager.o
                0x0800d810                _ZN2bn16palettes_manager6updateEv
 .text._ZNK2bn13palettes_bank25fill_hblank_effect_colorsEiPKNS_5colorEPt
                0x0800d830       0x44 bn_palettes_manager.o
                0x0800d830                _ZNK2bn13palettes_bank25fill_hblank_effect_colorsEiPKNS_5colorEPt
 .text._ZNK2bn13palettes_bank25fill_hblank_effect_colorsEPKNS_5colorEPt
                0x0800d874       0x30 bn_palettes_manager.o
                0x0800d874                _ZNK2bn13palettes_bank25fill_hblank_effect_colorsEPKNS_5colorEPt
 .text._ZNK2bn19sprite_palette_item10decompressENS_4spanINS_5colorEEE
                0x0800d8a4      0x168 bn_palettes_manager.o
                0x0800d8a4                _ZNK2bn19sprite_palette_item10decompressENS_4spanINS_5colorEEE
 .text._ZNK2bn15bg_palette_item10decompressENS_4spanINS_5colorEEE
                0x0800da0c      0x168 bn_palettes_manager.o
                0x0800da0c                _ZNK2bn15bg_palette_item10decompressENS_4spanINS_5colorEEE
 .text._ZN2bn14iunordered_mapItsNS_15identity_hasherENS_8equal_toItEEE21insert_or_assign_hashEjOSt4pairIKtsE.isra.0
                0x0800db74      0x108 bn_palettes_manager.o
 .text._ZN2bn13palettes_bank12create_bpp_4ERKNS_4spanIKNS_5colorEEEtb
                0x0800dc7c      0x164 bn_palettes_manager.o
                0x0800dc7c                _ZN2bn13palettes_bank12create_bpp_4ERKNS_4spanIKNS_5colorEEEtb
 .text._ZN2bn12_GLOBAL__N_1L12_create_implERKNS_15bg_palette_itemEb
                0x0800dde0       0xa0 bn_palettes_manager.o
 .text._ZN2bn14bg_palette_ptr6createERKNS_15bg_palette_itemE
                0x0800de80       0x54 bn_palettes_manager.o
                0x0800de80                _ZN2bn14bg_palette_ptr6createERKNS_15bg_palette_itemE
 .text._ZN2bn12_GLOBAL__N_1L12_create_implERKNS_19sprite_palette_itemEb
                0x0800ded4       0x88 bn_palettes_manager.o
 .text._ZN2bn18sprite_palette_ptr6createERKNS_19sprite_palette_itemE
                0x0800df5c       0x48 bn_palettes_manager.o
                0x0800df5c                _ZN2bn18sprite_palette_ptr6createERKNS_19sprite_palette_itemE
 .text._ZN2bn13palettes_bank30_erase_bpp_4_indexes_map_indexEt
                0x0800dfa4      0x1c4 bn_palettes_manager.o
                0x0800dfa4                _ZN2bn13palettes_bank30_erase_bpp_4_indexes_map_indexEt
 .text._ZN2bn13palettes_bank15decrease_usagesEi
                0x0800e168       0x80 bn_palettes_manager.o
                0x0800e168                _ZN2bn13palettes_bank15decrease_usagesEi
 .text._ZN2bn14bg_palette_ptraSERKS0_
                0x0800e1e8       0x48 bn_palettes_manager.o
                0x0800e1e8                _ZN2bn14bg_palette_ptraSERKS0_
 .text._ZN2bn14bg_palette_ptrD2Ev
                0x0800e230       0x20 bn_palettes_manager.o
                0x0800e230                _ZN2bn14bg_palette_ptrD2Ev
                0x0800e230                _ZN2bn14bg_palette_ptrD1Ev
 .text._ZN2bn18sprite_palette_ptrD2Ev
                0x0800e250       0x20 bn_palettes_manager.o
                0x0800e250                _ZN2bn18sprite_palette_ptrD2Ev
                0x0800e250                _ZN2bn18sprite_palette_ptrD1Ev
 .text._ZN2bn26sprite_affine_mats_manager12_GLOBAL__N_1L19_sprite_double_sizeILi32ELi16EEEbiiiii
                0x0800e270       0x80 bn_sprite_affine_mats_manager.o
 .text._ZN2bn26sprite_affine_mats_manager12_GLOBAL__N_1L19_sprite_double_sizeILi16ELi32EEEbiiiii
                0x0800e2f0       0x80 bn_sprite_affine_mats_manager.o
 .text._ZNK2bn26sprite_affine_mats_manager12_GLOBAL__N_19item_type18sprite_double_sizeEiRKNS_17sprite_shape_sizeE.isra.0
                0x0800e370      0x1b4 bn_sprite_affine_mats_manager.o
 .text._ZN2bn26sprite_affine_mats_manager12_GLOBAL__N_1L24_update_flipped_identityEi
                0x0800e524       0xcc bn_sprite_affine_mats_manager.o
 .text._ZNK2bn21sprite_affine_mat_ptr15horizontal_flipEv
                0x0800e5f0       0x18 bn_sprite_affine_mats_manager.o
                0x0800e5f0                _ZNK2bn21sprite_affine_mat_ptr15horizontal_flipEv
 .text._ZN2bn21sprite_affine_mat_ptr19set_horizontal_flipEb
                0x0800e608       0x88 bn_sprite_affine_mats_manager.o
                0x0800e608                _ZN2bn21sprite_affine_mat_ptr19set_horizontal_flipEb
 .text._ZNK2bn21sprite_affine_mat_ptr13vertical_flipEv
                0x0800e690       0x18 bn_sprite_affine_mats_manager.o
                0x0800e690                _ZNK2bn21sprite_affine_mat_ptr13vertical_flipEv
 .text._ZN2bn26sprite_affine_mats_manager13attach_spriteEiRNS_24intrusive_list_node_typeE
                0x0800e6a8       0x2c bn_sprite_affine_mats_manager.o
                0x0800e6a8                _ZN2bn26sprite_affine_mats_manager13attach_spriteEiRNS_24intrusive_list_node_typeE
 .text._ZN2bn26sprite_affine_mats_manager18sprite_double_sizeEiRKNS_17sprite_shape_sizeE
                0x0800e6d4       0x54 bn_sprite_affine_mats_manager.o
                0x0800e6d4                _ZN2bn26sprite_affine_mats_manager18sprite_double_sizeEiRKNS_17sprite_shape_sizeE
 .text._ZN2bn26sprite_affine_mats_manager20retrieve_commit_dataEv
                0x0800e728       0x3c bn_sprite_affine_mats_manager.o
                0x0800e728                _ZN2bn26sprite_affine_mats_manager20retrieve_commit_dataEv
 .text._ZN3_bn6assert9show_argsIA37_cEEvPKcS4_S4_iRKT_
                0x0800e764       0x48 bn_sprite_affine_mats_manager.o
                0x0800e764                _ZN3_bn6assert9show_argsIA37_cEEvPKcS4_S4_iRKT_
 .text._ZN2bn21sprite_affine_mat_ptr20set_horizontal_scaleENS_7fixed_tILi12EEE
                0x0800e7ac      0x10c bn_sprite_affine_mats_manager.o
                0x0800e7ac                _ZN2bn21sprite_affine_mat_ptr20set_horizontal_scaleENS_7fixed_tILi12EEE
 .text._ZN2bn26sprite_affine_mats_manager18set_vertical_scaleEiNS_7fixed_tILi12EEE
                0x0800e8b8      0x108 bn_sprite_affine_mats_manager.o
                0x0800e8b8                _ZN2bn26sprite_affine_mats_manager18set_vertical_scaleEiNS_7fixed_tILi12EEE
 .text._ZN2bn21sprite_affine_mat_ptr18set_vertical_scaleENS_7fixed_tILi12EEE
                0x0800e9c0       0x14 bn_sprite_affine_mats_manager.o
                0x0800e9c0                _ZN2bn21sprite_affine_mat_ptr18set_vertical_scaleENS_7fixed_tILi12EEE
 .text._ZN2bn26sprite_affine_mats_manager9set_scaleEiNS_7fixed_tILi12EEE
                0x0800e9d4      0x14c bn_sprite_affine_mats_manager.o
                0x0800e9d4                _ZN2bn26sprite_affine_mats_manager9set_scaleEiNS_7fixed_tILi12EEE
 .text._ZN2bn21sprite_affine_mat_ptr9set_scaleENS_7fixed_tILi12EEE
                0x0800eb20       0x14 bn_sprite_affine_mats_manager.o
                0x0800eb20                _ZN2bn21sprite_affine_mat_ptr9set_scaleENS_7fixed_tILi12EEE
 .text._ZN2bn26sprite_affine_mats_manager12_GLOBAL__N_1L15_new_item_indexEv
                0x0800eb34       0xdc bn_sprite_affine_mats_manager.o
 .text._ZN2bn26sprite_affine_mats_manager15create_optionalERKNS_21affine_mat_attributesE
                0x0800ec10       0xdc bn_sprite_affine_mats_manager.o
                0x0800ec10                _ZN2bn26sprite_affine_mats_manager15create_optionalERKNS_21affine_mat_attributesE
 .text._ZN2bn21sprite_affine_mat_ptr6createERKNS_21affine_mat_attributesE
                0x0800ecec       0x40 bn_sprite_affine_mats_manager.o
                0x0800ecec                _ZN2bn21sprite_affine_mat_ptr6createERKNS_21affine_mat_attributesE
 .text._ZN2bn26sprite_affine_mats_manager15decrease_usagesEi.part.0
                0x0800ed2c       0x70 bn_sprite_affine_mats_manager.o
 .text._ZN2bn21sprite_affine_mat_ptrD2Ev
                0x0800ed9c       0x34 bn_sprite_affine_mats_manager.o
                0x0800ed9c                _ZN2bn21sprite_affine_mat_ptrD2Ev
                0x0800ed9c                _ZN2bn21sprite_affine_mat_ptrD1Ev
 .text._ZN2bn26sprite_affine_mats_manager6updateEv
                0x0800edd0      0x2a4 bn_sprite_affine_mats_manager.o
                0x0800edd0                _ZN2bn26sprite_affine_mats_manager6updateEv
 .text._ZN2bn26sprite_affine_mats_manager4initEPv
                0x0800f074      0x100 bn_sprite_affine_mats_manager.o
                0x0800f074                _ZN2bn26sprite_affine_mats_manager4initEPv
 .text._ZN2bn26sprite_affine_mats_manager14dettach_spriteEiRNS_24intrusive_list_node_typeE
                0x0800f174       0x4c bn_sprite_affine_mats_manager.o
                0x0800f174                _ZN2bn26sprite_affine_mats_manager14dettach_spriteEiRNS_24intrusive_list_node_typeE
 .text._ZN2bn13ostringstream11append_argsIiJA4_ciEEEvRKT_DpRKT0_.isra.0
                0x0800f1c0       0x24 bn_sprite_animate_actions.o
 .text._ZN2bn22isprite_animate_action9_set_refsERNS_10sprite_ptrERNS_17sprite_tiles_itemERNS_7ivectorItEE
                0x0800f1e4        0x4 bn_sprite_animate_actions.o
                0x0800f1e4                _ZN2bn22isprite_animate_action9_set_refsERNS_10sprite_ptrERNS_17sprite_tiles_itemERNS_7ivectorItEE
 .text._ZN2bn22isprite_animate_action7_assignERKS0_
                0x0800f1e8       0x10 bn_sprite_animate_actions.o
                0x0800f1e8                _ZN2bn22isprite_animate_action7_assignERKS0_
 .text._ZN2bn22isprite_animate_action16set_wait_updatesEi
                0x0800f1f8       0x68 bn_sprite_animate_actions.o
                0x0800f1f8                _ZN2bn22isprite_animate_action16set_wait_updatesEi
 .text._ZN3_bn6assert9show_argsIJA33_ciA4_ciEEEvPKcS5_S5_iDpRKT_
                0x0800f260       0x58 bn_sprite_animate_actions.o
                0x0800f260                _ZN3_bn6assert9show_argsIJA33_ciA4_ciEEEvPKcS5_S5_iDpRKT_
 .text._ZN2bn22isprite_animate_action24_assign_graphics_indexesERKNS_4spanIKtEE
                0x0800f2b8       0x94 bn_sprite_animate_actions.o
                0x0800f2b8                _ZN2bn22isprite_animate_action24_assign_graphics_indexesERKNS_4spanIKtEE
 .text._ZN2bn22isprite_animate_action6updateEv
                0x0800f34c       0xb8 bn_sprite_animate_actions.o
                0x0800f34c                _ZN2bn22isprite_animate_action6updateEv
 .text._ZN2bn15sprites_manager12_GLOBAL__N_1L32_always_update_indexes_to_commitERKNS_20sprites_manager_itemE
                0x0800f404       0x4c bn_sprites_manager.o
 .text._ZN2bn13ostringstream11append_argsIiJA4_ciEEEvRKT_DpRKT0_.isra.0
                0x0800f450       0x24 bn_sprites_manager.o
 .text._ZN2bn15sprites_manager12_GLOBAL__N_1L23_update_item_dimensionsERNS_20sprites_manager_itemE
                0x0800f474       0xc0 bn_sprites_manager.o
 .text._ZN2bn10sprite_ptrC2ERKS0_
                0x0800f534        0xc bn_sprites_manager.o
                0x0800f534                _ZN2bn10sprite_ptrC2ERKS0_
                0x0800f534                _ZN2bn10sprite_ptrC1ERKS0_
 .text._ZN2bn10sprite_ptr12set_positionENS_7fixed_tILi12EEES2_
                0x0800f540       0x70 bn_sprites_manager.o
                0x0800f540                _ZN2bn10sprite_ptr12set_positionENS_7fixed_tILi12EEES2_
 .text._ZN2bn10sprite_ptr12set_positionERKNS_13fixed_point_tILi12EEE
                0x0800f5b0       0x80 bn_sprites_manager.o
                0x0800f5b0                _ZN2bn10sprite_ptr12set_positionERKNS_13fixed_point_tILi12EEE
 .text._ZN2bn10sprite_ptr19set_horizontal_flipEb
                0x0800f630       0x54 bn_sprites_manager.o
                0x0800f630                _ZN2bn10sprite_ptr19set_horizontal_flipEb
 .text._ZN2bn10sprite_ptr11set_visibleEb
                0x0800f684       0x6c bn_sprites_manager.o
                0x0800f684                _ZN2bn10sprite_ptr11set_visibleEb
 .text._ZN2bn15sprites_manager4initEv
                0x0800f6f0       0xd4 bn_sprites_manager.o
                0x0800f6f0                _ZN2bn15sprites_manager4initEv
 .text._ZN2bn15sprites_manager5hw_idEPv
                0x0800f7c4        0x8 bn_sprites_manager.o
                0x0800f7c4                _ZN2bn15sprites_manager5hw_idEPv
 .text._ZN2bn15sprites_manager5shapeEPv
                0x0800f7cc        0x8 bn_sprites_manager.o
                0x0800f7cc                _ZN2bn15sprites_manager5shapeEPv
 .text._ZN2bn15sprites_manager4sizeEPv
                0x0800f7d4        0x8 bn_sprites_manager.o
                0x0800f7d4                _ZN2bn15sprites_manager4sizeEPv
 .text._ZN2bn15sprites_manager10shape_sizeEPv
                0x0800f7dc       0x14 bn_sprites_manager.o
                0x0800f7dc                _ZN2bn15sprites_manager10shape_sizeEPv
 .text._ZN2bn15sprites_manager11hw_positionEPv
                0x0800f7f0        0x4 bn_sprites_manager.o
                0x0800f7f0                _ZN2bn15sprites_manager11hw_positionEPv
 .text._ZN2bn15sprites_manager9view_modeEPv
                0x0800f7f4        0xc bn_sprites_manager.o
                0x0800f7f4                _ZN2bn15sprites_manager9view_modeEPv
 .text._ZN2bn15sprites_manager10affine_matEPv
                0x0800f800        0x4 bn_sprites_manager.o
                0x0800f800                _ZN2bn15sprites_manager10affine_matEPv
 .text._ZN2bn15sprites_manager22reserved_handles_countEv
                0x0800f804       0x10 bn_sprites_manager.o
                0x0800f804                _ZN2bn15sprites_manager22reserved_handles_countEv
 .text._ZN2bn15sprites_manager39fill_hblank_effect_horizontal_positionsEPviPKNS_7fixed_tILi12EEEPt
                0x0800f814       0x4c bn_sprites_manager.o
                0x0800f814                _ZN2bn15sprites_manager39fill_hblank_effect_horizontal_positionsEPviPKNS_7fixed_tILi12EEEPt
 .text._ZN2bn15sprites_manager37fill_hblank_effect_vertical_positionsEPviPKNS_7fixed_tILi12EEEPt
                0x0800f860       0x4c bn_sprites_manager.o
                0x0800f860                _ZN2bn15sprites_manager37fill_hblank_effect_vertical_positionsEPviPKNS_7fixed_tILi12EEEPt
 .text._ZN2bn15sprites_manager35fill_hblank_effect_first_attributesEiNS_12sprite_shapeENS_8bpp_modeEiPKNS_23sprite_first_attributesEPt
                0x0800f8ac       0xd4 bn_sprites_manager.o
                0x0800f8ac                _ZN2bn15sprites_manager35fill_hblank_effect_first_attributesEiNS_12sprite_shapeENS_8bpp_modeEiPKNS_23sprite_first_attributesEPt
 .text._ZN2bn15sprites_manager44fill_hblank_effect_regular_second_attributesEPviNS_11sprite_sizeEPKNS_32sprite_regular_second_attributesEPt
                0x0800f980       0x60 bn_sprites_manager.o
                0x0800f980                _ZN2bn15sprites_manager44fill_hblank_effect_regular_second_attributesEPviNS_11sprite_sizeEPKNS_32sprite_regular_second_attributesEPt
 .text._ZN2bn15sprites_manager43fill_hblank_effect_affine_second_attributesEPviNS_11sprite_sizeEPKNS_31sprite_affine_second_attributesEPt
                0x0800f9e0       0x58 bn_sprites_manager.o
                0x0800f9e0                _ZN2bn15sprites_manager43fill_hblank_effect_affine_second_attributesEPviNS_11sprite_sizeEPKNS_31sprite_affine_second_attributesEPt
 .text._ZN2bn15sprites_manager14update_camerasEv
                0x0800fa38       0x20 bn_sprites_manager.o
                0x0800fa38                _ZN2bn15sprites_manager14update_camerasEv
 .text._ZN2bn15sprites_manager23update_auto_double_sizeEPv
                0x0800fa58       0x2c bn_sprites_manager.o
                0x0800fa58                _ZN2bn15sprites_manager23update_auto_double_sizeEPv
 .text._ZN2bn15sprites_manager6commitEb
                0x0800fa84       0xa4 bn_sprites_manager.o
                0x0800fa84                _ZN2bn15sprites_manager6commitEb
 .text._ZN3_bn6assert9show_argsIA54_cEEvPKcS4_S4_iRKT_
                0x0800fb28       0x48 bn_sprites_manager.o
                0x0800fb28                _ZN3_bn6assert9show_argsIA54_cEEvPKcS4_S4_iRKT_
 .text._ZNK2bn17sprite_shape_size6heightEv.isra.0
                0x0800fb70       0xd0 bn_sprites_manager.o
 .text._ZNK2bn17sprite_shape_size5widthEv.isra.0
                0x0800fc40       0xcc bn_sprites_manager.o
 .text._ZN2bn15sprites_manager12_GLOBAL__N_1L18_remove_affine_matERNS_20sprites_manager_itemE
                0x0800fd0c       0xe4 bn_sprites_manager.o
 .text._ZN2bn15sprites_manager42remove_identity_affine_mat_when_not_neededEPv
                0x0800fdf0        0xc bn_sprites_manager.o
                0x0800fdf0                _ZN2bn15sprites_manager42remove_identity_affine_mat_when_not_neededEPv
 .text._ZN2bn15sprites_manager7paletteEPv
                0x0800fdfc       0x34 bn_sprites_manager.o
                0x0800fdfc                _ZN2bn15sprites_manager7paletteEPv
 .text._ZN3_bn6assert9show_argsIA27_chEEvPKcS4_S4_iRKT_RKT0_
                0x0800fe30       0x54 bn_sprites_manager.o
                0x0800fe30                _ZN3_bn6assert9show_argsIA27_chEEvPKcS4_S4_iRKT_RKT0_
 .text._ZNK2bn20sprites_manager_item15new_double_sizeEi.part.0
                0x0800fe84       0x30 bn_sprites_manager.o
 .text._ZN2bn15sprites_manager12_GLOBAL__N_1L18_assign_affine_matEbRNS_20sprites_manager_itemEONS_21sprite_affine_mat_ptrE
                0x0800feb4      0x118 bn_sprites_manager.o
 .text._ZN2bn15sprites_manager18set_new_affine_matEPvRNS_21affine_mat_attributesE
                0x0800ffcc       0x84 bn_sprites_manager.o
                0x0800ffcc                _ZN2bn15sprites_manager18set_new_affine_matEPvRNS_21affine_mat_attributesE
 .text._ZN2bn15sprites_manager9set_tilesEPvONS_16sprite_tiles_ptrE
                0x08010050      0x24c bn_sprites_manager.o
                0x08010050                _ZN2bn15sprites_manager9set_tilesEPvONS_16sprite_tiles_ptrE
 .text._ZN2bn10sprite_ptr9set_tilesERKNS_17sprite_tiles_itemEi
                0x0801029c       0x7c bn_sprites_manager.o
                0x0801029c                _ZN2bn10sprite_ptr9set_tilesERKNS_17sprite_tiles_itemEi
 .text._ZN2bn15sprites_manager6updateEv
                0x08010318      0x13c bn_sprites_manager.o
                0x08010318                _ZN2bn15sprites_manager6updateEv
 .text._ZN3_bn6assert9show_argsIJA27_ciA4_ciEEEvPKcS5_S5_iDpRKT_
                0x08010454       0x58 bn_sprites_manager.o
                0x08010454                _ZN3_bn6assert9show_argsIJA27_ciA4_ciEEEvPKcS5_S5_iDpRKT_
 .text._ZN2bn15sprites_manager35fill_hblank_effect_third_attributesENS_17sprite_shape_sizeEPKNS_23sprite_third_attributesEPt
                0x080104ac      0x2f0 bn_sprites_manager.o
                0x080104ac                _ZN2bn15sprites_manager35fill_hblank_effect_third_attributesENS_17sprite_shape_sizeEPKNS_23sprite_third_attributesEPt
 .text._ZN2bn14sorted_sprites6sorter6insertERNS_20sprites_manager_itemE
                0x0801079c      0x184 bn_sprites_manager.o
                0x0801079c                _ZN2bn14sorted_sprites6sorter6insertERNS_20sprites_manager_itemE
 .text._ZN2bn15sprites_manager6createERKNS_13fixed_point_tILi12EEERKNS_17sprite_shape_sizeEONS_16sprite_tiles_ptrEONS_18sprite_palette_ptrE
                0x08010920      0x1d0 bn_sprites_manager.o
                0x08010920                _ZN2bn15sprites_manager6createERKNS_13fixed_point_tILi12EEERKNS_17sprite_shape_sizeEONS_16sprite_tiles_ptrEONS_18sprite_palette_ptrE
 .text._ZNK2bn11sprite_item13create_spriteERKNS_13fixed_point_tILi12EEE
                0x08010af0       0x40 bn_sprites_manager.o
                0x08010af0                _ZNK2bn11sprite_item13create_spriteERKNS_13fixed_point_tILi12EEE
 .text._ZNK2bn11sprite_item13create_spriteENS_7fixed_tILi12EEES2_
                0x08010b30       0x44 bn_sprites_manager.o
                0x08010b30                _ZNK2bn11sprite_item13create_spriteENS_7fixed_tILi12EEES2_
 .text._ZN2bn15sprites_manager15set_bg_priorityEPvi
                0x08010b74      0x148 bn_sprites_manager.o
                0x08010b74                _ZN2bn15sprites_manager15set_bg_priorityEPvi
 .text._ZN2bn10sprite_ptr15set_bg_priorityEi
                0x08010cbc       0x10 bn_sprites_manager.o
                0x08010cbc                _ZN2bn10sprite_ptr15set_bg_priorityEi
 .text._ZN2bn15sprites_manager15decrease_usagesEPv
                0x08010ccc      0x17c bn_sprites_manager.o
                0x08010ccc                _ZN2bn15sprites_manager15decrease_usagesEPv
 .text._ZN2bn10sprite_ptrD2Ev
                0x08010e48       0x18 bn_sprites_manager.o
                0x08010e48                _ZN2bn10sprite_ptrD1Ev
                0x08010e48                _ZN2bn10sprite_ptrD2Ev
 .text._ZN2bn10sprite_ptr20set_horizontal_scaleENS_7fixed_tILi12EEE
                0x08010e60       0xb8 bn_sprites_manager.o
                0x08010e60                _ZN2bn10sprite_ptr20set_horizontal_scaleENS_7fixed_tILi12EEE
 .text._ZN2bn10sprite_ptr18set_vertical_scaleENS_7fixed_tILi12EEE
                0x08010f18       0xb8 bn_sprites_manager.o
                0x08010f18                _ZN2bn10sprite_ptr18set_vertical_scaleENS_7fixed_tILi12EEE
 .text._ZN2bn10sprite_ptr9set_scaleENS_7fixed_tILi12EEE
                0x08010fd0       0xbc bn_sprites_manager.o
                0x08010fd0                _ZN2bn10sprite_ptr9set_scaleENS_7fixed_tILi12EEE
 .text._ZN3_bn6assert9show_argsIJA25_ciA4_ctEEEvPKcS5_S5_iDpRKT_
                0x0801108c       0x64 bn_sprite_text_generator.o
                0x0801108c                _ZN3_bn6assert9show_argsIJA25_ciA4_ctEEEvPKcS5_S5_iDpRKT_
 .text._ZNK2bn16sprite_tiles_ptr2idEv
                0x080110f0       0x18 bn_sprite_tiles_manager.o
                0x080110f0                _ZNK2bn16sprite_tiles_ptr2idEv
 .text._ZNK2bn16sprite_tiles_ptr11tiles_countEv
                0x08011108       0x18 bn_sprite_tiles_manager.o
                0x08011108                _ZNK2bn16sprite_tiles_ptr11tiles_countEv
 .text._ZN2bn20sprite_tiles_manager10log_statusEv
                0x08011120      0x1ec bn_sprite_tiles_manager.o
                0x08011120                _ZN2bn20sprite_tiles_manager10log_statusEv
 .text._ZN2bn20sprite_tiles_manager19commit_uncompressedEb
                0x0801130c       0xc4 bn_sprite_tiles_manager.o
                0x0801130c                _ZN2bn20sprite_tiles_manager19commit_uncompressedEb
 .text._ZN3_bn6assert9show_argsIJA44_cPKN2bn4tileEA4_cS6_EEEvPKcS9_S9_iDpRKT_
                0x080113d0       0x64 bn_sprite_tiles_manager.o
                0x080113d0                _ZN3_bn6assert9show_argsIJA44_cPKN2bn4tileEA4_cS6_EEEvPKcS9_S9_iDpRKT_
 .text._ZN3_bn6assert9show_argsIJA46_ciA4_cjEEEvPKcS5_S5_iDpRKT_
                0x08011434       0x64 bn_sprite_tiles_manager.o
                0x08011434                _ZN3_bn6assert9show_argsIJA46_ciA4_cjEEEvPKcS5_S5_iDpRKT_
 .text._ZN2bn20sprite_tiles_manager12_GLOBAL__N_1L10_hw_commitEPKNS_4tileENS_16compression_typeEii
                0x08011498       0x88 bn_sprite_tiles_manager.o
 .text._ZN2bn20sprite_tiles_manager17commit_compressedEv
                0x08011520       0x5c bn_sprite_tiles_manager.o
                0x08011520                _ZN2bn20sprite_tiles_manager17commit_compressedEv
 .text._ZN3_bn6assert9show_argsIJA28_cA15_cPKN2bn4tileEA16_ciA34_cNS4_11string_viewEEEEvPKcSC_SC_iDpRKT_
                0x0801157c       0x7c bn_sprite_tiles_manager.o
                0x0801157c                _ZN3_bn6assert9show_argsIJA28_cA15_cPKN2bn4tileEA16_ciA34_cNS4_11string_viewEEEEvPKcSC_SC_iDpRKT_
 .text._ZN2bn20sprite_tiles_manager4initEv
                0x080115f8      0x188 bn_sprite_tiles_manager.o
                0x080115f8                _ZN2bn20sprite_tiles_manager4initEv
 .text._ZN2bn20sprite_tiles_manager12_GLOBAL__N_1L22_insert_to_commit_itemEiRNS1_9item_typeE.part.0
                0x08011780       0x64 bn_sprite_tiles_manager.o
 .text._ZN2bn20sprite_tiles_manager12_GLOBAL__N_1L17_insert_free_itemEi
                0x080117e4       0xe0 bn_sprite_tiles_manager.o
 .text._ZN2bn20sprite_tiles_manager12_GLOBAL__N_1L16_erase_free_itemEi
                0x080118c4       0xe8 bn_sprite_tiles_manager.o
 .text._ZN2bn20sprite_tiles_manager12_GLOBAL__N_1L21_erase_to_commit_itemEiRNS1_9item_typeE.part.0
                0x080119ac       0xac bn_sprite_tiles_manager.o
 .text._ZN2bn20sprite_tiles_manager15decrease_usagesEi
                0x08011a58      0x138 bn_sprite_tiles_manager.o
                0x08011a58                _ZN2bn20sprite_tiles_manager15decrease_usagesEi
 .text._ZN2bn16sprite_tiles_ptrD2Ev
                0x08011b90       0x18 bn_sprite_tiles_manager.o
                0x08011b90                _ZN2bn16sprite_tiles_ptrD1Ev
                0x08011b90                _ZN2bn16sprite_tiles_ptrD2Ev
 .text._ZN2bn20sprite_tiles_manager12_GLOBAL__N_1L10_find_implEPKNS_4tileENS_16compression_typeEi
                0x08011ba8      0x288 bn_sprite_tiles_manager.o
 .text._ZNK2bn17sprite_tiles_item10find_tilesEi
                0x08011e30       0xcc bn_sprite_tiles_manager.o
                0x08011e30                _ZNK2bn17sprite_tiles_item10find_tilesEi
 .text._ZN2bn20sprite_tiles_manager12_GLOBAL__N_1L21_erase_items_map_itemEPKNS_4tileE
                0x08011efc      0x1fc bn_sprite_tiles_manager.o
 .text._ZN2bn20sprite_tiles_manager12_GLOBAL__N_1L12_create_itemEiPKNS_4tileENS_16compression_typeEib
                0x080120f8      0x1e0 bn_sprite_tiles_manager.o
 .text._ZN2bn20sprite_tiles_manager6updateEv
                0x080122d8      0x1a0 bn_sprite_tiles_manager.o
                0x080122d8                _ZN2bn20sprite_tiles_manager6updateEv
 .text._ZN2bn20sprite_tiles_manager12_GLOBAL__N_1L12_create_implEPKNS_4tileENS_16compression_typeEi
                0x08012478      0x1fc bn_sprite_tiles_manager.o
 .text._ZN2bn20sprite_tiles_manager12_GLOBAL__N_1L22_insert_items_map_itemEPKNS_4tileEi
                0x08012674       0xc0 bn_sprite_tiles_manager.o
 .text._ZN2bn20sprite_tiles_manager6createERKNS_4spanIKNS_4tileEEENS_16compression_typeE
                0x08012734       0x90 bn_sprite_tiles_manager.o
                0x08012734                _ZN2bn20sprite_tiles_manager6createERKNS_4spanIKNS_4tileEEENS_16compression_typeE
 .text._ZN2bn16sprite_tiles_ptr6createERKNS_17sprite_tiles_itemE
                0x080127c4       0x84 bn_sprite_tiles_manager.o
                0x080127c4                _ZN2bn16sprite_tiles_ptr6createERKNS_17sprite_tiles_itemE
 .text._ZN2bn16sprite_tiles_ptr6createERKNS_17sprite_tiles_itemEi
                0x08012848       0xc0 bn_sprite_tiles_manager.o
                0x08012848                _ZN2bn16sprite_tiles_ptr6createERKNS_17sprite_tiles_itemEi
 .text._ZN2bn13ostringstreamC2ERNS_12istring_baseE
                0x08012908        0x8 bn_sstream.o
                0x08012908                _ZN2bn13ostringstreamC1ERNS_12istring_baseE
                0x08012908                _ZN2bn13ostringstreamC2ERNS_12istring_baseE
 .text._ZNK2bn13ostringstream4sizeEv
                0x08012910        0x8 bn_sstream.o
                0x08012910                _ZNK2bn13ostringstream4sizeEv
 .text._ZN2bn13ostringstream6appendEPKc
                0x08012918       0xac bn_sstream.o
                0x08012918                _ZN2bn13ostringstream6appendEPKc
 .text._ZN2bn13ostringstream6appendEi
                0x080129c4       0xb0 bn_sstream.o
                0x080129c4                _ZN2bn13ostringstream6appendEi
 .text._ZN2bn13ostringstream6appendERKNS_11string_viewE
                0x08012a74       0xbc bn_sstream.o
                0x08012a74                _ZN2bn13ostringstream6appendERKNS_11string_viewE
 .text._ZN2bn13ostringstream6appendEj
                0x08012b30       0xb0 bn_sstream.o
                0x08012b30                _ZN2bn13ostringstream6appendEj
 .text._ZN2bn13ostringstream6appendEPKv
                0x08012be0       0xec bn_sstream.o
                0x08012be0                _ZN2bn13ostringstream6appendEPKv
 .text._ZN2bn13ostringstream16_append_fractionEji
                0x08012ccc      0x120 bn_sstream.o
                0x08012ccc                _ZN2bn13ostringstream16_append_fractionEji
 .text._ZN2bn13ostringstream6appendEc
                0x08012dec       0x48 bn_sstream.o
                0x08012dec                _ZN2bn13ostringstream6appendEc
 .text._ZN2bn18igeneric_pool_baseC2EPci
                0x08012e34       0x10 bn_translation_unit.o
                0x08012e34                _ZN2bn18igeneric_pool_baseC1EPci
                0x08012e34                _ZN2bn18igeneric_pool_baseC2EPci
 .text._ZN2bn18igeneric_pool_base5_freeEPc
                0x08012e44       0x10 bn_translation_unit.o
                0x08012e44                _ZN2bn18igeneric_pool_base5_freeEPc
 .text._ZN2bn5timerC2Ev
                0x08012e54       0x24 bn_translation_unit.o
                0x08012e54                _ZN2bn5timerC1Ev
                0x08012e54                _ZN2bn5timerC2Ev
 .text._ZNK2bn5timer13elapsed_ticksEv
                0x08012e78       0x2c bn_translation_unit.o
                0x08012e78                _ZNK2bn5timer13elapsed_ticksEv
 .text._ZN2bn5timer7restartEv
                0x08012ea4       0x28 bn_translation_unit.o
                0x08012ea4                _ZN2bn5timer7restartEv
 .text._ZN2bn3logERKNS_12istring_baseE
                0x08012ecc       0x58 bn_translation_unit.o
                0x08012ecc                _ZN2bn3logERKNS_12istring_baseE
 .text._ZN3_bn9sqrt_implEi
                0x08012f24       0x18 bn_translation_unit.o
                0x08012f24                _ZN3_bn9sqrt_implEi
 .text._ZN2bn18igeneric_pool_base9_allocateEv
                0x08012f3c       0x48 bn_translation_unit.o
                0x08012f3c                _ZN2bn18igeneric_pool_base9_allocateEv
 .text._ZN2bn2hw5audio12_GLOBAL__N_1L21_maxmod_event_handlerEjj
                0x08012f84       0x38 bn_hw_audio.o
 .text._ZN2bn2hw5audio4initEv
                0x08012fbc       0x7c bn_hw_audio.o
                0x08012fbc                _ZN2bn2hw5audio4initEv
 .text._ZN2bn2hw5audio7disableEv
                0x08013038       0x18 bn_hw_audio.o
                0x08013038                _ZN2bn2hw5audio7disableEv
 .text._ZN2bn2hw5audio13update_eventsEb
                0x08013050       0x6c bn_hw_audio.o
                0x08013050                _ZN2bn2hw5audio13update_eventsEb
 .text._ZN2bn2hw5audio13music_playingEv
                0x080130bc       0x20 bn_hw_audio.o
                0x080130bc                _ZN2bn2hw5audio13music_playingEv
 .text._ZN2bn2hw5audio10play_musicEib
                0x080130dc       0x1c bn_hw_audio.o
                0x080130dc                _ZN2bn2hw5audio10play_musicEib
 .text._ZN2bn2hw5audio10stop_musicEv
                0x080130f8       0x18 bn_hw_audio.o
                0x080130f8                _ZN2bn2hw5audio10stop_musicEv
 .text._ZN2bn2hw5audio11pause_musicEv
                0x08013110       0x18 bn_hw_audio.o
                0x08013110                _ZN2bn2hw5audio11pause_musicEv
 .text._ZN2bn2hw5audio12resume_musicEv
                0x08013128       0x18 bn_hw_audio.o
                0x08013128                _ZN2bn2hw5audio12resume_musicEv
 .text._ZN2bn2hw5audio14jingle_playingEv
                0x08013140       0x20 bn_hw_audio.o
                0x08013140                _ZN2bn2hw5audio14jingle_playingEv
 .text._ZN2bn2hw5audio11play_jingleEi
                0x08013160       0x1c bn_hw_audio.o
                0x08013160                _ZN2bn2hw5audio11play_jingleEi
 .text._ZN2bn2hw5audio11stop_jingleEv
                0x0801317c       0x18 bn_hw_audio.o
                0x0801317c                _ZN2bn2hw5audio11stop_jingleEv
 .text._ZN2bn2hw5audio12pause_jingleEv
                0x08013194       0x18 bn_hw_audio.o
                0x08013194                _ZN2bn2hw5audio12pause_jingleEv
 .text._ZN2bn2hw5audio13resume_jingleEv
                0x080131ac       0x18 bn_hw_audio.o
                0x080131ac                _ZN2bn2hw5audio13resume_jingleEv
 .text._ZN3_bn6assert9show_argsIA43_cEEvPKcS4_S4_iRKT_
                0x080131c4       0x48 bn_hw_audio.o
                0x080131c4                _ZN3_bn6assert9show_argsIA43_cEEvPKcS4_S4_iRKT_
 .text._ZN2bn2hw5audio15set_mixing_rateENS_17audio_mixing_rateE
                0x0801320c       0xc0 bn_hw_audio.o
                0x0801320c                _ZN2bn2hw5audio15set_mixing_rateENS_17audio_mixing_rateE
 .text._ZN2bn2hw5audio15set_sound_speedEtNS_7fixed_tILi12EEES3_
                0x080132cc       0x74 bn_hw_audio.o
                0x080132cc                _ZN2bn2hw5audio15set_sound_speedEtNS_7fixed_tILi12EEES3_
 .text._ZN2bn2hw5audio12_GLOBAL__N_1L19_add_sound_to_queueEit
                0x08013340       0x98 bn_hw_audio.o
 .text._ZN2bn2hw5audio12_GLOBAL__N_1L19_check_sounds_queueEi
                0x080133d8       0xb0 bn_hw_audio.o
 .text._ZN2bn2hw5audio10play_soundEii
                0x08013488       0x44 bn_hw_audio.o
                0x08013488                _ZN2bn2hw5audio10play_soundEii
 .text._ZN2bn2hw5audio10play_soundEiiNS_7fixed_tILi12EEES3_S3_
                0x080134cc       0xb8 bn_hw_audio.o
                0x080134cc                _ZN2bn2hw5audio10play_soundEiiNS_7fixed_tILi12EEES3_S3_
 .text._ZN2bn2hw5audio15stop_all_soundsEv
                0x08013584       0x60 bn_hw_audio.o
                0x08013584                _ZN2bn2hw5audio15stop_all_soundsEv
 .text._ZN2bn2hw5audio19update_sounds_queueEv
                0x080135e4       0x94 bn_hw_audio.o
                0x080135e4                _ZN2bn2hw5audio19update_sounds_queueEv
 .text._ZN2bn2hw5audio12_GLOBAL__N_1L23_erase_sound_from_queueEt
                0x08013678       0x98 bn_hw_audio.o
 .text._ZN2bn2hw5audio10stop_soundEt
                0x08013710       0x20 bn_hw_audio.o
                0x08013710                _ZN2bn2hw5audio10stop_soundEt
 .text._ZN2bn2hw5audio13release_soundEt
                0x08013730       0x20 bn_hw_audio.o
                0x08013730                _ZN2bn2hw5audio13release_soundEt
 .text.__libc_init_array
                0x08013750       0x50 bn_hw_common.bn_noflto.o
                0x08013750                __libc_init_array
 .text._ZN3_bn6assert9show_argsIA40_cEEvPKcS4_S4_iRKT_
                0x080137a0       0x48 bn_hw_common.bn_noflto.o
                0x080137a0                _ZN3_bn6assert9show_argsIA40_cEEvPKcS4_S4_iRKT_
 .text.__aeabi_idiv0
                0x080137e8       0x24 bn_hw_common.bn_noflto.o
                0x080137e8                __aeabi_idiv0
 .text.free     0x0801380c        0xc bn_hw_cstdlib.o
                0x0801380c                free
 .text._ZN2bn2hw9dmg_audio4initEv
                0x08013818       0x18 bn_hw_dmg_audio.o
                0x08013818                _ZN2bn2hw9dmg_audio4initEv
 .text._ZN2bn2hw9dmg_audio7disableEv
                0x08013830       0x18 bn_hw_dmg_audio.o
                0x08013830                _ZN2bn2hw9dmg_audio7disableEv
 .text._ZN2bn2hw9dmg_audio13music_playingEv
                0x08013848       0x28 bn_hw_dmg_audio.o
                0x08013848                _ZN2bn2hw9dmg_audio13music_playingEv
 .text._ZN2bn2hw9dmg_audio10stop_musicEv
                0x08013870       0x24 bn_hw_dmg_audio.o
                0x08013870                _ZN2bn2hw9dmg_audio10stop_musicEv
 .text._ZN2bn2hw9dmg_audio11pause_musicEv
                0x08013894       0x24 bn_hw_dmg_audio.o
                0x08013894                _ZN2bn2hw9dmg_audio11pause_musicEv
 .text._ZN2bn2hw9dmg_audio12resume_musicEv
                0x080138b8       0x24 bn_hw_dmg_audio.o
                0x080138b8                _ZN2bn2hw9dmg_audio12resume_musicEv
 .text._ZN2bn2hw9dmg_audio14music_positionERiS2_
                0x080138dc       0x2c bn_hw_dmg_audio.o
                0x080138dc                _ZN2bn2hw9dmg_audio14music_positionERiS2_
 .text._ZN2bn2hw9dmg_audio6commitEv
                0x08013908       0x34 bn_hw_dmg_audio.o
                0x08013908                _ZN2bn2hw9dmg_audio6commitEv
 .text._ZN3_bn6assert9show_argsIA38_ciEEvPKcS4_S4_iRKT_RKT0_
                0x0801393c       0x54 bn_hw_dmg_audio.o
                0x0801393c                _ZN3_bn6assert9show_argsIA38_ciEEvPKcS4_S4_iRKT_RKT0_
 .text._ZN2bn2hw9dmg_audio10play_musicEPKvNS_14dmg_music_typeEib
                0x08013990       0x84 bn_hw_dmg_audio.o
                0x08013990                _ZN2bn2hw9dmg_audio10play_musicEPKvNS_14dmg_music_typeEib
 .text._ZN2bn2hw9dmg_audio18set_music_positionEii
                0x08013a14       0x4c bn_hw_dmg_audio.o
                0x08013a14                _ZN2bn2hw9dmg_audio18set_music_positionEii
 .text._ZN2bn2hw9dmg_audio16set_music_volumeENS_7fixed_tILi12EEES3_
                0x08013a60       0x50 bn_hw_dmg_audio.o
                0x08013a60                _ZN2bn2hw9dmg_audio16set_music_volumeENS_7fixed_tILi12EEES3_
 .text._ZN3_bn6assert9show_argsIA32_cjEEvPKcS4_S4_iRKT_RKT0_
                0x08013ab0       0x54 bn_hw_dmg_audio.o
                0x08013ab0                _ZN3_bn6assert9show_argsIA32_cjEEvPKcS4_S4_iRKT_RKT0_
 .text._ZN2bn2hw9dmg_audio19check_commit_resultEv
                0x08013b04       0x38 bn_hw_dmg_audio.o
                0x08013b04                _ZN2bn2hw9dmg_audio19check_commit_resultEv
 .text._ZN2bn2hw4gpio4initEv
                0x08013b3c        0x8 bn_hw_gpio.bn_noflto.o
                0x08013b3c                _ZN2bn2hw4gpio4initEv
 .text._ZN2bn2hw4link12_GLOBAL__N_1L19_resetStateCallbackEv
                0x08013b44       0x4c bn_hw_link.o
 .text._ZN2bn2hw4link4initEv
                0x08013b90      0x100 bn_hw_link.o