Archive member included to satisfy reference by file (symbol)

/opt/devkitpro/devkitARM/lib/gcc/arm-none-eabi/15.2.0/thumb/libgcc.a(_aeabi_ldivmod.o)
                              bn_hw_text.o (__aeabi_ldivmod)
/opt/devkitpro/devkitARM/lib/gcc/arm-none-eabi/15.2.0/thumb/libgcc.a(_aeabi_uldivmod.o)
                              bn_hw_text.o (__aeabi_uldivmod)
/opt/devkitpro/devkitARM/lib/gcc/arm-none-eabi/15.2.0/thumb/libgcc.a(_sync_none.o)
                              (__sync_synchronize_none)
/opt/devkitpro/devkitARM/lib/gcc/arm-none-eabi/15.2.0/thumb/libgcc.a(_udivmoddi4.o)
                              /opt/devkitpro/devkitARM/lib/gcc/arm-none-eabi/15.2.0/thumb/libgcc.a(_aeabi_ldivmod.o) (__udivmoddi4)

Discarded input sections

 .text          0x00000000        0x0 /opt/devkitpro/devkitARM/lib/gcc/arm-none-eabi/15.2.0/../../../../arm-none-eabi/lib/thumb/gba_crt0.o
 .data          0x00000000        0x0 /opt/devkitpro/devkitARM/lib/gcc/arm-none-eabi/15.2.0/../../../../arm-none-eabi/lib/thumb/gba_crt0.o
 .bss           0x00000000        0x0 /opt/devkitpro/devkitARM/lib/gcc/arm-none-eabi/15.2.0/../../../../arm-none-eabi/lib/thumb/gba_crt0.o
 .text          0x00000000        0x0 /opt/devkitpro/devkitARM/lib/gcc/arm-none-eabi/15.2.0/thumb/crti.o
 .data          0x00000000        0x0 /opt/devkitpro/devkitARM/lib/gcc/arm-none-eabi/15.2.0/thumb/crti.o
 .bss           0x00000000        0x0 /opt/devkitpro/devkitARM/lib/gcc/arm-none-eabi/15.2.0/thumb/crti.o
 .text          0x00000000        0x0 /opt/devkitpro/devkitARM/lib/gcc/arm-none-eabi/15.2.0/thumb/crtbegin.o
 .data          0x00000000        0x0 /opt/devkitpro/devkitARM/lib/gcc/arm-none-eabi/15.2.0/thumb/crtbegin.o
 .bss           0x00000000        0x0 /opt/devkitpro/devkitARM/lib/gcc/arm-none-eabi/15.2.0/thumb/crtbegin.o
 .rodata.all_implied_fbits
                0x00000000       0x24 /opt/devkitpro/devkitARM/lib/gcc/arm-none-eabi/15.2.0/thumb/crtbegin.o
 .data.__dso_handle
                0x00000000        0x4 /opt/devkitpro/devkitARM/lib/gcc/arm-none-eabi/15.2.0/thumb/crtbegin.o
 .text          0x00000000        0x0 bn_audio_soundbank.bin.o
 .data          0x00000000        0x0 bn_audio_soundbank.bin.o
 .bss           0x00000000        0x0 bn_audio_soundbank.bin.o
 .text          0x00000000        0x0 bg_bn_gfx.o
 .data          0x00000000        0x0 bg_bn_gfx.o
 .bss           0x00000000        0x0 bg_bn_gfx.o
 .rodata        0x00000000     0x5840 bg_bn_gfx.o
 .text          0x00000000        0x0 bluhemoji_bn_gfx.o
 .data          0x00000000        0x0 bluhemoji_bn_gfx.o
 .bss           0x00000000        0x0 bluhemoji_bn_gfx.o
 .rodata        0x00000000       0xa0 bluhemoji_bn_gfx.o
 .text          0x00000000        0x0 common_fixed_8x16_font_bn_gfx.o
 .data          0x00000000        0x0 common_fixed_8x16_font_bn_gfx.o
 .bss           0x00000000        0x0 common_fixed_8x16_font_bn_gfx.o
 .rodata        0x00000000     0x1ba0 common_fixed_8x16_font_bn_gfx.o
 .text          0x00000000        0x0 common_fixed_8x8_font_bn_gfx.o
 .data          0x00000000        0x0 common_fixed_8x8_font_bn_gfx.o
 .bss           0x00000000        0x0 common_fixed_8x8_font_bn_gfx.o
 .rodata        0x00000000      0xde0 common_fixed_8x8_font_bn_gfx.o
 .text          0x00000000        0x0 common_variable_16x16_font_bn_gfx.o
 .data          0x00000000        0x0 common_variable_16x16_font_bn_gfx.o
 .bss           0x00000000        0x0 common_variable_16x16_font_bn_gfx.o
 .rodata        0x00000000     0x3720 common_variable_16x16_font_bn_gfx.o
 .text          0x00000000        0x0 common_variable_8x16_font_bn_gfx.o
 .data          0x00000000        0x0 common_variable_8x16_font_bn_gfx.o
 .bss           0x00000000        0x0 common_variable_8x16_font_bn_gfx.o
 .rodata        0x00000000     0x1ba0 common_variable_8x16_font_bn_gfx.o
 .text          0x00000000        0x0 common_variable_8x8_font_bn_gfx.o
 .data          0x00000000        0x0 common_variable_8x8_font_bn_gfx.o
 .bss           0x00000000        0x0 common_variable_8x8_font_bn_gfx.o
 .rodata        0x00000000      0xde0 common_variable_8x8_font_bn_gfx.o
 .text          0x00000000        0x0 enemy_bn_gfx.o
 .data          0x00000000        0x0 enemy_bn_gfx.o
 .bss           0x00000000        0x0 enemy_bn_gfx.o
 .text          0x00000000        0x0 floor_bg_bn_gfx.o
 .data          0x00000000        0x0 floor_bg_bn_gfx.o
 .bss           0x00000000        0x0 floor_bg_bn_gfx.o
 .text          0x00000000        0x0 fran_stand_bn_gfx.o
 .data          0x00000000        0x0 fran_stand_bn_gfx.o
 .bss           0x00000000        0x0 fran_stand_bn_gfx.o
 .rodata        0x00000000       0xa0 fran_stand_bn_gfx.o
 .text          0x00000000        0x0 player_fran_bn_gfx.o
 .data          0x00000000        0x0 player_fran_bn_gfx.o
 .bss           0x00000000        0x0 player_fran_bn_gfx.o
 .text          0x00000000        0x0 textbox_mid_bn_gfx.o
 .data          0x00000000        0x0 textbox_mid_bn_gfx.o
[...]
Memory Configuration

Name             Origin             Length             Attributes
rom              0x08000000         0x02000000
iwram            0x03000000         0x00008000
ewram            0x02000000         0x00040000
*default*        0x00000000         0xffffffff

Linker script and memory map

                0x00000000                        __sync_synchronize = __sync_synchronize_none
                0x08000000                        __text_start = ORIGIN (rom)
                0x02040000                        __eheap_end = (ORIGIN (ewram) + LENGTH (ewram))
                0x03000000                        __iwram_start = ORIGIN (iwram)
                0x03008000                        __iwram_top = (ORIGIN (iwram) + LENGTH (iwram))
                0x03007fa0                        __sp_irq = (__iwram_top - 0x60)
                0x03007f00                        __sp_usr = (__sp_irq - 0xa0)
                0x03007ff8                        __irq_flags = 0x3007ff8
                0x08000000                        . = __text_start

.crt0           0x08000000      0x210
 *(.crt0)
 .crt0          0x08000000      0x210 /opt/devkitpro/devkitARM/lib/gcc/arm-none-eabi/15.2.0/../../../../arm-none-eabi/lib/thumb/gba_crt0.o
                0x08000000                _start
                0x080000c4                __boot_method
                0x080000c5                __slave_number
                0x080000e0                start_vector
                0x08000210                        . = ALIGN (0x4)

.init           0x08000210        0xc
 *(SORT_NONE(.init))
 .init          0x08000210        0x4 /opt/devkitpro/devkitARM/lib/gcc/arm-none-eabi/15.2.0/thumb/crti.o
                0x08000210                _init
 .init          0x08000214        0x8 /opt/devkitpro/devkitARM/lib/gcc/arm-none-eabi/15.2.0/thumb/crtn.o

.plt            0x0800021c        0x0
 *(.plt)
                0x0800021c                        . = ALIGN (0x4)

.text           0x08000220    0x150e0
 *(EXCLUDE_FILE(*.iwram*) .text*)
 .text.__do_global_dtors_aux
                0x08000220       0x2c /opt/devkitpro/devkitARM/lib/gcc/arm-none-eabi/15.2.0/thumb/crtbegin.o
 .text.frame_dummy
                0x0800024c       0x24 /opt/devkitpro/devkitARM/lib/gcc/arm-none-eabi/15.2.0/thumb/crtbegin.o
 .text._ZN5EnemyC2E9EnemyTypeii
                0x08000270       0x5c enemy.o
                0x08000270                _ZN5EnemyC2E9EnemyTypeii
                0x08000270                _ZN5EnemyC1E9EnemyTypeii
 .text._ZN5Enemy12move_towardsEN2bn13fixed_point_tILi12EEE
                0x080002cc      0x140 enemy.o
                0x080002cc                _ZN5Enemy12move_towardsEN2bn13fixed_point_tILi12EEE
 .text._ZN5Enemy12deaccelerateEv
                0x0800040c       0x6c enemy.o
                0x0800040c                _ZN5Enemy12deaccelerateEv
 .text._ZN5Enemy6updateEiiiiN2bn13fixed_point_tILi12EEE
                0x08000478       0x68 enemy.o
                0x08000478                _ZN5Enemy6updateEiiiiN2bn13fixed_point_tILi12EEE
 .text._ZN4GameC2Ev
                0x080004e0       0x70 game.o
                0x080004e0                _ZN4GameC1Ev
                0x080004e0                _ZN4GameC2Ev
 .text._ZN3_bn6assert9show_argsIJA16_ciA4_ciEEEvPKcS5_S5_iDpRKT_
                0x08000550       0x64 game.o
                0x08000550                _ZN3_bn6assert9show_argsIJA16_ciA4_ciEEEvPKcS5_S5_iDpRKT_
 .text._ZN3_bn6assert9show_argsIA22_cEEvPKcS4_S4_iRKT_
                0x080005b4       0x48 game.o
                0x080005b4                _ZN3_bn6assert9show_argsIA22_cEEvPKcS4_S4_iRKT_
 .text._ZN4Game14update_playingEv
                0x080005fc      0x1d4 game.o
                0x080005fc                _ZN4Game14update_playingEv
 .text._ZN4Game12update_titleEv
                0x080007d0      0x12c game.o
                0x080007d0                _ZN4Game12update_titleEv
 .text._ZN4Game6updateEv
                0x080008fc       0x50 game.o
                0x080008fc                _ZN4Game6updateEv
 .text.startup.main
                0x0800094c       0x20 main.o
                0x0800094c                main
 .text._ZN6PlayerC2E13CharacterNameii
                0x0800096c       0x44 player.o
                0x0800096c                _ZN6PlayerC2E13CharacterNameii
                0x0800096c                _ZN6PlayerC1E13CharacterNameii
 .text._ZN6Player12get_positionEv
                0x080009b0       0x10 player.o
                0x080009b0                _ZN6Player12get_positionEv
 .text._ZN6Player15update_movementEiiii
                0x080009c0      0x304 player.o
                0x080009c0                _ZN6Player15update_movementEiiii
 .text._ZN6Player6updateEiiii
                0x08000cc4       0x14 player.o
                0x08000cc4                _ZN6Player6updateEiiii
 .text._ZN2bn13ostringstream11append_argsIiJA4_ciEEEvRKT_DpRKT0_.isra.0
                0x08000cd8       0x24 bn_affine_bg_animate_actions.o
 .text._ZN3_bn6assert9show_argsIJA23_ciA4_ciEEEvPKcS5_S5_iDpRKT_
                0x08000cfc       0x58 bn_affine_bg_animate_actions.o
                0x08000cfc                _ZN3_bn6assert9show_argsIJA23_ciA4_ciEEEvPKcS5_S5_iDpRKT_
 .text._ZN3_bn6assert9show_argsIA15_cEEvPKcS4_S4_iRKT_
                0x08000d54       0x48 bn_affine_bg_animate_actions.o
                0x08000d54                _ZN3_bn6assert9show_argsIA15_cEEvPKcS4_S4_iRKT_
 .text._ZN3_bn6assert9show_argsIA23_ciEEvPKcS4_S4_iRKT_RKT0_
                0x08000d9c       0x54 bn_affine_bg_animate_actions.o
                0x08000d9c                _ZN3_bn6assert9show_argsIA23_ciEEvPKcS4_S4_iRKT_RKT0_
 .text._ZN3_bn6assert9show_argsIA24_ciEEvPKcS4_S4_iRKT_RKT0_
                0x08000df0       0x54 bn_affine_bg_animate_actions.o
                0x08000df0                _ZN3_bn6assert9show_argsIA24_ciEEvPKcS4_S4_iRKT_RKT0_
 .text._ZN3_bn6assert9show_argsIJA19_ciA4_ciEEEvPKcS5_S5_iDpRKT_
                0x08000e44       0x58 bn_affine_bg_animate_actions.o
                0x08000e44                _ZN3_bn6assert9show_argsIJA19_ciA4_ciEEEvPKcS5_S5_iDpRKT_
 .text._ZN2bn13audio_manager4initEv
                0x08000e9c       0x60 bn_audio_manager.bn_noflto.o
                0x08000e9c                _ZN2bn13audio_manager4initEv
 .text._ZN2bn13audio_manager7disableEv
                0x08000efc       0x10 bn_audio_manager.bn_noflto.o
                0x08000efc                _ZN2bn13audio_manager7disableEv
 .text._ZN2bn13audio_manager10sound_dataEt
                0x08000f0c       0x6c bn_audio_manager.bn_noflto.o
                0x08000f0c                _ZN2bn13audio_manager10sound_dataEt
 .text._ZN2bn13audio_manager6updateEv
                0x08000f78       0x18 bn_audio_manager.bn_noflto.o
                0x08000f78                _ZN2bn13audio_manager6updateEv
 .text._ZN2bn13audio_manager13vblank_commitEv
                0x08000f90       0x2c bn_audio_manager.bn_noflto.o
                0x08000f90                _ZN2bn13audio_manager13vblank_commitEv
 .text._ZN2bn13audio_manager14delayed_commitEv
                0x08000fbc       0x34 bn_audio_manager.bn_noflto.o
                0x08000fbc                _ZN2bn13audio_manager14delayed_commitEv
 .text._ZN2bn13audio_manager4stopEv
                0x08000ff0       0x78 bn_audio_manager.bn_noflto.o
                0x08000ff0                _ZN2bn13audio_manager4stopEv
 .text._ZN3_bn6assert9show_argsIA18_ciEEvPKcS4_S4_iRKT_RKT0_
                0x08001068       0x54 bn_audio_manager.bn_noflto.o
                0x08001068                _ZN3_bn6assert9show_argsIA18_ciEEvPKcS4_S4_iRKT_RKT0_
 .text._ZN3_bn6assert9show_argsIA14_ciEEvPKcS4_S4_iRKT_RKT0_
                0x080010bc       0x54 bn_audio_manager.bn_noflto.o
                0x080010bc                _ZN3_bn6assert9show_argsIA14_ciEEvPKcS4_S4_iRKT_RKT0_
 .text._ZN3_bn6assert9show_argsIA19_ciEEvPKcS4_S4_iRKT_RKT0_
                0x08001110       0x54 bn_audio_manager.bn_noflto.o
                0x08001110                _ZN3_bn6assert9show_argsIA19_ciEEvPKcS4_S4_iRKT_RKT0_
 .text._ZN3_bn6assert9show_argsIA26_ciEEvPKcS4_S4_iRKT_RKT0_
                0x08001164       0x54 bn_audio_manager.bn_noflto.o
                0x08001164                _ZN3_bn6assert9show_argsIA26_ciEEvPKcS4_S4_iRKT_RKT0_
 .text._ZN3_bn6assert9show_argsIA33_cEEvPKcS4_S4_iRKT_
                0x080011b8       0x48 bn_audio_manager.bn_noflto.o
                0x080011b8                _ZN3_bn6assert9show_argsIA33_cEEvPKcS4_S4_iRKT_
 .text._ZN3_bn6assert9show_argsIA25_cEEvPKcS4_S4_iRKT_
                0x08001200       0x48 bn_audio_manager.bn_noflto.o
                0x08001200                _ZN3_bn6assert9show_argsIA25_cEEvPKcS4_S4_iRKT_
 .text._ZN3_bn6assert9show_argsIA24_cEEvPKcS4_S4_iRKT_
                0x08001248       0x48 bn_audio_manager.bn_noflto.o
                0x08001248                _ZN3_bn6assert9show_argsIA24_cEEvPKcS4_S4_iRKT_
 .text._ZN2bn13audio_manager11pause_musicEv
                0x08001290       0x98 bn_audio_manager.bn_noflto.o
                0x08001290                _ZN2bn13audio_manager11pause_musicEv
 .text._ZN2bn5music5pauseEv
                0x08001328        0xc bn_audio_manager.bn_noflto.o
                0x08001328                _ZN2bn5music5pauseEv
 .text._ZN3_bn6assert9show_argsIA20_cEEvPKcS4_S4_iRKT_
                0x08001334       0x48 bn_audio_manager.bn_noflto.o
                0x08001334                _ZN3_bn6assert9show_argsIA20_cEEvPKcS4_S4_iRKT_
 .text._ZN2bn5music6resumeEv
                0x0800137c       0x78 bn_audio_manager.bn_noflto.o
                0x0800137c                _ZN2bn5music6resumeEv
 .text._ZN3_bn6assert9show_argsIA26_cEEvPKcS4_S4_iRKT_
                0x080013f4       0x48 bn_audio_manager.bn_noflto.o
                0x080013f4                _ZN3_bn6assert9show_argsIA26_cEEvPKcS4_S4_iRKT_
 .text._ZN3_bn6assert9show_argsIA21_cEEvPKcS4_S4_iRKT_
                0x0800143c       0x48 bn_audio_manager.bn_noflto.o
                0x0800143c                _ZN3_bn6assert9show_argsIA21_cEEvPKcS4_S4_iRKT_
 .text._ZN2bn13ostringstream6appendILi12EEEvNS_7fixed_tIXT_EEE
                0x08001484       0xa0 bn_audio_manager.bn_noflto.o
                0x08001484                _ZN2bn13ostringstream6appendILi12EEEvNS_7fixed_tIXT_EEE
 .text._ZN3_bn6assert9show_argsIA25_cN2bn7fixed_tILi12EEEEEvPKcS7_S7_iRKT_RKT0_
                0x08001524       0x54 bn_audio_manager.bn_noflto.o
                0x08001524                _ZN3_bn6assert9show_argsIA25_cN2bn7fixed_tILi12EEEEEvPKcS7_S7_iRKT_RKT0_
 .text._ZNK2bn10music_item4playENS_7fixed_tILi12EEE
                0x08001578       0xa8 bn_audio_manager.bn_noflto.o
                0x08001578                _ZNK2bn10music_item4playENS_7fixed_tILi12EEE
 .text._ZN3_bn6assert9show_argsIA25_ciEEvPKcS4_S4_iRKT_RKT0_
                0x08001620       0x54 bn_audio_manager.bn_noflto.o
                0x08001620                _ZN3_bn6assert9show_argsIA25_ciEEvPKcS4_S4_iRKT_RKT0_
 .text._ZN2bn13audio_manager16execute_commandsEv
                0x08001674      0x788 bn_audio_manager.bn_noflto.o
                0x08001674                _ZN2bn13audio_manager16execute_commandsEv
 .text._ZN3_bn6assert9show_argsIA17_cEEvPKcS4_S4_iRKT_
                0x08001dfc       0x48 bn_audio_manager.bn_noflto.o
                0x08001dfc                _ZN3_bn6assert9show_argsIA17_cEEvPKcS4_S4_iRKT_
 .text._ZN2bn18best_fit_allocator4freeEPv
                0x08001e44      0x110 bn_best_fit_allocator.o
                0x08001e44                _ZN2bn18best_fit_allocator4freeEPv
 .text._ZN3_bn6assert9show_argsIA23_cEEvPKcS4_S4_iRKT_
                0x08001f54       0x48 bn_best_fit_allocator.o
                0x08001f54                _ZN3_bn6assert9show_argsIA23_cEEvPKcS4_S4_iRKT_
 .text._ZN3_bn6assert9show_argsIA16_ciEEvPKcS4_S4_iRKT_RKT0_
                0x08001f9c       0x54 bn_best_fit_allocator.o
                0x08001f9c                _ZN3_bn6assert9show_argsIA16_ciEEvPKcS4_S4_iRKT_RKT0_
 .text._ZN3_bn6assert9show_argsIA14_cEEvPKcS4_S4_iRKT_
                0x08001ff0       0x48 bn_best_fit_allocator.o
                0x08001ff0                _ZN3_bn6assert9show_argsIA14_cEEvPKcS4_S4_iRKT_
 .text._ZN2bn18best_fit_allocator5resetEPvi
                0x08002038       0xd4 bn_best_fit_allocator.o
                0x08002038                _ZN2bn18best_fit_allocator5resetEPvi
 .text._ZN2bn17bg_blocks_manager12_GLOBAL__N_1L17_hw_commit_offsetEPKtjtPt
                0x0800210c       0x74 bn_bg_blocks_manager.o
 .text._ZN2bn13ostringstream11append_argsIiJA4_ctEEEvRKT_DpRKT0_.isra.0
                0x08002180       0x24 bn_bg_blocks_manager.o
 .text._ZN2bn13ostringstream11append_argsIiJA4_ciEEEvRKT_DpRKT0_.isra.0
                0x080021a4       0x24 bn_bg_blocks_manager.o
 .text._ZN2bn17bg_blocks_manager15decrease_usagesEi.part.0
                0x080021c8      0x130 bn_bg_blocks_manager.o
 .text._ZN2bn17bg_blocks_manager12_GLOBAL__N_110items_list12insert_afterEiRKNS1_9item_typeE.constprop.0
                0x080022f8      0x2b4 bn_bg_blocks_manager.o
 .text._ZN2bn18regular_bg_map_ptrD2Ev
                0x080025ac       0x34 bn_bg_blocks_manager.o
                0x080025ac                _ZN2bn18regular_bg_map_ptrD2Ev
                0x080025ac                _ZN2bn18regular_bg_map_ptrD1Ev
 .text._ZNK2bn18regular_bg_map_ptr2idEv
                0x080025e0       0x18 bn_bg_blocks_manager.o
                0x080025e0                _ZNK2bn18regular_bg_map_ptr2idEv
 .text._ZNK2bn18regular_bg_map_ptr10dimensionsEv
                0x080025f8       0x20 bn_bg_blocks_manager.o
                0x080025f8                _ZNK2bn18regular_bg_map_ptr10dimensionsEv
 .text._ZNK2bn18regular_bg_map_ptr3bigEv
                0x08002618       0x1c bn_bg_blocks_manager.o
                0x08002618                _ZNK2bn18regular_bg_map_ptr3bigEv
 .text._ZNK2bn18regular_bg_map_ptr3bppEv
                0x08002634       0x1c bn_bg_blocks_manager.o
                0x08002634                _ZNK2bn18regular_bg_map_ptr3bppEv
 .text._ZNK2bn20regular_bg_tiles_ptr3cbbEv
                0x08002650       0x18 bn_bg_blocks_manager.o
                0x08002650                _ZNK2bn20regular_bg_tiles_ptr3cbbEv
 .text._ZN2bn17affine_bg_map_ptrD2Ev
                0x08002668       0x34 bn_bg_blocks_manager.o
                0x08002668                _ZN2bn17affine_bg_map_ptrD2Ev
                0x08002668                _ZN2bn17affine_bg_map_ptrD1Ev
 .text._ZNK2bn17affine_bg_map_ptr2idEv
                0x0800269c       0x18 bn_bg_blocks_manager.o
                0x0800269c                _ZNK2bn17affine_bg_map_ptr2idEv
 .text._ZNK2bn17affine_bg_map_ptr10dimensionsEv
                0x080026b4       0x20 bn_bg_blocks_manager.o
                0x080026b4                _ZNK2bn17affine_bg_map_ptr10dimensionsEv
 .text._ZNK2bn19affine_bg_tiles_ptr3cbbEv
                0x080026d4       0x18 bn_bg_blocks_manager.o
                0x080026d4                _ZNK2bn19affine_bg_tiles_ptr3cbbEv
 .text._ZN2bn17bg_blocks_manager4initEv
                0x080026ec       0x94 bn_bg_blocks_manager.o
                0x080026ec                _ZN2bn17bg_blocks_manager4initEv
 .text._ZN2bn17bg_blocks_manager10log_statusEv
                0x08002780      0x44c bn_bg_blocks_manager.o
                0x08002780                _ZN2bn17bg_blocks_manager10log_statusEv
 .text._ZN2bn17bg_blocks_manager15decrease_usagesEi
                0x08002bcc       0x28 bn_bg_blocks_manager.o
                0x08002bcc                _ZN2bn17bg_blocks_manager15decrease_usagesEi
 .text._ZN2bn17bg_blocks_manager11must_commitEi
                0x08002bf4       0x18 bn_bg_blocks_manager.o
                0x08002bf4                _ZN2bn17bg_blocks_manager11must_commitEi
 .text._ZN2bn17bg_blocks_manager6updateEv
                0x08002c0c      0x254 bn_bg_blocks_manager.o
                0x08002c0c                _ZN2bn17bg_blocks_manager6updateEv
 .text._ZN3_bn6assert9show_argsIA15_ciEEvPKcS4_S4_iRKT_RKT0_
                0x08002e60       0x54 bn_bg_blocks_manager.o
                0x08002e60                _ZN3_bn6assert9show_argsIA15_ciEEvPKcS4_S4_iRKT_RKT0_
 .text._ZN3_bn6assert9show_argsIA52_ctEEvPKcS4_S4_iRKT_RKT0_
                0x08002eb4       0x54 bn_bg_blocks_manager.o
                0x08002eb4                _ZN3_bn6assert9show_argsIA52_ctEEvPKcS4_S4_iRKT_RKT0_
 .text._ZN3_bn6assert9show_argsIJA20_ciA4_ctEEEvPKcS5_S5_iDpRKT_
                0x08002f08       0x58 bn_bg_blocks_manager.o
                0x08002f08                _ZN3_bn6assert9show_argsIJA20_ciA4_ctEEEvPKcS5_S5_iDpRKT_
 .text._ZN3_bn6assert9show_argsIJA22_ciA4_ciEEEvPKcS5_S5_iDpRKT_
                0x08002f60       0x58 bn_bg_blocks_manager.o
                0x08002f60                _ZN3_bn6assert9show_argsIJA22_ciA4_ciEEEvPKcS5_S5_iDpRKT_
 .text._ZN3_bn6assert9show_argsIJA58_ciA4_ciEEEvPKcS5_S5_iDpRKT_
                0x08002fb8       0x58 bn_bg_blocks_manager.o
                0x08002fb8                _ZN3_bn6assert9show_argsIJA58_ciA4_ciEEEvPKcS5_S5_iDpRKT_
 .text._ZN3_bn6assert9show_argsIA38_cEEvPKcS4_S4_iRKT_
                0x08003010       0x48 bn_bg_blocks_manager.o
                0x08003010                _ZN3_bn6assert9show_argsIA38_cEEvPKcS4_S4_iRKT_
 .text._ZN3_bn6assert9show_argsIA27_ciEEvPKcS4_S4_iRKT_RKT0_
                0x08003058       0x54 bn_bg_blocks_manager.o
                0x08003058                _ZN3_bn6assert9show_argsIA27_ciEEvPKcS4_S4_iRKT_RKT0_
 .text._ZN2bn17bg_blocks_manager12_GLOBAL__N_1L10_hw_commitEPKtNS_16compression_typeEibPt
                0x080030ac       0x68 bn_bg_blocks_manager.o
 .text._ZN3_bn6assert9show_argsIA19_cEEvPKcS4_S4_iRKT_
                0x08003114       0x48 bn_bg_blocks_manager.o
                0x08003114                _ZN3_bn6assert9show_argsIA19_cEEvPKcS4_S4_iRKT_
 .text._ZN3_bn6assert9show_argsIA22_ciEEvPKcS4_S4_iRKT_RKT0_
                0x0800315c       0x54 bn_bg_blocks_manager.o
                0x0800315c                _ZN3_bn6assert9show_argsIA22_ciEEvPKcS4_S4_iRKT_RKT0_
 .text._ZN2bn17bg_blocks_manager12_GLOBAL__N_1L16_find_tiles_implEPKtNS_16compression_typeEiNS_8bpp_modeEb
                0x080031b0      0x104 bn_bg_blocks_manager.o
 .text._ZN2bn17bg_blocks_manager12_GLOBAL__N_1L17_fix_blocks_countERKNS1_9item_typeEi
                0x080032b4       0x7c bn_bg_blocks_manager.o
 .text._ZN3_bn6assert9show_argsIJA32_cA15_cPKtA16_ciA17_ciA34_cN2bn11string_viewEEEEvPKcSC_SC_iDpRKT_
                0x08003330       0x90 bn_bg_blocks_manager.o
                0x08003330                _ZN3_bn6assert9show_argsIJA32_cA15_cPKtA16_ciA17_ciA34_cN2bn11string_viewEEEEvPKcSC_SC_iDpRKT_
 .text._ZN3_bn6assert9show_argsIJA39_ciA4_ciEEEvPKcS5_S5_iDpRKT_
                0x080033c0       0x58 bn_bg_blocks_manager.o
                0x080033c0                _ZN3_bn6assert9show_argsIJA39_ciA4_ciEEEvPKcS5_S5_iDpRKT_
 .text._ZN3_bn6assert9show_argsIA31_cEEvPKcS4_S4_iRKT_
                0x08003418       0x48 bn_bg_blocks_manager.o
                0x08003418                _ZN3_bn6assert9show_argsIA31_cEEvPKcS4_S4_iRKT_
 .text._ZN3_bn6assert9show_argsIJA35_ciA4_ciEEEvPKcS5_S5_iDpRKT_
                0x08003460       0x58 bn_bg_blocks_manager.o
                0x08003460                _ZN3_bn6assert9show_argsIJA35_ciA4_ciEEEvPKcS5_S5_iDpRKT_
 .text._ZN3_bn6assert9show_argsIJA37_ciA4_ciEEEvPKcS5_S5_iDpRKT_
                0x080034b8       0x58 bn_bg_blocks_manager.o
                0x080034b8                _ZN3_bn6assert9show_argsIJA37_ciA4_ciEEEvPKcS5_S5_iDpRKT_
 .text._ZNK2bn18regular_bg_map_ptr5tilesEv
                0x08003510       0x48 bn_bg_blocks_manager.o
                0x08003510                _ZNK2bn18regular_bg_map_ptr5tilesEv
 .text._ZNK2bn17affine_bg_map_ptr5tilesEv
                0x08003558       0x48 bn_bg_blocks_manager.o
                0x08003558                _ZNK2bn17affine_bg_map_ptr5tilesEv
 .text._ZN2bn17bg_blocks_manager21set_regular_map_tilesEiONS_20regular_bg_tiles_ptrE
                0x080035a0      0x204 bn_bg_blocks_manager.o
                0x080035a0                _ZN2bn17bg_blocks_manager21set_regular_map_tilesEiONS_20regular_bg_tiles_ptrE
 .text._ZN2bn17bg_blocks_manager21update_affine_map_rowEiii
                0x080037a4      0x160 bn_bg_blocks_manager.o
                0x080037a4                _ZN2bn17bg_blocks_manager21update_affine_map_rowEiii
 .text._ZN2bn17bg_blocks_manager28update_affine_map_bottom_rowEiii
                0x08003904       0x30 bn_bg_blocks_manager.o
                0x08003904                _ZN2bn17bg_blocks_manager28update_affine_map_bottom_rowEiii
 .text._ZN2bn17bg_blocks_manager22update_regular_map_rowEiii
                0x08003934      0x184 bn_bg_blocks_manager.o
                0x08003934                _ZN2bn17bg_blocks_manager22update_regular_map_rowEiii
 .text._ZN2bn17bg_blocks_manager22update_regular_map_colEiii
                0x08003ab8      0x1dc bn_bg_blocks_manager.o
                0x08003ab8                _ZN2bn17bg_blocks_manager22update_regular_map_colEiii
 .text._ZN2bn17bg_blocks_manager23set_affine_map_positionEiii
                0x08003c94      0x1f0 bn_bg_blocks_manager.o
                0x08003c94                _ZN2bn17bg_blocks_manager23set_affine_map_positionEiii
 .text._ZN2bn17bg_blocks_manager24set_regular_map_positionEiii
                0x08003e84      0x214 bn_bg_blocks_manager.o
                0x08003e84                _ZN2bn17bg_blocks_manager24set_regular_map_positionEiii
 .text._ZN2bn17bg_blocks_manager21update_affine_map_colEiii
                0x08004098      0x314 bn_bg_blocks_manager.o
                0x08004098                _ZN2bn17bg_blocks_manager21update_affine_map_colEiii
 .text._ZN2bn17bg_blocks_manager27update_affine_map_right_colEiii
                0x080043ac       0x30 bn_bg_blocks_manager.o
                0x080043ac                _ZN2bn17bg_blocks_manager27update_affine_map_right_colEiii
 .text._ZN2bn17bg_blocks_manager23set_regular_map_paletteEiONS_14bg_palette_ptrE
                0x080043dc      0x1b4 bn_bg_blocks_manager.o
                0x080043dc                _ZN2bn17bg_blocks_manager23set_regular_map_paletteEiONS_14bg_palette_ptrE
 .text._ZN2bn17bg_blocks_manager33set_regular_map_tiles_and_paletteEiONS_20regular_bg_tiles_ptrEONS_14bg_palette_ptrE
                0x08004590      0x2e8 bn_bg_blocks_manager.o
                0x08004590                _ZN2bn17bg_blocks_manager33set_regular_map_tiles_and_paletteEiONS_20regular_bg_tiles_ptrEONS_14bg_palette_ptrE
 .text._ZN2bn17bg_blocks_manager12_GLOBAL__N_1L22_find_regular_map_implERKNS_19regular_bg_map_itemEPKtRKNS_20regular_bg_tiles_ptrERKNS_14bg_palette_ptrE
                0x08004878      0x2d4 bn_bg_blocks_manager.o
 .text._ZN2bn17bg_blocks_manager12_GLOBAL__N_1L12_commit_itemERKNS1_9item_typeEb
                0x08004b4c      0x1cc bn_bg_blocks_manager.o
 .text._ZN2bn17bg_blocks_manager19commit_uncompressedEb
                0x08004d18       0xf0 bn_bg_blocks_manager.o
                0x08004d18                _ZN2bn17bg_blocks_manager19commit_uncompressedEb
 .text._ZN2bn17bg_blocks_manager17commit_compressedEv
                0x08004e08       0x48 bn_bg_blocks_manager.o
                0x08004e08                _ZN2bn17bg_blocks_manager17commit_compressedEv
 .text._ZN2bn17bg_blocks_manager12_GLOBAL__N_1L12_create_itemEiibONS1_11create_dataE
                0x08004e50      0x65c bn_bg_blocks_manager.o
 .text._ZN2bn17bg_blocks_manager12_GLOBAL__N_1L12_create_implEONS1_11create_dataE
                0x080054ac      0x1fc bn_bg_blocks_manager.o
 .text._ZN2bn17bg_blocks_manager20create_regular_tilesERKNS_21regular_bg_tiles_itemEbb
                0x080056a8      0x1d8 bn_bg_blocks_manager.o
                0x080056a8                _ZN2bn17bg_blocks_manager20create_regular_tilesERKNS_21regular_bg_tiles_itemEbb
 .text._ZN2bn17bg_blocks_manager18create_regular_mapERKNS_19regular_bg_map_itemEPKtONS_20regular_bg_tiles_ptrEONS_14bg_palette_ptrEb
                0x08005880      0x314 bn_bg_blocks_manager.o
                0x08005880                _ZN2bn17bg_blocks_manager18create_regular_mapERKNS_19regular_bg_map_itemEPKtONS_20regular_bg_tiles_ptrEONS_14bg_palette_ptrEb
 .text._ZN2bn18regular_bg_map_ptr6createERKNS_15regular_bg_itemEi
                0x08005b94       0xf8 bn_bg_blocks_manager.o
                0x08005b94                _ZN2bn18regular_bg_map_ptr6createERKNS_15regular_bg_itemEi
 .text._ZN3_bn6assert9show_argsIA39_ciEEvPKcS4_S4_iRKT_RKT0_
                0x08005c8c       0x54 bn_bg_blocks_manager.o
                0x08005c8c                _ZN3_bn6assert9show_argsIA39_ciEEvPKcS4_S4_iRKT_RKT0_
 .text._ZN2bn11bgs_manager12_GLOBAL__N_1L29_check_unique_regular_big_mapERNS1_9item_typeE
                0x08005ce0       0x6c bn_bgs_manager.o
 .text._ZN2bn11bgs_manager12_GLOBAL__N_1L33_update_item_hw_affine_attributesERKNS1_9item_typeE
                0x08005d4c       0x48 bn_bgs_manager.o
 .text._ZN2bn11bgs_manager4initEv
                0x08005d94       0x98 bn_bgs_manager.o
                0x08005d94                _ZN2bn11bgs_manager4initEv
 .text._ZN2bn11bgs_manager5hw_idEPv
                0x08005e2c        0x8 bn_bgs_manager.o
                0x08005e2c                _ZN2bn11bgs_manager5hw_idEPv
 .text._ZN2bn11bgs_manager11hw_positionEPv
                0x08005e34        0x4 bn_bgs_manager.o
                0x08005e34                _ZN2bn11bgs_manager11hw_positionEPv
 .text._ZN2bn11bgs_manager14mat_attributesEPv
                0x08005e38        0x4 bn_bgs_manager.o
                0x08005e38                _ZN2bn11bgs_manager14mat_attributesEPv
 .text._ZN2bn11bgs_manager20update_windows_flagsEPj
                0x08005e3c       0x7c bn_bgs_manager.o
                0x08005e3c                _ZN2bn11bgs_manager20update_windows_flagsEPj
 .text._ZN2bn11bgs_manager14update_camerasEv
                0x08005eb8      0x138 bn_bgs_manager.o
                0x08005eb8                _ZN2bn11bgs_manager14update_camerasEv
 .text._ZN2bn11bgs_manager28update_regular_map_tiles_cbbEii
                0x08005ff0       0x94 bn_bgs_manager.o
                0x08005ff0                _ZN2bn11bgs_manager28update_regular_map_tiles_cbbEii
 .text._ZN2bn11bgs_manager22update_regular_map_bppEiNS_8bpp_modeE
                0x08006084       0x98 bn_bgs_manager.o
                0x08006084                _ZN2bn11bgs_manager22update_regular_map_bppEiNS_8bpp_modeE
 .text._ZN2bn11bgs_manager36fill_hblank_effect_regular_positionsEiPKNS_7fixed_tILi12EEEPt
                0x0800611c       0x38 bn_bgs_manager.o
                0x0800611c                _ZN2bn11bgs_manager36fill_hblank_effect_regular_positionsEiPKNS_7fixed_tILi12EEEPt
 .text._ZN2bn11bgs_manager45fill_hblank_effect_pivot_horizontal_positionsEPvPKNS_7fixed_tILi12EEEPj
                0x08006154       0x28 bn_bgs_manager.o
                0x08006154                _ZN2bn11bgs_manager45fill_hblank_effect_pivot_horizontal_positionsEPvPKNS_7fixed_tILi12EEEPj
 .text._ZN2bn11bgs_manager43fill_hblank_effect_pivot_vertical_positionsEPvPKNS_7fixed_tILi12EEEPj
                0x0800617c       0x28 bn_bgs_manager.o
                0x0800617c                _ZN2bn11bgs_manager43fill_hblank_effect_pivot_vertical_positionsEPvPKNS_7fixed_tILi12EEEPj
 .text._ZN2bn11bgs_manager36fill_hblank_effect_bitmap_attributesEPvPKNS_20bitmap_bg_attributesEPt
                0x080061a4       0x50 bn_bgs_manager.o
                0x080061a4                _ZN2bn11bgs_manager36fill_hblank_effect_bitmap_attributesEPvPKNS_20bitmap_bg_attributesEPt
 .text._ZN2bn11bgs_manager6commitEb
                0x080061f4       0x58 bn_bgs_manager.o
                0x080061f4                _ZN2bn11bgs_manager6commitEb
 .text._ZN2bn11bgs_manager4stopEv
                0x0800624c       0x28 bn_bgs_manager.o
                0x0800624c                _ZN2bn11bgs_manager4stopEv
 .text._ZN3_bn6assert9show_argsIA17_ciEEvPKcS4_S4_iRKT_RKT0_
                0x08006274       0x54 bn_bgs_manager.o
                0x08006274                _ZN3_bn6assert9show_argsIA17_ciEEvPKcS4_S4_iRKT_RKT0_
 .text._ZN3_bn6assert9show_argsIA30_cEEvPKcS4_S4_iRKT_
                0x080062c8       0x48 bn_bgs_manager.o
                0x080062c8                _ZN3_bn6assert9show_argsIA30_cEEvPKcS4_S4_iRKT_
 .text._ZN2bn11bgs_manager15commit_big_mapsEv
                0x08006310      0x208 bn_bgs_manager.o
                0x08006310                _ZN2bn11bgs_manager15commit_big_mapsEv
 .text._ZN2bn11bgs_manager12_GLOBAL__N_19item_type18update_regular_mapEv
                0x08006518      0x1b4 bn_bgs_manager.o
 .text._ZN2bn11bgs_manager10affine_mapEPv
                0x080066cc       0x34 bn_bgs_manager.o
                0x080066cc                _ZN2bn11bgs_manager10affine_mapEPv
 .text._ZN2bn11bgs_manager11regular_mapEPv
                0x08006700       0x34 bn_bgs_manager.o
                0x08006700                _ZN2bn11bgs_manager11regular_mapEPv
 .text._ZN3_bn6assert9show_argsIA27_cEEvPKcS4_S4_iRKT_
                0x08006734       0x48 bn_bgs_manager.o
                0x08006734                _ZN3_bn6assert9show_argsIA27_cEEvPKcS4_S4_iRKT_
 .text._ZN3_bn6assert9show_argsIA46_cEEvPKcS4_S4_iRKT_
                0x0800677c       0x48 bn_bgs_manager.o
                0x0800677c                _ZN3_bn6assert9show_argsIA46_cEEvPKcS4_S4_iRKT_
 .text._ZN2bn11bgs_manager36fill_hblank_effect_affine_attributesEPvPKNS_20affine_bg_attributesEPt
                0x080067c4      0x10c bn_bgs_manager.o
                0x080067c4                _ZN2bn11bgs_manager36fill_hblank_effect_affine_attributesEPvPKNS_20affine_bg_attributesEPt
 .text._ZN2bn11bgs_manager37fill_hblank_effect_regular_attributesEPvPKNS_21regular_bg_attributesEPt
                0x080068d0      0x118 bn_bgs_manager.o
                0x080068d0                _ZN2bn11bgs_manager37fill_hblank_effect_regular_attributesEPvPKNS_21regular_bg_attributesEPt
 .text._ZN2bn11bgs_manager15rebuild_handlesEv.part.0
                0x080069e8      0x27c bn_bgs_manager.o
 .text._ZN2bn11bgs_manager6updateEv
                0x08006c64      0x158 bn_bgs_manager.o
                0x08006c64                _ZN2bn11bgs_manager6updateEv
 .text._ZN2bn11bgs_manager12_GLOBAL__N_1L12_insert_itemERNS1_9item_typeE
                0x08006dbc      0x124 bn_bgs_manager.o
 .text._ZN3_bn6assert9show_argsIA13_cEEvPKcS4_S4_iRKT_
                0x08006ee0       0x48 bn_bgs_manager.o
                0x08006ee0                _ZN3_bn6assert9show_argsIA13_cEEvPKcS4_S4_iRKT_
 .text._ZN2bn11bgs_manager6createEONS_18regular_bg_builderE
                0x08006f28      0x25c bn_bgs_manager.o
                0x08006f28                _ZN2bn11bgs_manager6createEONS_18regular_bg_builderE
 .text._ZNK2bn15regular_bg_item9create_bgENS_7fixed_tILi12EEES2_
                0x08007184       0x78 bn_bgs_manager.o
                0x08007184                _ZNK2bn15regular_bg_item9create_bgENS_7fixed_tILi12EEES2_
 .text._ZN2bn5eraseIPNS_11bgs_manager12_GLOBAL__N_19item_typeEEENS_7ivectorIT_E9size_typeERS7_RKS6_.constprop.0.isra.0
                0x080071fc      0x144 bn_bgs_manager.o
 .text._ZN2bn11bgs_manager15decrease_usagesEPv
                0x08007340       0xe8 bn_bgs_manager.o
                0x08007340                _ZN2bn11bgs_manager15decrease_usagesEPv
 .text._ZN2bn14regular_bg_ptrD2Ev
                0x08007428       0x18 bn_bgs_manager.o
                0x08007428                _ZN2bn14regular_bg_ptrD1Ev
                0x08007428                _ZN2bn14regular_bg_ptrD2Ev
 .text._ZN2bn14regular_bg_ptr12set_priorityEi
                0x08007440       0x68 bn_bgs_manager.o
                0x08007440                _ZN2bn14regular_bg_ptr12set_priorityEi
 .text._ZN2bn10camera_ptrD2Ev
                0x080074a8       0x38 bn_cameras_manager.o
                0x080074a8                _ZN2bn10camera_ptrD1Ev
                0x080074a8                _ZN2bn10camera_ptrD2Ev
 .text._ZNK2bn10camera_ptr8positionEv
                0x080074e0       0x14 bn_cameras_manager.o
                0x080074e0                _ZNK2bn10camera_ptr8positionEv
 .text._ZN2bn15cameras_manager4initEv
                0x080074f4       0x24 bn_cameras_manager.o
                0x080074f4                _ZN2bn15cameras_manager4initEv
 .text._ZN2bn15cameras_manager6updateEv
                0x08007518       0x28 bn_cameras_manager.o
                0x08007518                _ZN2bn15cameras_manager6updateEv
 .text._ZN2bn4core12_GLOBAL__N_1L12_vblank_intrEv
                0x08007540       0x3c bn_core.o
 .text._ZN2bn4core12_GLOBAL__N_1L4stopEb
                0x0800757c       0x60 bn_core.o
 .text._ZN2bn4core12_GLOBAL__N_1L11update_implEv
                0x080075dc      0x110 bn_core.o
 .text._ZN2bn4core6updateEv
                0x080076ec       0x78 bn_core.o
                0x080076ec                _ZN2bn4core6updateEv
 .text._ZN2bn4core4initERKNS_8optionalINS_5colorEEERKNS_11string_viewE
                0x08007764      0x138 bn_core.o
                0x08007764                _ZN2bn4core4initERKNS_8optionalINS_5colorEEERKNS_11string_viewE
 .text._ZN2bn4core4initEv
                0x0800789c       0x20 bn_core.o
                0x0800789c                _ZN2bn4core4initEv
 .text._ZN2bn11string_viewC2EPKc
                0x080078bc       0x40 bn_core.o
                0x080078bc                _ZN2bn11string_viewC2EPKc
                0x080078bc                _ZN2bn11string_viewC1EPKc
 .text._ZN3_bn6assert12_GLOBAL__N_1L10_show_implEPKcS3_S3_iRKN2bn11string_viewE
                0x080078fc       0x80 bn_core.o
 .text._ZN3_bn6assert4showEPKcS2_S2_iRKN2bn12istring_baseE
                0x0800797c       0x18 bn_core.o
                0x0800797c                _ZN3_bn6assert4showEPKcS2_S2_iRKN2bn12istring_baseE
 .text._ZN2bn15display_manager12_GLOBAL__N_1L34_update_rect_windows_hw_boundariesEi
                0x08007994       0x84 bn_display_manager.o
 .text._ZN2bn15display_manager4initEv
                0x08007a18       0xa0 bn_display_manager.o
                0x08007a18                _ZN2bn15display_manager4initEv
 .text._ZN2bn15display_manager8set_modeEi
                0x08007ab8       0x1c bn_display_manager.o
                0x08007ab8                _ZN2bn15display_manager8set_modeEi
 .text._ZN2bn15display_manager14set_bg_enabledEib
                0x08007ad4       0x1c bn_display_manager.o
                0x08007ad4                _ZN2bn15display_manager14set_bg_enabledEib
 .text._ZN2bn15display_manager15disable_all_bgsEv
                0x08007af0       0x18 bn_display_manager.o
                0x08007af0                _ZN2bn15display_manager15disable_all_bgsEv
 .text._ZN2bn15display_manager36fill_mosaic_hblank_effect_attributesEPKNS_17mosaic_attributesEPt
                0x08007b08       0x98 bn_display_manager.o
                0x08007b08                _ZN2bn15display_manager36fill_mosaic_hblank_effect_attributesEPKNS_17mosaic_attributesEPt
 .text._ZN2bn15display_manager27set_blending_top_bg_enabledEib
                0x08007ba0       0x20 bn_display_manager.o
                0x08007ba0                _ZN2bn15display_manager27set_blending_top_bg_enabledEib
 .text._ZN2bn15display_manager30set_blending_bottom_bg_enabledEib
                0x08007bc0       0x20 bn_display_manager.o
                0x08007bc0                _ZN2bn15display_manager30set_blending_bottom_bg_enabledEib
 .text._ZN2bn15display_manager32blending_transparency_top_weightEv
                0x08007be0       0x18 bn_display_manager.o
                0x08007be0                _ZN2bn15display_manager32blending_transparency_top_weightEv
 .text._ZN2bn15display_manager35blending_transparency_bottom_weightEv
                0x08007bf8       0x28 bn_display_manager.o
                0x08007bf8                _ZN2bn15display_manager35blending_transparency_bottom_weightEv
 .text._ZN2bn15display_manager51fill_blending_transparency_hblank_effect_attributesEPKNS_32blending_transparency_attributesEPt
                0x08007c20       0x30 bn_display_manager.o
                0x08007c20                _ZN2bn15display_manager51fill_blending_transparency_hblank_effect_attributesEPKNS_32blending_transparency_attributesEPt
 .text._ZN2bn15display_manager21blending_fade_enabledEv
                0x08007c50        0xc bn_display_manager.o
                0x08007c50                _ZN2bn15display_manager21blending_fade_enabledEv
 .text._ZN2bn15display_manager39fill_blending_fade_hblank_effect_alphasEPKNS_19blending_fade_alphaEPt
                0x08007c5c       0x24 bn_display_manager.o
                0x08007c5c                _ZN2bn15display_manager39fill_blending_fade_hblank_effect_alphasEPKNS_19blending_fade_alphaEPt
 .text._ZN2bn15display_manager26update_windows_visible_bgsEv
                0x08007c80       0x14 bn_display_manager.o
                0x08007c80                _ZN2bn15display_manager26update_windows_visible_bgsEv
 .text._ZN2bn15display_manager36rect_window_hw_horizontal_boundariesEi
                0x08007c94       0x18 bn_display_manager.o
                0x08007c94                _ZN2bn15display_manager36rect_window_hw_horizontal_boundariesEi
 .text._ZN2bn15display_manager34rect_window_hw_vertical_boundariesEi
                0x08007cac       0x18 bn_display_manager.o
                0x08007cac                _ZN2bn15display_manager34rect_window_hw_vertical_boundariesEi
 .text._ZN2bn15display_manager52fill_rect_window_hblank_effect_horizontal_boundariesERKSt4pairIiiEPKS1_INS_7fixed_tILi12EEES6_EPt
                0x08007cc4      0x134 bn_display_manager.o
                0x08007cc4                _ZN2bn15display_manager52fill_rect_window_hblank_effect_horizontal_boundariesERKSt4pairIiiEPKS1_INS_7fixed_tILi12EEES6_EPt
 .text._ZN2bn15display_manager50fill_rect_window_hblank_effect_vertical_boundariesERKSt4pairIiiEPKS1_INS_7fixed_tILi12EEES6_EPt
                0x08007df8      0x134 bn_display_manager.o
                0x08007df8                _ZN2bn15display_manager50fill_rect_window_hblank_effect_vertical_boundariesERKSt4pairIiiEPKS1_INS_7fixed_tILi12EEES6_EPt
 .text._ZN2bn15display_manager36fill_green_swap_hblank_effect_statesEPKbPt
                0x08007f2c       0x38 bn_display_manager.o
                0x08007f2c                _ZN2bn15display_manager36fill_green_swap_hblank_effect_statesEPKbPt
 .text._ZN2bn15display_manager14update_camerasEv
                0x08007f64       0x40 bn_display_manager.o
                0x08007f64                _ZN2bn15display_manager14update_camerasEv
 .text._ZN2bn15display_manager6updateEv
                0x08007fa4      0x250 bn_display_manager.o
                0x08007fa4                _ZN2bn15display_manager6updateEv
 .text._ZN2bn15display_manager6commitEv
                0x080081f4      0x14c bn_display_manager.o
                0x080081f4                _ZN2bn15display_manager6commitEv
 .text._ZN2bn15display_manager4stopEv
                0x08008340       0x34 bn_display_manager.o
                0x08008340                _ZN2bn15display_manager4stopEv
 .text._ZN3_bn6assert9show_argsIA66_cEEvPKcS4_S4_iRKT_
                0x08008374       0x48 bn_display_manager.o
                0x08008374                _ZN3_bn6assert9show_argsIA66_cEEvPKcS4_S4_iRKT_
 .text._ZN2bn12gpio_manager5sleepEv
                0x080083bc       0x28 bn_gpio_manager.o
                0x080083bc                _ZN2bn12gpio_manager5sleepEv
 .text._ZN2bn22hblank_effects_manager12_GLOBAL__N_19item_type18_output_values_ptrEv
                0x080083e4       0x40 bn_hblank_effects_manager.o
 .text._ZN2bn22hblank_effects_manager7disableEv
                0x08008424       0x24 bn_hblank_effects_manager.o
                0x08008424                _ZN2bn22hblank_effects_manager7disableEv
 .text._ZN2bn22hblank_effects_manager4stopEv
                0x08008448       0x38 bn_hblank_effects_manager.o
                0x08008448                _ZN2bn22hblank_effects_manager4stopEv
 .text._ZN2bn22hblank_effects_manager6commitEv
                0x08008480       0x8c bn_hblank_effects_manager.o
                0x08008480                _ZN2bn22hblank_effects_manager6commitEv
 .text._ZN2bn22hblank_effects_manager12_GLOBAL__N_1L10_is_uint32ENS0_12handler_typeE
                0x0800850c       0x64 bn_hblank_effects_manager.o
 .text._ZN2bn22hblank_effects_manager12_GLOBAL__N_19item_type12check_updateEv
                0x08008570     0x1664 bn_hblank_effects_manager.o
 .text._ZN2bn22hblank_effects_manager6updateEv
                0x08009bd4      0x1ec bn_hblank_effects_manager.o
                0x08009bd4                _ZN2bn22hblank_effects_manager6updateEv
 .text._ZN2bn22hblank_effects_manager4initEv
                0x08009dc0      0x180 bn_hblank_effects_manager.o
                0x08009dc0                _ZN2bn22hblank_effects_manager4initEv
 .text.startup._GLOBAL__sub_I__ZN2bn4hbes10used_countEv
                0x08009f40       0x14 bn_hblank_effects_manager.o
 .text._ZN2bn12hdma_manager4initEv
                0x08009f54       0x38 bn_hdma_manager.o
                0x08009f54                _ZN2bn12hdma_manager4initEv
 .text._ZN2bn12hdma_manager10force_stopEv
                0x08009f8c       0x5c bn_hdma_manager.o
                0x08009f8c                _ZN2bn12hdma_manager10force_stopEv
 .text._ZN2bn12hdma_manager7disableEv
                0x08009fe8       0x48 bn_hdma_manager.o
                0x08009fe8                _ZN2bn12hdma_manager7disableEv
 .text._ZN2bn12hdma_manager6updateEv
                0x0800a030       0x6c bn_hdma_manager.o
                0x0800a030                _ZN2bn12hdma_manager6updateEv
 .text._ZN2bn12hdma_manager24commit_interrupt_handlerEv
                0x0800a09c       0x20 bn_hdma_manager.o
                0x0800a09c                _ZN2bn12hdma_manager24commit_interrupt_handlerEv
 .text._ZN2bn12hdma_manager14commit_entriesEb
                0x0800a0bc      0x168 bn_hdma_manager.o
                0x0800a0bc                _ZN2bn12hdma_manager14commit_entriesEb
 .text._ZN2bn6keypad9a_pressedEv
                0x0800a224       0x10 bn_keypad_manager.o
                0x0800a224                _ZN2bn6keypad9a_pressedEv
 .text._ZN2bn6keypad13start_pressedEv
                0x0800a234       0x10 bn_keypad_manager.o
                0x0800a234                _ZN2bn6keypad13start_pressedEv
 .text._ZN2bn6keypad10right_heldEv
                0x0800a244       0x10 bn_keypad_manager.o
                0x0800a244                _ZN2bn6keypad10right_heldEv
 .text._ZN2bn6keypad9left_heldEv
                0x0800a254       0x10 bn_keypad_manager.o
                0x0800a254                _ZN2bn6keypad9left_heldEv
 .text._ZN2bn6keypad7up_heldEv
                0x0800a264       0x10 bn_keypad_manager.o
                0x0800a264                _ZN2bn6keypad7up_heldEv
 .text._ZN2bn6keypad9down_heldEv
                0x0800a274        0xc bn_keypad_manager.o
                0x0800a274                _ZN2bn6keypad9down_heldEv
 .text._ZN2bn14keypad_manager4stopEv
                0x0800a280        0x4 bn_keypad_manager.o
                0x0800a280                _ZN2bn14keypad_manager4stopEv
 .text._ZN2bn14keypad_manager6updateEv
                0x0800a284       0xb8 bn_keypad_manager.o
                0x0800a284                _ZN2bn14keypad_manager6updateEv
 .text._ZN2bn14keypad_manager4initERKNS_11string_viewE
                0x0800a33c       0x64 bn_keypad_manager.o
                0x0800a33c                _ZN2bn14keypad_manager4initERKNS_11string_viewE
 .text._ZN2bn12link_manager4initEv
                0x0800a3a0        0xc bn_link_manager.o
                0x0800a3a0                _ZN2bn12link_manager4initEv
 .text._ZN2bn12link_manager6activeEv
                0x0800a3ac        0xc bn_link_manager.o
                0x0800a3ac                _ZN2bn12link_manager6activeEv
 .text._ZN2bn12link_manager7disableEv
                0x0800a3b8       0x18 bn_link_manager.o
                0x0800a3b8                _ZN2bn12link_manager7disableEv
 .text._ZN2bn12link_manager6commitEv
                0x0800a3d0       0x18 bn_link_manager.o
                0x0800a3d0                _ZN2bn12link_manager6commitEv
 .text._ZN3_bn6memory18unsafe_clear_wordsEiPv
                0x0800a3e8       0x14 bn_memory_manager.o
                0x0800a3e8                _ZN3_bn6memory18unsafe_clear_wordsEiPv
 .text._ZN2bn4freeEPv
                0x0800a3fc       0x14 bn_memory_manager.o
                0x0800a3fc                _ZN2bn4freeEPv
 .text._ZN2bn14memory_manager4initEv
                0x0800a410       0x2c bn_memory_manager.o
                0x0800a410                _ZN2bn14memory_manager4initEv
 .text._ZN2bn2hw8palettes9grayscaleEPKNS_5colorEiiPS2_.part.0
                0x0800a43c       0x40 bn_palettes_manager.o
 .text._ZN2bn14bg_palette_ptrC2ERKS0_
                0x0800a47c       0x28 bn_palettes_manager.o
                0x0800a47c                _ZN2bn14bg_palette_ptrC2ERKS0_
                0x0800a47c                _ZN2bn14bg_palette_ptrC1ERKS0_
 .text._ZNK2bn14bg_palette_ptr3bppEv
                0x0800a4a4       0x20 bn_palettes_manager.o
                0x0800a4a4                _ZNK2bn14bg_palette_ptr3bppEv
 .text._ZNK2bn18sprite_palette_ptr3bppEv
                0x0800a4c4       0x1c bn_palettes_manager.o
                0x0800a4c4                _ZNK2bn18sprite_palette_ptr3bppEv
 .text._ZNK2bn13palettes_bank10log_statusEv
                0x0800a4e0      0x178 bn_palettes_manager.o
                0x0800a4e0                _ZNK2bn13palettes_bank10log_statusEv
 .text._ZN2bn13palettes_bank10find_bpp_4ERKNS_4spanIKNS_5colorEEEt
                0x0800a658      0x118 bn_palettes_manager.o
                0x0800a658                _ZN2bn13palettes_bank10find_bpp_4ERKNS_4spanIKNS_5colorEEEt
 .text._ZNK2bn13palettes_bank20retrieve_commit_dataEv
                0x0800a770       0x4c bn_palettes_manager.o
                0x0800a770                _ZNK2bn13palettes_bank20retrieve_commit_dataEv
 .text._ZNK2bn13palettes_bank7palette13apply_effectsEiPNS_5colorE
                0x0800a7bc       0xb0 bn_palettes_manager.o
                0x0800a7bc                _ZNK2bn13palettes_bank7palette13apply_effectsEiPNS_5colorE
 .text._ZN2bn13palettes_bank15_update_paletteEi
                0x0800a86c       0x70 bn_palettes_manager.o
                0x0800a86c                _ZN2bn13palettes_bank15_update_paletteEi
 .text._ZN2bn16palettes_manager4initERKNS_8optionalINS_5colorEEE
                0x0800a8dc      0x16c bn_palettes_manager.o
                0x0800a8dc                _ZN2bn16palettes_manager4initERKNS_8optionalINS_5colorEEE
 .text._ZN2bn16palettes_manager20sprite_palettes_bankEv
                0x0800aa48        0x8 bn_palettes_manager.o
                0x0800aa48                _ZN2bn16palettes_manager20sprite_palettes_bankEv
 .text._ZN2bn16palettes_manager16bg_palettes_bankEv
                0x0800aa50        0x8 bn_palettes_manager.o
                0x0800aa50                _ZN2bn16palettes_manager16bg_palettes_bankEv
 .text._ZN2bn16palettes_manager6commitEb
                0x0800aa58       0xf8 bn_palettes_manager.o
                0x0800aa58                _ZN2bn16palettes_manager6commitEb
 .text._ZN2bn16palettes_manager4stopEv
                0x0800ab50       0x20 bn_palettes_manager.o
                0x0800ab50                _ZN2bn16palettes_manager4stopEv
 .text._ZN3_bn6assert9show_argsIA35_cEEvPKcS4_S4_iRKT_
                0x0800ab70       0x48 bn_palettes_manager.o
                0x0800ab70                _ZN3_bn6assert9show_argsIA35_cEEvPKcS4_S4_iRKT_
 .text._ZN2bn13palettes_bank11colors_hashERKNS_4spanIKNS_5colorEEE
                0x0800abb8       0x48 bn_palettes_manager.o
                0x0800abb8                _ZN2bn13palettes_bank11colors_hashERKNS_4spanIKNS_5colorEEE
 .text._ZN3_bn6assert9show_argsIJA43_ciA38_cA42_cEEEvPKcS6_S6_iDpRKT_
                0x0800ac00       0x64 bn_palettes_manager.o
                0x0800ac00                _ZN3_bn6assert9show_argsIJA43_ciA38_cA42_cEEEvPKcS6_S6_iDpRKT_
 .text._ZN2bn13palettes_bank12create_bpp_8ERKNS_4spanIKNS_5colorEEENS_16compression_typeEb
                0x0800ac64      0x230 bn_palettes_manager.o
                0x0800ac64                _ZN2bn13palettes_bank12create_bpp_8ERKNS_4spanIKNS_5colorEEENS_16compression_typeEb
 .text._ZNK2bn13palettes_bank21_apply_global_effectsEiPNS_5colorE
                0x0800ae94      0x190 bn_palettes_manager.o
                0x0800ae94                _ZNK2bn13palettes_bank21_apply_global_effectsEiPNS_5colorE
 .text._ZN2bn13palettes_bank6updateEv
                0x0800b024      0x138 bn_palettes_manager.o
                0x0800b024                _ZN2bn13palettes_bank6updateEv
 .text._ZN2bn16palettes_manager6updateEv
                0x0800b15c       0x20 bn_palettes_manager.o
                0x0800b15c                _ZN2bn16palettes_manager6updateEv
 .text._ZNK2bn13palettes_bank25fill_hblank_effect_colorsEiPKNS_5colorEPt
                0x0800b17c       0x44 bn_palettes_manager.o
                0x0800b17c                _ZNK2bn13palettes_bank25fill_hblank_effect_colorsEiPKNS_5colorEPt
 .text._ZNK2bn13palettes_bank25fill_hblank_effect_colorsEPKNS_5colorEPt
                0x0800b1c0       0x30 bn_palettes_manager.o
                0x0800b1c0                _ZNK2bn13palettes_bank25fill_hblank_effect_colorsEPKNS_5colorEPt
 .text._ZNK2bn19sprite_palette_item10decompressENS_4spanINS_5colorEEE
                0x0800b1f0      0x168 bn_palettes_manager.o
                0x0800b1f0                _ZNK2bn19sprite_palette_item10decompressENS_4spanINS_5colorEEE
 .text._ZNK2bn15bg_palette_item10decompressENS_4spanINS_5colorEEE
                0x0800b358      0x168 bn_palettes_manager.o
                0x0800b358                _ZNK2bn15bg_palette_item10decompressENS_4spanINS_5colorEEE
 .text._ZN2bn14iunordered_mapItsNS_15identity_hasherENS_8equal_toItEEE21insert_or_assign_hashEjOSt4pairIKtsE.isra.0
                0x0800b4c0      0x108 bn_palettes_manager.o
 .text._ZN2bn13palettes_bank12create_bpp_4ERKNS_4spanIKNS_5colorEEEtb
                0x0800b5c8      0x164 bn_palettes_manager.o
                0x0800b5c8                _ZN2bn13palettes_bank12create_bpp_4ERKNS_4spanIKNS_5colorEEEtb
 .text._ZN2bn12_GLOBAL__N_1L12_create_implERKNS_15bg_palette_itemEb
                0x0800b72c       0xa0 bn_palettes_manager.o
 .text._ZN2bn14bg_palette_ptr6createERKNS_15bg_palette_itemE
                0x0800b7cc       0x54 bn_palettes_manager.o
                0x0800b7cc                _ZN2bn14bg_palette_ptr6createERKNS_15bg_palette_itemE
 .text._ZN2bn12_GLOBAL__N_1L12_create_implERKNS_19sprite_palette_itemEb
                0x0800b820       0x88 bn_palettes_manager.o
 .text._ZN2bn18sprite_palette_ptr6createERKNS_19sprite_palette_itemE
                0x0800b8a8       0x48 bn_palettes_manager.o
                0x0800b8a8                _ZN2bn18sprite_palette_ptr6createERKNS_19sprite_palette_itemE
 .text._ZN2bn13palettes_bank30_erase_bpp_4_indexes_map_indexEt
                0x0800b8f0      0x1c4 bn_palettes_manager.o
                0x0800b8f0                _ZN2bn13palettes_bank30_erase_bpp_4_indexes_map_indexEt
 .text._ZN2bn13palettes_bank15decrease_usagesEi
                0x0800bab4       0x80 bn_palettes_manager.o
                0x0800bab4                _ZN2bn13palettes_bank15decrease_usagesEi
 .text._ZN2bn14bg_palette_ptraSERKS0_
                0x0800bb34       0x48 bn_palettes_manager.o
                0x0800bb34                _ZN2bn14bg_palette_ptraSERKS0_
 .text._ZN2bn14bg_palette_ptrD2Ev
                0x0800bb7c       0x20 bn_palettes_manager.o
                0x0800bb7c                _ZN2bn14bg_palette_ptrD2Ev
                0x0800bb7c                _ZN2bn14bg_palette_ptrD1Ev
 .text._ZN2bn18sprite_palette_ptrD2Ev
                0x0800bb9c       0x20 bn_palettes_manager.o
                0x0800bb9c                _ZN2bn18sprite_palette_ptrD2Ev
                0x0800bb9c                _ZN2bn18sprite_palette_ptrD1Ev
 .text._ZN2bn26sprite_affine_mats_manager12_GLOBAL__N_1L19_sprite_double_sizeILi32ELi16EEEbiiiii
                0x0800bbbc       0x80 bn_sprite_affine_mats_manager.o
 .text._ZN2bn26sprite_affine_mats_manager12_GLOBAL__N_1L19_sprite_double_sizeILi16ELi32EEEbiiiii
                0x0800bc3c       0x80 bn_sprite_affine_mats_manager.o
 .text._ZNK2bn26sprite_affine_mats_manager12_GLOBAL__N_19item_type18sprite_double_sizeEiRKNS_17sprite_shape_sizeE.isra.0
                0x0800bcbc      0x1b4 bn_sprite_affine_mats_manager.o
 .text._ZNK2bn21sprite_affine_mat_ptr15horizontal_flipEv
                0x0800be70       0x18 bn_sprite_affine_mats_manager.o
                0x0800be70                _ZNK2bn21sprite_affine_mat_ptr15horizontal_flipEv
 .text._ZNK2bn21sprite_affine_mat_ptr13vertical_flipEv
                0x0800be88       0x18 bn_sprite_affine_mats_manager.o
                0x0800be88                _ZNK2bn21sprite_affine_mat_ptr13vertical_flipEv
 .text._ZN2bn26sprite_affine_mats_manager20retrieve_commit_dataEv
                0x0800bea0       0x3c bn_sprite_affine_mats_manager.o
                0x0800bea0                _ZN2bn26sprite_affine_mats_manager20retrieve_commit_dataEv
 .text._ZN3_bn6assert9show_argsIA37_cEEvPKcS4_S4_iRKT_
                0x0800bedc       0x48 bn_sprite_affine_mats_manager.o
                0x0800bedc                _ZN3_bn6assert9show_argsIA37_cEEvPKcS4_S4_iRKT_
 .text._ZN3_bn6assert9show_argsIA16_cEEvPKcS4_S4_iRKT_
                0x0800bf24       0x48 bn_sprite_affine_mats_manager.o
                0x0800bf24                _ZN3_bn6assert9show_argsIA16_cEEvPKcS4_S4_iRKT_
 .text._ZN2bn26sprite_affine_mats_manager15decrease_usagesEi.part.0
                0x0800bf6c       0x70 bn_sprite_affine_mats_manager.o
 .text._ZN2bn21sprite_affine_mat_ptrD2Ev
                0x0800bfdc       0x34 bn_sprite_affine_mats_manager.o
                0x0800bfdc                _ZN2bn21sprite_affine_mat_ptrD2Ev
                0x0800bfdc                _ZN2bn21sprite_affine_mat_ptrD1Ev
 .text._ZN2bn26sprite_affine_mats_manager6updateEv
                0x0800c010      0x2a4 bn_sprite_affine_mats_manager.o
                0x0800c010                _ZN2bn26sprite_affine_mats_manager6updateEv
 .text._ZN2bn26sprite_affine_mats_manager4initEPv
                0x0800c2b4      0x100 bn_sprite_affine_mats_manager.o
                0x0800c2b4                _ZN2bn26sprite_affine_mats_manager4initEPv
 .text._ZN2bn26sprite_affine_mats_manager14dettach_spriteEiRNS_24intrusive_list_node_typeE
                0x0800c3b4       0x4c bn_sprite_affine_mats_manager.o
                0x0800c3b4                _ZN2bn26sprite_affine_mats_manager14dettach_spriteEiRNS_24intrusive_list_node_typeE
 .text._ZN2bn13ostringstream11append_argsIiJA4_ciEEEvRKT_DpRKT0_.isra.0
                0x0800c400       0x24 bn_sprite_animate_actions.o
 .text._ZN2bn22isprite_animate_action9_set_refsERNS_10sprite_ptrERNS_17sprite_tiles_itemERNS_7ivectorItEE
                0x0800c424        0x4 bn_sprite_animate_actions.o
                0x0800c424                _ZN2bn22isprite_animate_action9_set_refsERNS_10sprite_ptrERNS_17sprite_tiles_itemERNS_7ivectorItEE
 .text._ZN2bn22isprite_animate_action7_assignERKS0_
                0x0800c428       0x10 bn_sprite_animate_actions.o
                0x0800c428                _ZN2bn22isprite_animate_action7_assignERKS0_
 .text._ZN2bn22isprite_animate_action16set_wait_updatesEi
                0x0800c438       0x68 bn_sprite_animate_actions.o
                0x0800c438                _ZN2bn22isprite_animate_action16set_wait_updatesEi
 .text._ZN3_bn6assert9show_argsIJA33_ciA4_ciEEEvPKcS5_S5_iDpRKT_
                0x0800c4a0       0x58 bn_sprite_animate_actions.o
                0x0800c4a0                _ZN3_bn6assert9show_argsIJA33_ciA4_ciEEEvPKcS5_S5_iDpRKT_
 .text._ZN2bn22isprite_animate_action24_assign_graphics_indexesERKNS_4spanIKtEE
                0x0800c4f8       0x94 bn_sprite_animate_actions.o
                0x0800c4f8                _ZN2bn22isprite_animate_action24_assign_graphics_indexesERKNS_4spanIKtEE
 .text._ZN2bn22isprite_animate_action6updateEv
                0x0800c58c       0xb8 bn_sprite_animate_actions.o
                0x0800c58c                _ZN2bn22isprite_animate_action6updateEv
 .text._ZN2bn15sprites_manager12_GLOBAL__N_1L32_always_update_indexes_to_commitERKNS_20sprites_manager_itemE
                0x0800c644       0x4c bn_sprites_manager.o
 .text._ZN2bn13ostringstream11append_argsIiJA4_ciEEEvRKT_DpRKT0_.isra.0
                0x0800c690       0x24 bn_sprites_manager.o
 .text._ZN2bn15sprites_manager12_GLOBAL__N_1L23_update_item_dimensionsERNS_20sprites_manager_itemE
                0x0800c6b4       0xc0 bn_sprites_manager.o
 .text._ZN2bn10sprite_ptrC2ERKS0_
                0x0800c774        0xc bn_sprites_manager.o
                0x0800c774                _ZN2bn10sprite_ptrC2ERKS0_
                0x0800c774                _ZN2bn10sprite_ptrC1ERKS0_
 .text._ZN2bn10sprite_ptr12set_positionERKNS_13fixed_point_tILi12EEE
                0x0800c780       0x80 bn_sprites_manager.o
                0x0800c780                _ZN2bn10sprite_ptr12set_positionERKNS_13fixed_point_tILi12EEE
 .text._ZN2bn15sprites_manager4initEv
                0x0800c800       0xd4 bn_sprites_manager.o
                0x0800c800                _ZN2bn15sprites_manager4initEv
 .text._ZN2bn15sprites_manager5hw_idEPv
                0x0800c8d4        0x8 bn_sprites_manager.o
                0x0800c8d4                _ZN2bn15sprites_manager5hw_idEPv
 .text._ZN2bn15sprites_manager5shapeEPv
                0x0800c8dc        0x8 bn_sprites_manager.o
                0x0800c8dc                _ZN2bn15sprites_manager5shapeEPv
 .text._ZN2bn15sprites_manager4sizeEPv
                0x0800c8e4        0x8 bn_sprites_manager.o
                0x0800c8e4                _ZN2bn15sprites_manager4sizeEPv
 .text._ZN2bn15sprites_manager10shape_sizeEPv
                0x0800c8ec       0x14 bn_sprites_manager.o
                0x0800c8ec                _ZN2bn15sprites_manager10shape_sizeEPv
 .text._ZN2bn15sprites_manager11hw_positionEPv
                0x0800c900        0x4 bn_sprites_manager.o
                0x0800c900                _ZN2bn15sprites_manager11hw_positionEPv
 .text._ZN2bn15sprites_manager9view_modeEPv
                0x0800c904        0xc bn_sprites_manager.o
                0x0800c904                _ZN2bn15sprites_manager9view_modeEPv
 .text._ZN2bn15sprites_manager10affine_matEPv
                0x0800c910        0x4 bn_sprites_manager.o
                0x0800c910                _ZN2bn15sprites_manager10affine_matEPv
 .text._ZN2bn15sprites_manager39fill_hblank_effect_horizontal_positionsEPviPKNS_7fixed_tILi12EEEPt
                0x0800c914       0x4c bn_sprites_manager.o
                0x0800c914                _ZN2bn15sprites_manager39fill_hblank_effect_horizontal_positionsEPviPKNS_7fixed_tILi12EEEPt
 .text._ZN2bn15sprites_manager37fill_hblank_effect_vertical_positionsEPviPKNS_7fixed_tILi12EEEPt
                0x0800c960       0x4c bn_sprites_manager.o
                0x0800c960                _ZN2bn15sprites_manager37fill_hblank_effect_vertical_positionsEPviPKNS_7fixed_tILi12EEEPt
 .text._ZN2bn15sprites_manager35fill_hblank_effect_first_attributesEiNS_12sprite_shapeENS_8bpp_modeEiPKNS_23sprite_first_attributesEPt
                0x0800c9ac       0xd4 bn_sprites_manager.o
                0x0800c9ac                _ZN2bn15sprites_manager35fill_hblank_effect_first_attributesEiNS_12sprite_shapeENS_8bpp_modeEiPKNS_23sprite_first_attributesEPt
 .text._ZN2bn15sprites_manager44fill_hblank_effect_regular_second_attributesEPviNS_11sprite_sizeEPKNS_32sprite_regular_second_attributesEPt
                0x0800ca80       0x60 bn_sprites_manager.o
                0x0800ca80                _ZN2bn15sprites_manager44fill_hblank_effect_regular_second_attributesEPviNS_11sprite_sizeEPKNS_32sprite_regular_second_attributesEPt
 .text._ZN2bn15sprites_manager43fill_hblank_effect_affine_second_attributesEPviNS_11sprite_sizeEPKNS_31sprite_affine_second_attributesEPt
                0x0800cae0       0x58 bn_sprites_manager.o
                0x0800cae0                _ZN2bn15sprites_manager43fill_hblank_effect_affine_second_attributesEPviNS_11sprite_sizeEPKNS_31sprite_affine_second_attributesEPt
 .text._ZN2bn15sprites_manager14update_camerasEv
                0x0800cb38       0x20 bn_sprites_manager.o
                0x0800cb38                _ZN2bn15sprites_manager14update_camerasEv
 .text._ZN2bn15sprites_manager23update_auto_double_sizeEPv
                0x0800cb58       0x2c bn_sprites_manager.o
                0x0800cb58                _ZN2bn15sprites_manager23update_auto_double_sizeEPv
 .text._ZN2bn15sprites_manager6commitEb
                0x0800cb84       0xa4 bn_sprites_manager.o
                0x0800cb84                _ZN2bn15sprites_manager6commitEb
 .text._ZN3_bn6assert9show_argsIA54_cEEvPKcS4_S4_iRKT_
                0x0800cc28       0x48 bn_sprites_manager.o
                0x0800cc28                _ZN3_bn6assert9show_argsIA54_cEEvPKcS4_S4_iRKT_
 .text._ZNK2bn17sprite_shape_size6heightEv.isra.0
                0x0800cc70       0xd0 bn_sprites_manager.o
 .text._ZNK2bn17sprite_shape_size5widthEv.isra.0
                0x0800cd40       0xcc bn_sprites_manager.o
 .text._ZN2bn15sprites_manager12_GLOBAL__N_1L18_remove_affine_matERNS_20sprites_manager_itemE
                0x0800ce0c       0xe4 bn_sprites_manager.o
 .text._ZN2bn15sprites_manager42remove_identity_affine_mat_when_not_neededEPv
                0x0800cef0        0xc bn_sprites_manager.o
                0x0800cef0                _ZN2bn15sprites_manager42remove_identity_affine_mat_when_not_neededEPv
 .text._ZN2bn15sprites_manager7paletteEPv
                0x0800cefc       0x34 bn_sprites_manager.o
                0x0800cefc                _ZN2bn15sprites_manager7paletteEPv
 .text._ZN2bn15sprites_manager9set_tilesEPvONS_16sprite_tiles_ptrE
                0x0800cf30      0x24c bn_sprites_manager.o
                0x0800cf30                _ZN2bn15sprites_manager9set_tilesEPvONS_16sprite_tiles_ptrE
 .text._ZN2bn10sprite_ptr9set_tilesERKNS_17sprite_tiles_itemEi
                0x0800d17c       0x7c bn_sprites_manager.o
                0x0800d17c                _ZN2bn10sprite_ptr9set_tilesERKNS_17sprite_tiles_itemEi
 .text._ZN2bn15sprites_manager6updateEv
                0x0800d1f8      0x13c bn_sprites_manager.o
                0x0800d1f8                _ZN2bn15sprites_manager6updateEv
 .text._ZN3_bn6assert9show_argsIJA27_ciA4_ciEEEvPKcS5_S5_iDpRKT_
                0x0800d334       0x58 bn_sprites_manager.o
                0x0800d334                _ZN3_bn6assert9show_argsIJA27_ciA4_ciEEEvPKcS5_S5_iDpRKT_
 .text._ZN2bn15sprites_manager35fill_hblank_effect_third_attributesENS_17sprite_shape_sizeEPKNS_23sprite_third_attributesEPt
                0x0800d38c      0x2f0 bn_sprites_manager.o
                0x0800d38c                _ZN2bn15sprites_manager35fill_hblank_effect_third_attributesENS_17sprite_shape_sizeEPKNS_23sprite_third_attributesEPt
 .text._ZN2bn14sorted_sprites6sorter6insertERNS_20sprites_manager_itemE
                0x0800d67c      0x184 bn_sprites_manager.o
                0x0800d67c                _ZN2bn14sorted_sprites6sorter6insertERNS_20sprites_manager_itemE
 .text._ZN2bn15sprites_manager6createERKNS_13fixed_point_tILi12EEERKNS_17sprite_shape_sizeEONS_16sprite_tiles_ptrEONS_18sprite_palette_ptrE
                0x0800d800      0x1d0 bn_sprites_manager.o
                0x0800d800                _ZN2bn15sprites_manager6createERKNS_13fixed_point_tILi12EEERKNS_17sprite_shape_sizeEONS_16sprite_tiles_ptrEONS_18sprite_palette_ptrE
 .text._ZNK2bn11sprite_item13create_spriteENS_7fixed_tILi12EEES2_
                0x0800d9d0       0x44 bn_sprites_manager.o
                0x0800d9d0                _ZNK2bn11sprite_item13create_spriteENS_7fixed_tILi12EEES2_
 .text._ZN2bn15sprites_manager15set_bg_priorityEPvi
                0x0800da14      0x148 bn_sprites_manager.o
                0x0800da14                _ZN2bn15sprites_manager15set_bg_priorityEPvi
 .text._ZN2bn10sprite_ptr15set_bg_priorityEi
                0x0800db5c       0x10 bn_sprites_manager.o
                0x0800db5c                _ZN2bn10sprite_ptr15set_bg_priorityEi
 .text._ZN2bn15sprites_manager15decrease_usagesEPv
                0x0800db6c      0x17c bn_sprites_manager.o
                0x0800db6c                _ZN2bn15sprites_manager15decrease_usagesEPv
 .text._ZN2bn10sprite_ptrD2Ev
                0x0800dce8       0x18 bn_sprites_manager.o
                0x0800dce8                _ZN2bn10sprite_ptrD1Ev
                0x0800dce8                _ZN2bn10sprite_ptrD2Ev
 .text._ZN3_bn6assert9show_argsIJA25_ciA4_ctEEEvPKcS5_S5_iDpRKT_
                0x0800dd00       0x64 bn_sprite_text_generator.o
                0x0800dd00                _ZN3_bn6assert9show_argsIJA25_ciA4_ctEEEvPKcS5_S5_iDpRKT_
 .text._ZNK2bn16sprite_tiles_ptr2idEv
                0x0800dd64       0x18 bn_sprite_tiles_manager.o
                0x0800dd64                _ZNK2bn16sprite_tiles_ptr2idEv
 .text._ZNK2bn16sprite_tiles_ptr11tiles_countEv
                0x0800dd7c       0x18 bn_sprite_tiles_manager.o
                0x0800dd7c                _ZNK2bn16sprite_tiles_ptr11tiles_countEv
 .text._ZN2bn20sprite_tiles_manager10log_statusEv
                0x0800dd94      0x1ec bn_sprite_tiles_manager.o
                0x0800dd94                _ZN2bn20sprite_tiles_manager10log_statusEv
 .text._ZN2bn20sprite_tiles_manager19commit_uncompressedEb
                0x0800df80       0xc4 bn_sprite_tiles_manager.o
                0x0800df80                _ZN2bn20sprite_tiles_manager19commit_uncompressedEb
 .text._ZN3_bn6assert9show_argsIJA44_cPKN2bn4tileEA4_cS6_EEEvPKcS9_S9_iDpRKT_
                0x0800e044       0x64 bn_sprite_tiles_manager.o
                0x0800e044                _ZN3_bn6assert9show_argsIJA44_cPKN2bn4tileEA4_cS6_EEEvPKcS9_S9_iDpRKT_
 .text._ZN3_bn6assert9show_argsIJA46_ciA4_cjEEEvPKcS5_S5_iDpRKT_
                0x0800e0a8       0x64 bn_sprite_tiles_manager.o
                0x0800e0a8                _ZN3_bn6assert9show_argsIJA46_ciA4_cjEEEvPKcS5_S5_iDpRKT_
 .text._ZN2bn20sprite_tiles_manager12_GLOBAL__N_1L10_hw_commitEPKNS_4tileENS_16compression_typeEii
                0x0800e10c       0x88 bn_sprite_tiles_manager.o
 .text._ZN2bn20sprite_tiles_manager17commit_compressedEv
                0x0800e194       0x5c bn_sprite_tiles_manager.o
                0x0800e194                _ZN2bn20sprite_tiles_manager17commit_compressedEv
 .text._ZN3_bn6assert9show_argsIJA28_cA15_cPKN2bn4tileEA16_ciA34_cNS4_11string_viewEEEEvPKcSC_SC_iDpRKT_
                0x0800e1f0       0x7c bn_sprite_tiles_manager.o
                0x0800e1f0                _ZN3_bn6assert9show_argsIJA28_cA15_cPKN2bn4tileEA16_ciA34_cNS4_11string_viewEEEEvPKcSC_SC_iDpRKT_
 .text._ZN2bn20sprite_tiles_manager4initEv
                0x0800e26c      0x188 bn_sprite_tiles_manager.o
                0x0800e26c                _ZN2bn20sprite_tiles_manager4initEv
 .text._ZN2bn20sprite_tiles_manager12_GLOBAL__N_1L22_insert_to_commit_itemEiRNS1_9item_typeE.part.0
                0x0800e3f4       0x64 bn_sprite_tiles_manager.o
 .text._ZN2bn20sprite_tiles_manager12_GLOBAL__N_1L17_insert_free_itemEi
                0x0800e458       0xe0 bn_sprite_tiles_manager.o
 .text._ZN2bn20sprite_tiles_manager12_GLOBAL__N_1L16_erase_free_itemEi
                0x0800e538       0xe8 bn_sprite_tiles_manager.o
 .text._ZN2bn20sprite_tiles_manager12_GLOBAL__N_1L21_erase_to_commit_itemEiRNS1_9item_typeE.part.0
                0x0800e620       0xac bn_sprite_tiles_manager.o
 .text._ZN2bn20sprite_tiles_manager15decrease_usagesEi
                0x0800e6cc      0x138 bn_sprite_tiles_manager.o
                0x0800e6cc                _ZN2bn20sprite_tiles_manager15decrease_usagesEi
 .text._ZN2bn16sprite_tiles_ptrD2Ev
                0x0800e804       0x18 bn_sprite_tiles_manager.o
                0x0800e804                _ZN2bn16sprite_tiles_ptrD1Ev
                0x0800e804                _ZN2bn16sprite_tiles_ptrD2Ev
 .text._ZN2bn20sprite_tiles_manager12_GLOBAL__N_1L10_find_implEPKNS_4tileENS_16compression_typeEi
                0x0800e81c      0x288 bn_sprite_tiles_manager.o
 .text._ZNK2bn17sprite_tiles_item10find_tilesEi
                0x0800eaa4       0xcc bn_sprite_tiles_manager.o
                0x0800eaa4                _ZNK2bn17sprite_tiles_item10find_tilesEi
 .text._ZN2bn20sprite_tiles_manager12_GLOBAL__N_1L21_erase_items_map_itemEPKNS_4tileE
                0x0800eb70      0x1fc bn_sprite_tiles_manager.o
 .text._ZN2bn20sprite_tiles_manager12_GLOBAL__N_1L12_create_itemEiPKNS_4tileENS_16compression_typeEib
                0x0800ed6c      0x1e0 bn_sprite_tiles_manager.o
 .text._ZN2bn20sprite_tiles_manager6updateEv
                0x0800ef4c      0x1a0 bn_sprite_tiles_manager.o
                0x0800ef4c                _ZN2bn20sprite_tiles_manager6updateEv
 .text._ZN2bn20sprite_tiles_manager12_GLOBAL__N_1L12_create_implEPKNS_4tileENS_16compression_typeEi
                0x0800f0ec      0x1fc bn_sprite_tiles_manager.o
 .text._ZN2bn20sprite_tiles_manager12_GLOBAL__N_1L22_insert_items_map_itemEPKNS_4tileEi
                0x0800f2e8       0xc0 bn_sprite_tiles_manager.o
 .text._ZN2bn20sprite_tiles_manager6createERKNS_4spanIKNS_4tileEEENS_16compression_typeE
                0x0800f3a8       0x90 bn_sprite_tiles_manager.o
                0x0800f3a8                _ZN2bn20sprite_tiles_manager6createERKNS_4spanIKNS_4tileEEENS_16compression_typeE
 .text._ZN2bn16sprite_tiles_ptr6createERKNS_17sprite_tiles_itemE
                0x0800f438       0x84 bn_sprite_tiles_manager.o
                0x0800f438                _ZN2bn16sprite_tiles_ptr6createERKNS_17sprite_tiles_itemE
 .text._ZN2bn16sprite_tiles_ptr6createERKNS_17sprite_tiles_itemEi
                0x0800f4bc       0xc0 bn_sprite_tiles_manager.o
                0x0800f4bc                _ZN2bn16sprite_tiles_ptr6createERKNS_17sprite_tiles_itemEi
 .text._ZN2bn13ostringstreamC2ERNS_12istring_baseE
                0x0800f57c        0x8 bn_sstream.o
                0x0800f57c                _ZN2bn13ostringstreamC1ERNS_12istring_baseE
                0x0800f57c                _ZN2bn13ostringstreamC2ERNS_12istring_baseE
 .text._ZNK2bn13ostringstream4sizeEv
                0x0800f584        0x8 bn_sstream.o
                0x0800f584                _ZNK2bn13ostringstream4sizeEv
 .text._ZN2bn13ostringstream6appendEPKc
                0x0800f58c       0xac bn_sstream.o
                0x0800f58c                _ZN2bn13ostringstream6appendEPKc
 .text._ZN2bn13ostringstream6appendEi
                0x0800f638       0xb0 bn_sstream.o
                0x0800f638                _ZN2bn13ostringstream6appendEi
 .text._ZN2bn13ostringstream6appendERKNS_11string_viewE
                0x0800f6e8       0xbc bn_sstream.o
                0x0800f6e8                _ZN2bn13ostringstream6appendERKNS_11string_viewE
 .text._ZN2bn13ostringstream6appendEj
                0x0800f7a4       0xb0 bn_sstream.o
                0x0800f7a4                _ZN2bn13ostringstream6appendEj
 .text._ZN2bn13ostringstream6appendEPKv
                0x0800f854       0xec bn_sstream.o
                0x0800f854                _ZN2bn13ostringstream6appendEPKv
 .text._ZN2bn13ostringstream16_append_fractionEji
                0x0800f940      0x120 bn_sstream.o
                0x0800f940                _ZN2bn13ostringstream16_append_fractionEji
 .text._ZN2bn13ostringstream6appendEc
                0x0800fa60       0x48 bn_sstream.o
                0x0800fa60                _ZN2bn13ostringstream6appendEc
 .text._ZN2bn18igeneric_pool_baseC2EPci
                0x0800faa8       0x10 bn_translation_unit.o
                0x0800faa8                _ZN2bn18igeneric_pool_baseC1EPci
                0x0800faa8                _ZN2bn18igeneric_pool_baseC2EPci
 .text._ZN2bn18igeneric_pool_base5_freeEPc
                0x0800fab8       0x10 bn_translation_unit.o
                0x0800fab8                _ZN2bn18igeneric_pool_base5_freeEPc
 .text._ZN2bn5timerC2Ev
                0x0800fac8       0x24 bn_translation_unit.o
                0x0800fac8                _ZN2bn5timerC1Ev
                0x0800fac8                _ZN2bn5timerC2Ev
 .text._ZNK2bn5timer13elapsed_ticksEv
                0x0800faec       0x2c bn_translation_unit.o
                0x0800faec                _ZNK2bn5timer13elapsed_ticksEv
 .text._ZN2bn5timer7restartEv
                0x0800fb18       0x28 bn_translation_unit.o
                0x0800fb18                _ZN2bn5timer7restartEv
 .text._ZN2bn3logERKNS_12istring_baseE
                0x0800fb40       0x58 bn_translation_unit.o
                0x0800fb40                _ZN2bn3logERKNS_12istring_baseE
 .text._ZN3_bn9sqrt_implEi
                0x0800fb98       0x18 bn_translation_unit.o
                0x0800fb98                _ZN3_bn9sqrt_implEi
 .text._ZN2bn18igeneric_pool_base9_allocateEv
                0x0800fbb0       0x48 bn_translation_unit.o
                0x0800fbb0                _ZN2bn18igeneric_pool_base9_allocateEv
 .text._ZN2bn2hw5audio12_GLOBAL__N_1L21_maxmod_event_handlerEjj
                0x0800fbf8       0x38 bn_hw_audio.o
 .text._ZN2bn2hw5audio4initEv
                0x0800fc30       0x7c bn_hw_audio.o
                0x0800fc30                _ZN2bn2hw5audio4initEv
 .text._ZN2bn2hw5audio7disableEv
                0x0800fcac       0x18 bn_hw_audio.o
                0x0800fcac                _ZN2bn2hw5audio7disableEv
 .text._ZN2bn2hw5audio13update_eventsEb
                0x0800fcc4       0x6c bn_hw_audio.o
                0x0800fcc4                _ZN2bn2hw5audio13update_eventsEb
 .text._ZN2bn2hw5audio13music_playingEv
                0x0800fd30       0x20 bn_hw_audio.o
                0x0800fd30                _ZN2bn2hw5audio13music_playingEv
 .text._ZN2bn2hw5audio10play_musicEib
                0x0800fd50       0x1c bn_hw_audio.o
                0x0800fd50                _ZN2bn2hw5audio10play_musicEib
 .text._ZN2bn2hw5audio10stop_musicEv
                0x0800fd6c       0x18 bn_hw_audio.o
                0x0800fd6c                _ZN2bn2hw5audio10stop_musicEv
 .text._ZN2bn2hw5audio11pause_musicEv
                0x0800fd84       0x18 bn_hw_audio.o
                0x0800fd84                _ZN2bn2hw5audio11pause_musicEv
 .text._ZN2bn2hw5audio12resume_musicEv
                0x0800fd9c       0x18 bn_hw_audio.o
                0x0800fd9c                _ZN2bn2hw5audio12resume_musicEv
 .text._ZN2bn2hw5audio14jingle_playingEv
                0x0800fdb4       0x20 bn_hw_audio.o
                0x0800fdb4                _ZN2bn2hw5audio14jingle_playingEv
 .text._ZN2bn2hw5audio11play_jingleEi
                0x0800fdd4       0x1c bn_hw_audio.o
                0x0800fdd4                _ZN2bn2hw5audio11play_jingleEi
 .text._ZN2bn2hw5audio11stop_jingleEv
                0x0800fdf0       0x18 bn_hw_audio.o
                0x0800fdf0                _ZN2bn2hw5audio11stop_jingleEv
 .text._ZN2bn2hw5audio12pause_jingleEv
                0x0800fe08       0x18 bn_hw_audio.o
                0x0800fe08                _ZN2bn2hw5audio12pause_jingleEv
 .text._ZN2bn2hw5audio13resume_jingleEv
                0x0800fe20       0x18 bn_hw_audio.o
                0x0800fe20                _ZN2bn2hw5audio13resume_jingleEv
 .text._ZN3_bn6assert9show_argsIA43_cEEvPKcS4_S4_iRKT_
                0x0800fe38       0x48 bn_hw_audio.o
                0x0800fe38                _ZN3_bn6assert9show_argsIA43_cEEvPKcS4_S4_iRKT_
 .text._ZN2bn2hw5audio15set_mixing_rateENS_17audio_mixing_rateE
                0x0800fe80       0xc0 bn_hw_audio.o
                0x0800fe80                _ZN2bn2hw5audio15set_mixing_rateENS_17audio_mixing_rateE
 .text._ZN2bn2hw5audio15set_sound_speedEtNS_7fixed_tILi12EEES3_
                0x0800ff40       0x74 bn_hw_audio.o
                0x0800ff40                _ZN2bn2hw5audio15set_sound_speedEtNS_7fixed_tILi12EEES3_
 .text._ZN2bn2hw5audio12_GLOBAL__N_1L19_add_sound_to_queueEit
                0x0800ffb4       0x98 bn_hw_audio.o
 .text._ZN2bn2hw5audio12_GLOBAL__N_1L19_check_sounds_queueEi
                0x0801004c       0xb0 bn_hw_audio.o
 .text._ZN2bn2hw5audio10play_soundEii
                0x080100fc       0x44 bn_hw_audio.o
                0x080100fc                _ZN2bn2hw5audio10play_soundEii
 .text._ZN2bn2hw5audio10play_soundEiiNS_7fixed_tILi12EEES3_S3_
                0x08010140       0xb8 bn_hw_audio.o
                0x08010140                _ZN2bn2hw5audio10play_soundEiiNS_7fixed_tILi12EEES3_S3_
 .text._ZN2bn2hw5audio15stop_all_soundsEv
                0x080101f8       0x60 bn_hw_audio.o
                0x080101f8                _ZN2bn2hw5audio15stop_all_soundsEv
 .text._ZN2bn2hw5audio19update_sounds_queueEv
                0x08010258       0x94 bn_hw_audio.o
                0x08010258                _ZN2bn2hw5audio19update_sounds_queueEv
 .text._ZN2bn2hw5audio12_GLOBAL__N_1L23_erase_sound_from_queueEt
                0x080102ec       0x98 bn_hw_audio.o
 .text._ZN2bn2hw5audio10stop_soundEt
                0x08010384       0x20 bn_hw_audio.o
                0x08010384                _ZN2bn2hw5audio10stop_soundEt
 .text._ZN2bn2hw5audio13release_soundEt
                0x080103a4       0x20 bn_hw_audio.o
                0x080103a4                _ZN2bn2hw5audio13release_soundEt
 .text.__libc_init_array
                0x080103c4       0x50 bn_hw_common.bn_noflto.o
                0x080103c4                __libc_init_array
 .text._ZN3_bn6assert9show_argsIA40_cEEvPKcS4_S4_iRKT_
                0x08010414       0x48 bn_hw_common.bn_noflto.o
                0x08010414                _ZN3_bn6assert9show_argsIA40_cEEvPKcS4_S4_iRKT_
 .text.__aeabi_idiv0
                0x0801045c       0x24 bn_hw_common.bn_noflto.o
                0x0801045c                __aeabi_idiv0
 .text.free     0x08010480        0xc bn_hw_cstdlib.o
                0x08010480                free
 .text._ZN2bn2hw9dmg_audio4initEv
                0x0801048c       0x18 bn_hw_dmg_audio.o
                0x0801048c                _ZN2bn2hw9dmg_audio4initEv
 .text._ZN2bn2hw9dmg_audio7disableEv
                0x080104a4       0x18 bn_hw_dmg_audio.o
                0x080104a4                _ZN2bn2hw9dmg_audio7disableEv
 .text._ZN2bn2hw9dmg_audio13music_playingEv
                0x080104bc       0x28 bn_hw_dmg_audio.o
                0x080104bc                _ZN2bn2hw9dmg_audio13music_playingEv
 .text._ZN2bn2hw9dmg_audio10stop_musicEv
                0x080104e4       0x24 bn_hw_dmg_audio.o
                0x080104e4                _ZN2bn2hw9dmg_audio10stop_musicEv
 .text._ZN2bn2hw9dmg_audio11pause_musicEv
                0x08010508       0x24 bn_hw_dmg_audio.o
                0x08010508                _ZN2bn2hw9dmg_audio11pause_musicEv
 .text._ZN2bn2hw9dmg_audio12resume_musicEv
                0x0801052c       0x24 bn_hw_dmg_audio.o
                0x0801052c                _ZN2bn2hw9dmg_audio12resume_musicEv
 .text._ZN2bn2hw9dmg_audio14music_positionERiS2_
                0x08010550       0x2c bn_hw_dmg_audio.o
                0x08010550                _ZN2bn2hw9dmg_audio14music_positionERiS2_
 .text._ZN2bn2hw9dmg_audio6commitEv
                0x0801057c       0x34 bn_hw_dmg_audio.o
                0x0801057c                _ZN2bn2hw9dmg_audio6commitEv
 .text._ZN3_bn6assert9show_argsIA38_ciEEvPKcS4_S4_iRKT_RKT0_
                0x080105b0       0x54 bn_hw_dmg_audio.o
                0x080105b0                _ZN3_bn6assert9show_argsIA38_ciEEvPKcS4_S4_iRKT_RKT0_
 .text._ZN2bn2hw9dmg_audio10play_musicEPKvNS_14dmg_music_typeEib
                0x08010604       0x84 bn_hw_dmg_audio.o
                0x08010604                _ZN2bn2hw9dmg_audio10play_musicEPKvNS_14dmg_music_typeEib
 .text._ZN2bn2hw9dmg_audio18set_music_positionEii
                0x08010688       0x4c bn_hw_dmg_audio.o
                0x08010688                _ZN2bn2hw9dmg_audio18set_music_positionEii
 .text._ZN2bn2hw9dmg_audio16set_music_volumeENS_7fixed_tILi12EEES3_
                0x080106d4       0x50 bn_hw_dmg_audio.o
                0x080106d4                _ZN2bn2hw9dmg_audio16set_music_volumeENS_7fixed_tILi12EEES3_
 .text._ZN3_bn6assert9show_argsIA32_cjEEvPKcS4_S4_iRKT_RKT0_
                0x08010724       0x54 bn_hw_dmg_audio.o
                0x08010724                _ZN3_bn6assert9show_argsIA32_cjEEvPKcS4_S4_iRKT_RKT0_
 .text._ZN2bn2hw9dmg_audio19check_commit_resultEv
                0x08010778       0x38 bn_hw_dmg_audio.o
                0x08010778                _ZN2bn2hw9dmg_audio19check_commit_resultEv
 .text._ZN2bn2hw4gpio4initEv
                0x080107b0        0x8 bn_hw_gpio.bn_noflto.o
                0x080107b0                _ZN2bn2hw4gpio4initEv
 .text._ZN2bn2hw4link12_GLOBAL__N_1L19_resetStateCallbackEv
                0x080107b8       0x4c bn_hw_link.o
 .text._ZN2bn2hw4link4initEv
                0x08010804      0x100 bn_hw_link.o
                0x08010804                _ZN2bn2hw4link4initEv
 .text._ZN2bn2hw4link6activeEv
                0x08010904       0x10 bn_hw_link.o
                0x08010904                _ZN2bn2hw4link6activeEv
 .text._ZN2bn2hw4link7disableEv
                0x08010914       0x6c bn_hw_link.o
                0x08010914                _ZN2bn2hw4link7disableEv
 .text._ZN2bn2hw4link6commitEv
                0x08010980       0x28 bn_hw_link.o
                0x08010980                _ZN2bn2hw4link6commitEv
 .text._ZN2bn2hw4link11_timer_intrEv
                0x080109a8       0xf8 bn_hw_link.o
                0x080109a8                _ZN2bn2hw4link11_timer_intrEv
 .text._ZN2bn2hw4link12_serial_intrEv
                0x08010aa0      0x1d4 bn_hw_link.o
                0x08010aa0                _ZN2bn2hw4link12_serial_intrEv
 .text._ZN2bn2hw4link12_GLOBAL__N_1L17_sendDataCallbackEv
                0x08010c74       0xd8 bn_hw_link.o
 .text._ZN2bn2hw4link12_GLOBAL__N_1L24_receiveResponseCallbackERKNS_2lc12LinkResponseE
                0x08010d4c      0x148 bn_hw_link.o
 .text._ZN2bn2hw8palettes8contrastEPKNS_5colorEiiPS2_
                0x08010e94       0x18 bn_hw_palettes.o
                0x08010e94                _ZN2bn2hw8palettes8contrastEPKNS_5colorEiiPS2_
 .text._ZN2bn2hw8palettes9intensityEPKNS_5colorEiiPS2_
                0x08010eac       0x18 bn_hw_palettes.o
                0x08010eac                _ZN2bn2hw8palettes9intensityEPKNS_5colorEiiPS2_
 .text._ZN2bn2hw8palettes9hue_shiftEPKNS_5colorEiiPS2_
                0x08010ec4      0x14c bn_hw_palettes.o
                0x08010ec4                _ZN2bn2hw8palettes9hue_shiftEPKNS_5colorEiiPS2_
 .text._ZN2bn2hw8palettes6rotateEPKNS_5colorEiiPS2_
                0x08011010       0x30 bn_hw_palettes.o
                0x08011010                _ZN2bn2hw8palettes6rotateEPKNS_5colorEiiPS2_
 .text._ZN2bn7istring6appendEPKci.isra.0
                0x08011040       0xb4 bn_hw_show.o
 .text._ZN2bn2hw4show5errorERKNS_11system_fontERKNS_11string_viewES7_S7_iS7_S7_
                0x080110f4      0x284 bn_hw_show.o
                0x080110f4                _ZN2bn2hw4show5errorERKNS_11system_fontERKNS_11string_viewES7_S7_iS7_S7_
 .text._ZN2bn2hw4sram4initEv
                0x08011378       0x18 bn_hw_sram.bn_noflto.o
                0x08011378                _ZN2bn2hw4sram4initEv
 .text._ZN2bn11system_fontC2Ev
                0x08011390       0x18 bn_hw_system_font.o
                0x08011390                _ZN2bn11system_fontC1Ev
                0x08011390                _ZN2bn11system_fontC2Ev
 .text._ZNK2bn11system_font8tte_fontEv
                0x080113a8        0x4 bn_hw_system_font.o
                0x080113a8                _ZNK2bn11system_font8tte_fontEv
 .text._ZN2bn2hw4text5parseEjRNS_5arrayIcLi32EEE
                0x080113ac       0xa0 bn_hw_text.o
                0x080113ac                _ZN2bn2hw4text5parseEjRNS_5arrayIcLi32EEE
 .text._ZN2bn2hw4text5parseEPKvRNS_5arrayIcLi32EEE
                0x0801144c       0x30 bn_hw_text.o
                0x0801144c                _ZN2bn2hw4text5parseEPKvRNS_5arrayIcLi32EEE
 .text._ZN2bn2hw4text5parseEiRNS_5arrayIcLi32EEE
                0x0801147c       0xbc bn_hw_text.o
                0x0801147c                _ZN2bn2hw4text5parseEiRNS_5arrayIcLi32EEE
 .text.clr_grayscale
                0x08011538       0x7c tonc_color.o
                0x08011538                clr_grayscale
 .text.sbmp16_rect
                0x080115b4       0x6c tonc_sbmp16.o
                0x080115b4                sbmp16_rect
 .text.bmp16_drawg_b1cts
                0x08011620       0xb4 bmp16_drawg_b1cs.o
                0x08011620                bmp16_drawg_b1cts
 .text.bmp16_erase
                0x080116d4       0x24 tte_init_bmp.o
                0x080116d4                bmp16_erase
 .text.tte_init_bmp
                0x080116f8       0x60 tte_init_bmp.o
                0x080116f8                tte_init_bmp
 .text.dummy_drawg
                0x08011758        0x4 tte_main.o
                0x08011758                dummy_drawg
 .text.dummy_erase
                0x0801175c        0x4 tte_main.o
                0x0801175c                dummy_erase
 .text.tte_init_base
                0x08011760       0x68 tte_main.o
                0x08011760                tte_init_base
 .text.utf8_decode_char
                0x080117c8       0xb8 tte_main.o
                0x080117c8                utf8_decode_char
 .text.tte_write
                0x08011880       0xd4 tte_main.o
                0x08011880                tte_write
 .text.tte_get_text_size
                0x08011954       0xa0 tte_main.o
                0x08011954                tte_get_text_size
 .text.tte_set_margins
                0x080119f4       0x14 tte_main.o
                0x080119f4                tte_set_margins
 .text.IRQ_Init
                0x08011a08       0x48 interrupts_gba.o
                0x08011a08                IRQ_Init
 .text.IRQ_SetHandler
                0x08011a50        0xc interrupts_gba.o
                0x08011a50                IRQ_SetHandler
 .text.IRQ_Enable
                0x08011a5c       0x64 interrupts_gba.o
                0x08011a5c                IRQ_Enable
 .text.IRQ_Disable
                0x08011ac0       0x60 interrupts_gba.o
                0x08011ac0                IRQ_Disable
 .text.mmResetEffects
                0x08011b20       0x1c effect.o
                0x08011b20                mmResetEffects
 .text.mmEffectEx
                0x08011b3c      0x118 effect.o
                0x08011b3c                mmEffectEx
 .text.mmEffect
                0x08011c54       0x24 effect.o
                0x08011c54                mmEffect
 .text.mmSetEffectsVolume
                0x08011c78       0x14 effect.o
                0x08011c78                mmSetEffectsVolume
 .text.mmEffectPanning
                0x08011c8c       0x34 effect.o
                0x08011c8c                mmEffectPanning
 .text.mmEffectActive
                0x08011cc0       0x2c effect.o
                0x08011cc0                mmEffectActive
 .text.mmEffectScaleRate
                0x08011cec       0x34 effect.o
                0x08011cec                mmEffectScaleRate
 .text.mmEffectCancel
                0x08011d20       0x68 effect.o
                0x08011d20                mmEffectCancel
 .text.mmEffectRelease
                0x08011d88       0x5c effect.o
                0x08011d88                mmEffectRelease
 .text.mmEffectCancelAll
                0x08011de4       0x64 effect.o
                0x08011de4                mmEffectCancelAll
 .text.mmUpdateEffects
                0x08011e48       0x90 effect.o
                0x08011e48                mmUpdateEffects
 .text.mmUpdateChannel_TN
                0x08011ed8       0xbc mas_arm.o
                0x08011ed8                mmUpdateChannel_TN
 .text.mpp_resetchannels
                0x08011f94       0x80 mas.o
 .text.mpph_VolumeSlide.isra.0
                0x08012014       0x90 mas.o
 .text.mpph_PitchSlide_Up.isra.0
                0x080120a4       0x3c mas.o
 .text.mpp_setposition
                0x080120e0       0xb4 mas.o
 .text.mppe_DoVibrato
                0x08012194       0x90 mas.o
 .text.mpph_FastForward
                0x08012224       0x80 mas.o
 .text.mppe_glis_backdoor
                0x080122a4       0xb4 mas.o
 .text.mmSetEventHandler
                0x08012358        0xc mas.o
                0x08012358                mmSetEventHandler
 .text.mmPause  0x08012364       0x4c mas.o
                0x08012364                mmPause
 .text.mmResume
                0x080123b0       0x14 mas.o
                0x080123b0                mmResume
 .text.mmJinglePause
                0x080123c4       0x54 mas.o
                0x080123c4                mmJinglePause
 .text.mmJingleResume
                0x08012418       0x14 mas.o
                0x08012418                mmJingleResume
 .text.mmActive
                0x0801242c        0xc mas.o
                0x0801242c                mmActive
 .text.mmJingleActive
                0x08012438        0xc mas.o
                0x08012438                mmJingleActive
 .text.mmSetModuleVolume
                0x08012444       0x14 mas.o
                0x08012444                mmSetModuleVolume
 .text.mmSetJingleVolume
                0x08012458       0x14 mas.o
                0x08012458                mmSetJingleVolume
 .text.mmStop   0x0801246c       0x34 mas.o
                0x0801246c                mmStop
 .text.mmJingleStop
                0x080124a0       0x2c mas.o
                0x080124a0                mmJingleStop
 .text.mmGetPosition
                0x080124cc        0xc mas.o
                0x080124cc                mmGetPosition
 .text.mmSetModuleTempo
                0x080124d8       0x54 mas.o
                0x080124d8                mmSetModuleTempo
 .text.mmPlayMAS
                0x0801252c      0x104 mas.o
                0x0801252c                mmPlayMAS
 .text.mmJingleStart
                0x08012630       0x30 mas.o
                0x08012630                mmJingleStart
 .text.mmStart  0x08012660       0x30 mas.o
                0x08012660                mmStart
 .text.mmSetModulePitch
                0x08012690       0x20 mas.o
                0x08012690                mmSetModulePitch
 .text.mpp_Process_VolumeCommand
                0x080126b0      0x378 mas.o
                0x080126b0                mpp_Process_VolumeCommand
 .text.mmSetPositionEx
                0x08012a28       0x24 mas.o
                0x08012a28                mmSetPositionEx
 .text.mpp_Process_Effect
                0x08012a4c      0x750 mas.o
                0x08012a4c                mpp_Process_Effect
 .text.mpp_Update_ACHN_notest
                0x0801319c      0x4cc mas.o
                0x0801319c                mpp_Update_ACHN_notest
 .text.mppUpdateSub
                0x08013668       0x64 mas.o
                0x08013668                mppUpdateSub
 .text.mmInit   0x080136cc       0xa8 main_gba.o
                0x080136cc                mmInit
 .text.mmEnd    0x08013774       0x2c main_gba.o
                0x08013774                mmEnd
 .text.mmFrame  0x080137a0       0xa4 main_gba.o
                0x080137a0                mmFrame
 .text.mmGetModuleCount
                0x08013844        0xc main_gba.o
                0x08013844                mmGetModuleCount
 .text.mmGetSampleCount
                0x08013850        0xc main_gba.o
                0x08013850                mmGetSampleCount
 .text.mmMixerSetPan
                0x0801385c       0x10 mixer.o
                0x0801385c                mmMixerSetPan
 .text.mmMixerMulFreq
                0x0801386c       0x18 mixer.o
                0x0801386c                mmMixerMulFreq
 .text.mmMixerStopChannel
                0x08013884       0x14 mixer.o
                0x08013884                mmMixerStopChannel
 .text.mmMixerInit
                0x08013898      0x130 mixer.o
                0x08013898                mmMixerInit
 .text.mmMixerEnd
                0x080139c8       0x30 mixer.o
                0x080139c8                mmMixerEnd
 .text.channel3_refresh_registers
                0x080139f8       0xc8 gbt_player.o
 .text.gbt_refresh_pattern_ptr
                0x08013ac0       0x80 gbt_player.o
 .text.gbt_ch1234_nop
                0x08013b40        0x4 gbt_player.o
 .text.gbt_ch1234_speed
                0x08013b44       0x10 gbt_player.o
 .text.gbt_ch1234_jump_pattern
                0x08013b54       0x14 gbt_player.o
 .text.gbt_ch1234_jump_position
                0x08013b68       0x1c gbt_player.o
 .text.gbt_ch1234_event
                0x08013b84       0x24 gbt_player.o
 .text.gbt_ch1_pan
                0x08013ba8       0x10 gbt_player.o
 .text.gbt_ch1_cut_note
                0x08013bb8       0x10 gbt_player.o
 .text.gbt_ch1_arpeggio
                0x08013bc8       0x38 gbt_player.o
 .text.gbt_ch1_vibrato
                0x08013c00       0x20 gbt_player.o
 .text.gbt_ch1_volslide
                0x08013c20       0x10 gbt_player.o
 .text.gbt_ch2_pan
                0x08013c30       0x10 gbt_player.o
 .text.gbt_ch2_cut_note
                0x08013c40       0x10 gbt_player.o
 .text.gbt_ch2_arpeggio
                0x08013c50       0x38 gbt_player.o
 .text.gbt_ch2_vibrato
                0x08013c88       0x20 gbt_player.o
 .text.gbt_ch2_volslide
                0x08013ca8       0x10 gbt_player.o
 .text.gbt_ch3_pan
                0x08013cb8       0x10 gbt_player.o
 .text.gbt_ch3_cut_note
                0x08013cc8       0x10 gbt_player.o
 .text.gbt_ch3_arpeggio
                0x08013cd8       0x38 gbt_player.o
 .text.gbt_ch3_vibrato
                0x08013d10       0x20 gbt_player.o
 .text.gbt_ch4_pan
                0x08013d30       0x14 gbt_player.o
 .text.gbt_ch4_cut_note
                0x08013d44       0x10 gbt_player.o
 .text.gbt_ch4_volslide
                0x08013d54       0x10 gbt_player.o
 .text.gbt_update_refresh_panning
                0x08013d64       0x54 gbt_player.o
 .text.gbt_run_startup_commands.part.0
                0x08013db8       0xc8 gbt_player.o
 .text.gbt_update_effects_internal
                0x08013e80      0x2cc gbt_player.o
 .text.gbt_play
                0x0801414c      0x1dc gbt_player.o
                0x0801414c                gbt_play
 .text.gbt_volume
                0x08014328       0x68 gbt_player.o
                0x08014328                gbt_volume
 .text.gbt_is_playing
                0x08014390        0xc gbt_player.o
                0x08014390                gbt_is_playing
 .text.gbt_pause
                0x0801439c       0x48 gbt_player.o
                0x0801439c                gbt_pause
 .text.gbt_loop
                0x080143e4        0xc gbt_player.o
                0x080143e4                gbt_loop
 .text.gbt_stop